$ date -R
Tue, 01 Oct 2024 08:28:22 +1000
$ git checkout master
Already on 'master'
$ git reset --hard stable
HEAD is now at 9852d85ec9d4 Linux 6.12-rc1
Merging origin/master (e32cde8d2bd7 Merge tag 'sched_ext-for-6.12-rc1-fixes-1' of git://git.kernel.org/pub/scm/linux/kernel/git/tj/sched_ext)
$ git merge -m Merge branch 'master' of git://git.kernel.org/pub/scm/linux/kernel/git/torvalds/linux.git origin/master
Updating 9852d85ec9d4..e32cde8d2bd7
Fast-forward (no commit created; -m option ignored)
 Documentation/core-api/folio_queue.rst       | 212 ++++++++++++++++++
 fs/afs/afs_vl.h                              |   9 -
 fs/afs/file.c                                |   1 +
 fs/afs/fs_operation.c                        |   2 +-
 fs/afs/fs_probe.c                            |   4 +-
 fs/afs/rotate.c                              |  11 +-
 fs/bcachefs/bcachefs_format.h                |   2 +-
 fs/cachefiles/namei.c                        |   7 +-
 fs/netfs/write_issue.c                       |  12 +-
 fs/pidfs.c                                   |   5 +-
 include/linux/folio_queue.h                  | 168 ++++++++++++++
 include/trace/events/netfs.h                 |   3 +-
 kernel/events/uprobes.c                      |   2 +-
 kernel/sched/ext.c                           | 320 ++++++++++++++-------------
 tools/sched_ext/include/scx/common.bpf.h     |  15 ++
 tools/sched_ext/include/scx/compat.bpf.h     |  19 ++
 tools/sched_ext/include/scx/user_exit_info.h |   4 +
 tools/sched_ext/scx_flatcg.bpf.c             |  32 ++-
 tools/sched_ext/scx_qmap.bpf.c               |  12 +-
 19 files changed, 648 insertions(+), 192 deletions(-)
 create mode 100644 Documentation/core-api/folio_queue.rst
Merging fixes/fixes (c216e09d8505 rust: cfi: fix `patchable-function-entry` starting version)
$ git merge -m Merge branch 'fixes' of git://git.kernel.org/pub/scm/linux/kernel/git/sfr/next-fixes.git fixes/fixes
Merge made by the 'ort' strategy.
 init/Kconfig | 2 +-
 1 file changed, 1 insertion(+), 1 deletion(-)
Merging vfs-brauner-fixes/vfs.fixes (f801850bc263 netfs: Fix the netfs_folio tracepoint to handle NULL mapping)
$ git merge -m Merge branch 'vfs.fixes' of git://git.kernel.org/pub/scm/linux/kernel/git/vfs/vfs.git vfs-brauner-fixes/vfs.fixes
Already up to date.
Merging fscrypt-current/for-current (256abd8e550c Linux 6.10-rc7)
$ git merge -m Merge branch 'for-current' of git://git.kernel.org/pub/scm/fs/fscrypt/linux.git fscrypt-current/for-current
Already up to date.
Merging fsverity-current/for-current (256abd8e550c Linux 6.10-rc7)
$ git merge -m Merge branch 'for-current' of git://git.kernel.org/pub/scm/fs/fsverity/linux.git fsverity-current/for-current
Already up to date.
Merging btrfs-fixes/next-fixes (a064948e242c Merge branch 'misc-6.12' into next-fixes)
$ git merge -m Merge branch 'next-fixes' of git://git.kernel.org/pub/scm/linux/kernel/git/kdave/linux.git btrfs-fixes/next-fixes
Merge made by the 'ort' strategy.
Merging vfs-fixes/fixes (678379e1d4f7 close_range(): fix the logics in descriptor table trimming)
$ git merge -m Merge branch 'fixes' of git://git.kernel.org/pub/scm/linux/kernel/git/viro/vfs.git vfs-fixes/fixes
Merge made by the 'ort' strategy.
 fs/file.c               | 93 ++++++++++++++++++-------------------------------
 include/linux/fdtable.h |  8 ++---
 kernel/fork.c           | 32 ++++++++---------
 3 files changed, 51 insertions(+), 82 deletions(-)
Merging erofs-fixes/fixes (98dd36c9fa08 erofs: ensure regular inodes for file-backed mounts)
$ git merge -m Merge branch 'fixes' of git://git.kernel.org/pub/scm/linux/kernel/git/xiang/erofs.git erofs-fixes/fixes
Merge made by the 'ort' strategy.
 fs/erofs/super.c | 13 ++++++++++---
 1 file changed, 10 insertions(+), 3 deletions(-)
Merging nfsd-fixes/nfsd-fixes (53e4e1755704 nfsd: nfsd_destroy_serv() must call svc_destroy() even if nfsd_startup_net() failed)
$ git merge -m Merge branch 'nfsd-fixes' of git://git.kernel.org/pub/scm/linux/kernel/git/cel/linux nfsd-fixes/nfsd-fixes
Auto-merging fs/nfsd/filecache.c
Auto-merging fs/nfsd/nfssvc.c
Merge made by the 'ort' strategy.
 fs/nfsd/filecache.c | 4 +++-
 fs/nfsd/nfssvc.c    | 6 +++---
 2 files changed, 6 insertions(+), 4 deletions(-)
Merging v9fs-fixes/fixes/next (684a64bf32b6 Merge tag 'nfs-for-6.12-1' of git://git.linux-nfs.org/projects/anna/linux-nfs)
$ git merge -m Merge branch 'fixes/next' of git://git.kernel.org/pub/scm/linux/kernel/git/ericvh/v9fs.git v9fs-fixes/fixes/next
Already up to date.
Merging overlayfs-fixes/ovl-fixes (77a28aa47687 ovl: relax WARN_ON in ovl_verify_area())
$ git merge -m Merge branch 'ovl-fixes' of git://git.kernel.org/pub/scm/linux/kernel/git/overlayfs/vfs.git overlayfs-fixes/ovl-fixes
Already up to date.
Merging bcachefs/for-next (87a3e08121cb bcachefs: Switch to memalloc_flags_do() for vmalloc allocations)
$ git merge -m Merge branch 'for-next' of git://evilpiepirate.org/bcachefs.git bcachefs/for-next
Auto-merging fs/bcachefs/fs.c
Merge made by the 'ort' strategy.
 Documentation/filesystems/bcachefs/CodingStyle.rst |  2 +-
 fs/bcachefs/acl.c                                  |  5 ++-
 fs/bcachefs/btree_cache.c                          |  3 +-
 fs/bcachefs/btree_iter.h                           | 48 ++++++++++++----------
 fs/bcachefs/btree_key_cache.c                      | 10 ++---
 fs/bcachefs/ec.c                                   | 12 +++---
 fs/bcachefs/fs.c                                   |  8 ----
 fs/bcachefs/xattr.c                                |  2 +-
 fs/bcachefs/xattr.h                                |  2 +-
 9 files changed, 46 insertions(+), 46 deletions(-)
Merging fscrypt/for-next (256abd8e550c Linux 6.10-rc7)
$ git merge -m Merge branch 'for-next' of git://git.kernel.org/pub/scm/fs/fscrypt/linux.git fscrypt/for-next
Already up to date.
Merging afs/afs-next (abcbd3bfbbfe afs: trace: Log afs_make_call(), including server address)
$ git merge -m Merge branch 'afs-next' of git://git.kernel.org/pub/scm/linux/kernel/git/dhowells/linux-fs.git afs/afs-next
Already up to date.
Merging btrfs/for-next (e7c10ac01f31 Merge branch 'for-next-next-v6.12-20240916' into for-next-20240916)
$ git merge -m Merge branch 'for-next' of git://git.kernel.org/pub/scm/linux/kernel/git/kdave/linux.git btrfs/for-next
Merge made by the 'ort' strategy.
 fs/btrfs/dev-replace.c | 2 ++
 fs/btrfs/fs.h          | 2 ++
 fs/btrfs/volumes.c     | 8 +++++---
 3 files changed, 9 insertions(+), 3 deletions(-)
Merging ceph/master (65e9f8429166 ceph: use struct_size() helper in __ceph_pool_perm_get())
$ git merge -m Merge branch 'master' of git://github.com/ceph/ceph-client.git ceph/master
Auto-merging fs/ceph/addr.c
Merge made by the 'ort' strategy.
 fs/ceph/addr.c | 2 +-
 1 file changed, 1 insertion(+), 1 deletion(-)
Merging cifs/for-next (bf8a36505e0f smb: client: stop flooding dmesg with automounts)
$ git merge -m Merge branch 'for-next' of git://git.samba.org/sfrench/cifs-2.6.git cifs/for-next
Merge made by the 'ort' strategy.
 fs/smb/client/cifs_unicode.c |  17 ++-
 fs/smb/client/cifsfs.c       |   4 +-
 fs/smb/client/cifsglob.h     |   1 +
 fs/smb/client/cifsproto.h    |   1 +
 fs/smb/client/connect.c      |   5 +-
 fs/smb/client/dfs.c          |   3 +-
 fs/smb/client/fs_context.h   |   2 +-
 fs/smb/client/inode.c        |   9 +-
 fs/smb/client/namespace.c    |   5 +-
 fs/smb/client/reparse.c      | 273 ++++++++++++++++++++++++++++++++++++++++---
 fs/smb/client/reparse.h      |   4 +-
 fs/smb/client/smb1ops.c      |   3 +-
 fs/smb/client/smb2file.c     |  21 ++--
 fs/smb/client/smb2inode.c    |  33 +++++-
 fs/smb/client/smb2pdu.c      |   4 +-
 fs/smb/client/smb2proto.h    |  10 +-
 fs/smb/common/smbfsctl.h     |   7 +-
 17 files changed, 348 insertions(+), 54 deletions(-)
Merging configfs/for-next (4425c1d9b44d configfs: improve item creation performance)
$ git merge -m Merge branch 'for-next' of git://git.infradead.org/users/hch/configfs.git configfs/for-next
Auto-merging fs/configfs/dir.c
Auto-merging fs/configfs/inode.c
Merge made by the 'ort' strategy.
 fs/configfs/configfs_internal.h |  4 ++--
 fs/configfs/dir.c               | 42 +++++++++++++++++++++++++++++++----------
 fs/configfs/inode.c             | 24 -----------------------
 3 files changed, 34 insertions(+), 36 deletions(-)
Merging dlm/next (652b0ae675fe dlm: add missing -ENOMEM if alloc_workqueue() fails)
$ git merge -m Merge branch 'next' of git://git.kernel.org/pub/scm/linux/kernel/git/teigland/linux-dlm.git dlm/next
Already up to date.
Merging erofs/dev (9852d85ec9d4 Linux 6.12-rc1)
$ git merge -m Merge branch 'dev' of git://git.kernel.org/pub/scm/linux/kernel/git/xiang/erofs.git erofs/dev
Already up to date.
Merging exfat/dev (cb7d85014fb1 MAINTAINERS: exfat: add myself as reviewer)
$ git merge -m Merge branch 'dev' of git://git.kernel.org/pub/scm/linux/kernel/git/linkinjeon/exfat.git exfat/dev
Already up to date.
Merging exportfs/exportfs-next (98f7e32f20d2 Linux 6.11)
$ git merge -m Merge branch 'exportfs-next' of git://git.kernel.org/pub/scm/linux/kernel/git/cel/linux exportfs/exportfs-next
Already up to date.
Merging ext3/for_next (802e492f2fda Merge fanotify HSM events implementation.)
$ git merge -m Merge branch 'for_next' of git://git.kernel.org/pub/scm/linux/kernel/git/jack/linux-fs.git ext3/for_next
Auto-merging fs/bcachefs/fs-io-pagecache.c
Auto-merging fs/bcachefs/fs.c
CONFLICT (content): Merge conflict in fs/bcachefs/fs.c
Auto-merging fs/btrfs/ioctl.c
Auto-merging fs/btrfs/super.c
Auto-merging fs/ext4/super.c
Auto-merging fs/namei.c
Auto-merging fs/notify/fanotify/fanotify_user.c
Auto-merging fs/notify/inotify/inotify_user.c
Auto-merging fs/xfs/xfs_file.c
Auto-merging fs/xfs/xfs_super.c
Auto-merging include/linux/fs.h
Auto-merging include/linux/mm.h
Auto-merging mm/filemap.c
CONFLICT (content): Merge conflict in mm/filemap.c
Auto-merging mm/memory.c
Auto-merging mm/nommu.c
Auto-merging mm/readahead.c
Auto-merging security/selinux/hooks.c
Resolved 'fs/bcachefs/fs.c' using previous resolution.
Resolved 'mm/filemap.c' using previous resolution.
Automatic merge failed; fix conflicts and then commit the result.
$ git commit --no-edit -v -a
[fs-next a35a706f51b2] Merge branch 'for_next' of git://git.kernel.org/pub/scm/linux/kernel/git/jack/linux-fs.git
$ git diff -M --stat --summary HEAD^..
 fs/bcachefs/fs-io-pagecache.c      |   4 ++
 fs/bcachefs/fs.c                   |   2 +-
 fs/btrfs/ioctl.c                   |   9 +++
 fs/btrfs/super.c                   |   3 +-
 fs/ext4/super.c                    |   6 +-
 fs/namei.c                         |   9 +++
 fs/notify/fanotify/fanotify.c      |  32 ++++++++--
 fs/notify/fanotify/fanotify.h      |  15 +++++
 fs/notify/fanotify/fanotify_user.c | 111 ++++++++++++++++++++++++++------
 fs/notify/fsnotify.c               |  39 ++++++++---
 fs/notify/inotify/inotify_user.c   |   2 +-
 fs/notify/mark.c                   |   8 ++-
 fs/xfs/xfs_file.c                  |   4 ++
 fs/xfs/xfs_super.c                 |   2 +-
 include/linux/fanotify.h           |  20 ++++--
 include/linux/fs.h                 |   1 +
 include/linux/fsnotify.h           |  58 +++++++++++++++--
 include/linux/fsnotify_backend.h   |  59 ++++++++++++++++-
 include/linux/mm.h                 |   1 +
 include/uapi/linux/fanotify.h      |  18 ++++++
 mm/filemap.c                       | 128 +++++++++++++++++++++++++++++++++++--
 mm/memory.c                        |  22 +++++++
 mm/nommu.c                         |   7 ++
 mm/readahead.c                     |  13 ++++
 security/selinux/hooks.c           |   3 +-
 25 files changed, 511 insertions(+), 65 deletions(-)
Merging ext4/dev (ff2beee206d2 ext4: convert EXT4_B2C(sbi->s_stripe) users to EXT4_NUM_B2C)
$ git merge -m Merge branch 'dev' of git://git.kernel.org/pub/scm/linux/kernel/git/tytso/ext4.git ext4/dev
Already up to date.
Merging f2fs/dev (684a64bf32b6 Merge tag 'nfs-for-6.12-1' of git://git.linux-nfs.org/projects/anna/linux-nfs)
$ git merge -m Merge branch 'dev' of git://git.kernel.org/pub/scm/linux/kernel/git/jaegeuk/f2fs.git f2fs/dev
Already up to date.
Merging fsverity/for-next (256abd8e550c Linux 6.10-rc7)
$ git merge -m Merge branch 'for-next' of git://git.kernel.org/pub/scm/fs/fsverity/linux.git fsverity/for-next
Already up to date.
Merging fuse/for-next (60fe2d7fa5c9 fuse: enable dynamic configuration of fuse max pages limit (FUSE_MAX_MAX_PAGES))
$ git merge -m Merge branch 'for-next' of git://git.kernel.org/pub/scm/linux/kernel/git/mszeredi/fuse.git fuse/for-next
Merge made by the 'ort' strategy.
 Documentation/admin-guide/sysctl/fs.rst | 10 +++++++++
 fs/fuse/Makefile                        |  1 +
 fs/fuse/fuse_i.h                        | 14 +++++++++---
 fs/fuse/inode.c                         | 11 ++++++++-
 fs/fuse/ioctl.c                         |  4 +++-
 fs/fuse/sysctl.c                        | 40 +++++++++++++++++++++++++++++++++
 6 files changed, 75 insertions(+), 5 deletions(-)
 create mode 100644 fs/fuse/sysctl.c
Merging gfs2/for-next (7c6f714d8847 gfs2: Fix unlinked inode cleanup)
$ git merge -m Merge branch 'for-next' of git://git.kernel.org/pub/scm/linux/kernel/git/gfs2/linux-gfs2.git gfs2/for-next
Merge made by the 'ort' strategy.
 fs/gfs2/glock.c  | 20 ++++++++++----------
 fs/gfs2/glock.h  |  1 +
 fs/gfs2/glops.c  |  9 ++++++++-
 fs/gfs2/incore.h |  2 +-
 fs/gfs2/inode.c  |  1 +
 fs/gfs2/rgrp.c   |  2 +-
 fs/gfs2/super.c  |  2 +-
 7 files changed, 23 insertions(+), 14 deletions(-)
Merging jfs/jfs-next (2b59ffad47db jfs: Fix uninit-value access of new_ea in ea_buffer)
$ git merge -m Merge branch 'jfs-next' of git://github.com/kleikamp/linux-shaggy.git jfs/jfs-next
Already up to date.
Merging ksmbd/ksmbd-for-next (9852d85ec9d4 Linux 6.12-rc1)
$ git merge -m Merge branch 'ksmbd-for-next' of https://github.com/smfrench/smb3-kernel.git ksmbd/ksmbd-for-next
Already up to date.
Merging nfs/linux-next (67784a74e258 Merge tag 'ata-6.11-rc7' of git://git.kernel.org/pub/scm/linux/kernel/git/libata/linux)
$ git merge -m Merge branch 'linux-next' of git://git.linux-nfs.org/projects/trondmy/nfs-2.6.git nfs/linux-next
Already up to date.
Merging nfs-anna/linux-next (68898131d2df nfs: Fix `make htmldocs` warnings in the localio documentation)
$ git merge -m Merge branch 'linux-next' of git://git.linux-nfs.org/projects/anna/linux-nfs.git nfs-anna/linux-next
Already up to date.
Merging nfsd/nfsd-next (dc947efe6ee6 NFSD: Remove unnecessary posix_acl_entry pointer initialization)
$ git merge -m Merge branch 'nfsd-next' of git://git.kernel.org/pub/scm/linux/kernel/git/cel/linux nfsd/nfsd-next
Merge made by the 'ort' strategy.
 fs/nfsd/nfs4acl.c                       |  2 --
 fs/nfsd/nfs4callback.c                  | 14 +++++++-------
 net/sunrpc/xprtrdma/svc_rdma_recvfrom.c |  8 +++++++-
 3 files changed, 14 insertions(+), 10 deletions(-)
Merging ntfs3/master (689ecd06ef8d fs/ntfs3: Rename ntfs3_setattr into ntfs_setattr)
$ git merge -m Merge branch 'master' of https://github.com/Paragon-Software-Group/linux-ntfs3.git ntfs3/master
Auto-merging fs/ntfs3/file.c
Auto-merging fs/ntfs3/inode.c
Auto-merging fs/ntfs3/ntfs_fs.h
Merge made by the 'ort' strategy.
 fs/ntfs3/attrib.c             |  96 ++++++++++++++++++---
 fs/ntfs3/file.c               | 196 ++++++++++++++++++++++++++++++------------
 fs/ntfs3/frecord.c            |  93 +++++++++++++++++---
 fs/ntfs3/fslog.c              |  19 +++-
 fs/ntfs3/inode.c              |  15 ++--
 fs/ntfs3/lib/lzx_decompress.c |   3 +-
 fs/ntfs3/lznt.c               |   3 +
 fs/ntfs3/namei.c              |   4 +-
 fs/ntfs3/ntfs_fs.h            |   8 +-
 fs/ntfs3/record.c             |  26 +++---
 fs/ntfs3/run.c                |   8 +-
 fs/ntfs3/super.c              |  57 ++++++------
 fs/ntfs3/xattr.c              |   2 +-
 13 files changed, 391 insertions(+), 139 deletions(-)
Merging orangefs/for-next (96319dacaf15 orangefs: Constify struct kobj_type)
$ git merge -m Merge branch 'for-next' of git://git.kernel.org/pub/scm/linux/kernel/git/hubcap/linux orangefs/for-next
Already up to date.
Merging overlayfs/overlayfs-next (6c4a5f964504 ovl: fail if trusted xattrs are needed but caller lacks permission)
$ git merge -m Merge branch 'overlayfs-next' of git://git.kernel.org/pub/scm/linux/kernel/git/overlayfs/vfs.git overlayfs/overlayfs-next
Already up to date.
Merging ubifs/next (92a286e90203 ubi: Fix ubi_init() ubiblock_exit() section mismatch)
$ git merge -m Merge branch 'next' of git://git.kernel.org/pub/scm/linux/kernel/git/rw/ubifs.git ubifs/next
Already up to date.
Merging v9fs/9p-next (79efebae4afc 9p: Avoid creating multiple slab caches with the same name)
$ git merge -m Merge branch '9p-next' of git://github.com/martinetd/linux v9fs/9p-next
Merge made by the 'ort' strategy.
 fs/9p/fid.c       |  5 ++---
 fs/9p/vfs_inode.c |  1 +
 net/9p/client.c   | 10 +++++++++-
 3 files changed, 12 insertions(+), 4 deletions(-)
Merging v9fs-ericvh/ericvh/for-next (684a64bf32b6 Merge tag 'nfs-for-6.12-1' of git://git.linux-nfs.org/projects/anna/linux-nfs)
$ git merge -m Merge branch 'ericvh/for-next' of git://git.kernel.org/pub/scm/linux/kernel/git/ericvh/v9fs.git v9fs-ericvh/ericvh/for-next
Already up to date.
Merging xfs/for-next (90fa22da6d6b xfs: ensure st_blocks never goes to zero during COW writes)
$ git merge -m Merge branch 'for-next' of git://git.kernel.org/pub/scm/fs/xfs/xfs-linux.git xfs/for-next
Already up to date.
Merging zonefs/for-next (c4b3c1332f55 zonefs: add support for FS_IOC_GETFSSYSFSPATH)
$ git merge -m Merge branch 'for-next' of git://git.kernel.org/pub/scm/linux/kernel/git/dlemoal/zonefs.git zonefs/for-next
Merge made by the 'ort' strategy.
 fs/zonefs/sysfs.c | 1 +
 1 file changed, 1 insertion(+)
Merging file-locks/locks-next (e0152e7481c6 Merge tag 'riscv-for-linus-6.6-mw1' of git://git.kernel.org/pub/scm/linux/kernel/git/riscv/linux)
$ git merge -m Merge branch 'locks-next' of git://git.kernel.org/pub/scm/linux/kernel/git/jlayton/linux.git file-locks/locks-next
Already up to date.
Merging iversion/iversion-next (e0152e7481c6 Merge tag 'riscv-for-linus-6.6-mw1' of git://git.kernel.org/pub/scm/linux/kernel/git/riscv/linux)
$ git merge -m Merge branch 'iversion-next' of git://git.kernel.org/pub/scm/linux/kernel/git/jlayton/linux.git iversion/iversion-next
Already up to date.
Merging vfs-brauner/vfs.all (26051352211f Merge branch 'vfs.mount.api' into vfs.all Signed-off-by: Christian Brauner <brauner@kernel.org>)
$ git merge -m Merge branch 'vfs.all' of git://git.kernel.org/pub/scm/linux/kernel/git/vfs/vfs.git vfs-brauner/vfs.all
Auto-merging Documentation/admin-guide/sysctl/fs.rst
Auto-merging fs/btrfs/super.c
CONFLICT (content): Merge conflict in fs/btrfs/super.c
Auto-merging fs/ext4/super.c
CONFLICT (content): Merge conflict in fs/ext4/super.c
Auto-merging fs/file.c
Auto-merging fs/xfs/xfs_file.c
Auto-merging fs/xfs/xfs_super.c
CONFLICT (content): Merge conflict in fs/xfs/xfs_super.c
Auto-merging include/linux/fs.h
CONFLICT (content): Merge conflict in include/linux/fs.h
Auto-merging mm/filemap.c
Resolved 'fs/btrfs/super.c' using previous resolution.
Resolved 'fs/ext4/super.c' using previous resolution.
Resolved 'fs/xfs/xfs_super.c' using previous resolution.
Resolved 'include/linux/fs.h' using previous resolution.
Automatic merge failed; fix conflicts and then commit the result.
$ git commit --no-edit -v -a
[fs-next 4092cace9830] Merge branch 'vfs.all' of git://git.kernel.org/pub/scm/linux/kernel/git/vfs/vfs.git
$ git diff -M --stat --summary HEAD^..
 Documentation/admin-guide/sysctl/fs.rst        |   5 +
 Documentation/filesystems/index.rst            |   1 +
 Documentation/filesystems/iomap/operations.rst |   2 +-
 Documentation/filesystems/multigrain-ts.rst    | 121 +++++++
 Documentation/filesystems/nfs/exporting.rst    |   7 -
 MAINTAINERS                                    |   1 +
 fs/adfs/super.c                                | 182 +++++-----
 fs/affs/super.c                                | 370 ++++++++++----------
 fs/attr.c                                      |  52 ++-
 fs/befs/linuxvfs.c                             | 193 +++++-----
 fs/btrfs/file.c                                |  25 +-
 fs/btrfs/super.c                               |   2 +-
 fs/dcache.c                                    |  12 +
 fs/eventpoll.c                                 |   6 +-
 fs/ext4/super.c                                |   3 +-
 fs/file.c                                      |   7 +
 fs/fs_parser.c                                 |   1 +
 fs/gfs2/export.c                               |   1 -
 fs/gfs2/file.c                                 |   2 +
 fs/hfs/super.c                                 | 335 ++++++++----------
 fs/hfsplus/hfsplus_fs.h                        |   4 +-
 fs/hfsplus/options.c                           | 257 +++++---------
 fs/hfsplus/super.c                             |  86 +++--
 fs/hpfs/super.c                                | 408 +++++++++++-----------
 fs/hugetlbfs/inode.c                           |  17 +-
 fs/inode.c                                     | 261 ++++++++++++--
 fs/iomap/buffered-io.c                         | 111 ++----
 fs/jfs/jfs_filsys.h                            |   1 +
 fs/jfs/super.c                                 | 465 +++++++++++++------------
 fs/lockd/svclock.c                             |   5 +-
 fs/nfsd/nfs4state.c                            |  19 +-
 fs/ocfs2/export.c                              |   1 -
 fs/ocfs2/file.c                                |   2 +
 fs/posix_acl.c                                 |  13 +-
 fs/read_write.c                                |   5 +-
 fs/remap_range.c                               |   7 +-
 fs/stat.c                                      |  42 ++-
 fs/ubifs/super.c                               | 463 +++++++++++-------------
 fs/xfs/libxfs/xfs_trans_inode.c                |   6 +-
 fs/xfs/xfs_aops.c                              |   4 +-
 fs/xfs/xfs_bmap_util.c                         |  10 +-
 fs/xfs/xfs_bmap_util.h                         |   2 +-
 fs/xfs/xfs_file.c                              | 146 +++++---
 fs/xfs/xfs_iomap.c                             |  65 ++--
 fs/xfs/xfs_iops.c                              |  10 +-
 fs/xfs/xfs_super.c                             |   3 +-
 include/linux/eventpoll.h                      |   2 +-
 include/linux/exportfs.h                       |  13 -
 include/linux/filelock.h                       |   5 +
 include/linux/fs.h                             |  36 +-
 include/linux/iomap.h                          |  20 +-
 include/linux/posix_acl.h                      |   4 +-
 include/trace/events/hugetlbfs.h               | 156 +++++++++
 include/trace/events/timestamp.h               | 124 +++++++
 mm/filemap.c                                   |   2 +
 mm/shmem.c                                     |   2 +-
 rust/bindings/bindings_helper.h                |   6 +
 rust/helpers/cred.c                            |  13 +
 rust/helpers/fs.c                              |  12 +
 rust/helpers/helpers.c                         |   3 +
 rust/helpers/security.c                        |  20 ++
 rust/helpers/task.c                            |  38 ++
 rust/kernel/cred.rs                            |  85 +++++
 rust/kernel/fs.rs                              |   8 +
 rust/kernel/fs/file.rs                         | 461 ++++++++++++++++++++++++
 rust/kernel/lib.rs                             |   3 +
 rust/kernel/security.rs                        |  74 ++++
 rust/kernel/sync.rs                            |   1 +
 rust/kernel/sync/lock.rs                       |  13 +-
 rust/kernel/sync/poll.rs                       | 121 +++++++
 rust/kernel/task.rs                            |  91 ++++-
 rust/kernel/types.rs                           |  21 ++
 72 files changed, 3326 insertions(+), 1749 deletions(-)
 create mode 100644 Documentation/filesystems/multigrain-ts.rst
 create mode 100644 include/trace/events/hugetlbfs.h
 create mode 100644 include/trace/events/timestamp.h
 create mode 100644 rust/helpers/cred.c
 create mode 100644 rust/helpers/fs.c
 create mode 100644 rust/helpers/security.c
 create mode 100644 rust/kernel/cred.rs
 create mode 100644 rust/kernel/fs.rs
 create mode 100644 rust/kernel/fs/file.rs
 create mode 100644 rust/kernel/security.rs
 create mode 100644 rust/kernel/sync/poll.rs
Merging vfs/for-next (de12c3391bce add struct fd constructors, get rid of __to_fd())
$ git merge -m Merge branch 'for-next' of git://git.kernel.org/pub/scm/linux/kernel/git/viro/vfs.git vfs/for-next
Already up to date.
Merging mm-hotfixes/mm-hotfixes-unstable (006032ce24b7 mseal: update mseal.rst)
$ git merge -m Merge branch 'mm-hotfixes-unstable' of git://git.kernel.org/pub/scm/linux/kernel/git/akpm/mm mm-hotfixes/mm-hotfixes-unstable
Auto-merging include/linux/fs.h
Auto-merging include/linux/security.h
Auto-merging security/security.c
Merge made by the 'ort' strategy.
 Documentation/userspace-api/mseal.rst  | 250 +++++++++++++++------------------
 drivers/dax/device.c                   |   2 +-
 fs/bcachefs/fs.c                       |  14 +-
 fs/inode.c                             |  10 +-
 include/linux/fs.h                     |   7 +-
 include/linux/sched.h                  |   4 +-
 include/linux/sched/mm.h               |  17 +--
 include/linux/security.h               |   4 +-
 kernel/kthread.c                       |   2 +
 mm/memory.c                            |  13 +-
 security/security.c                    |  10 +-
 tools/testing/selftests/mm/hmm-tests.c |   2 +-
 12 files changed, 163 insertions(+), 172 deletions(-)
Merging fs-current (686c59809995 Merge branch 'nfsd-fixes' of git://git.kernel.org/pub/scm/linux/kernel/git/cel/linux)
$ git merge -m Merge branch 'fs-current' of linux-next fs-current
Merge made by the 'ort' strategy.
 fs/erofs/super.c        | 13 +++++--
 fs/file.c               | 93 ++++++++++++++++++-------------------------------
 fs/nfsd/filecache.c     |  4 ++-
 fs/nfsd/nfssvc.c        |  6 ++--
 include/linux/fdtable.h |  8 ++---
 kernel/fork.c           | 32 ++++++++---------
 6 files changed, 67 insertions(+), 89 deletions(-)
Merging kbuild-current/fixes (4d46b5b623e0 kconfig: fix infinite loop in sym_calc_choice())
$ git merge -m Merge branch 'fixes' of git://git.kernel.org/pub/scm/linux/kernel/git/masahiroy/linux-kbuild.git kbuild-current/fixes
Merge made by the 'ort' strategy.
 scripts/Makefile.dtbs    |  4 +++-
 scripts/kconfig/parser.y | 10 ++++++++--
 2 files changed, 11 insertions(+), 3 deletions(-)
Merging arc-current/for-curr (e67572cd2204 Linux 6.9-rc6)
$ git merge -m Merge branch 'for-curr' of git://git.kernel.org/pub/scm/linux/kernel/git/vgupta/arc.git arc-current/for-curr
Already up to date.
Merging arm-current/fixes (0c66c6f4e21c ARM: 9359/1: flush: check if the folio is reserved for no-mapping addresses)
$ git merge -m Merge branch 'fixes' of git://git.kernel.org/pub/scm/linux/kernel/git/rmk/linux.git arm-current/fixes
Already up to date.
Merging arm64-fixes/for-next/fixes (c060f93253ca arm64: stacktrace: fix the usage of ftrace_graph_ret_addr())
$ git merge -m Merge branch 'for-next/fixes' of git://git.kernel.org/pub/scm/linux/kernel/git/arm64/linux arm64-fixes/for-next/fixes
Already up to date.
Merging arm-soc-fixes/arm/fixes (0e7af99aef5f Merge tag 'riscv-soc-fixes-for-v6.11-final' of https://git.kernel.org/pub/scm/linux/kernel/git/conor/linux into arm/fixes)
$ git merge -m Merge branch 'arm/fixes' of git://git.kernel.org/pub/scm/linux/kernel/git/soc/soc.git arm-soc-fixes/arm/fixes
Already up to date.
Merging davinci-current/davinci/for-current (9852d85ec9d4 Linux 6.12-rc1)
$ git merge -m Merge branch 'davinci/for-current' of git://git.kernel.org/pub/scm/linux/kernel/git/brgl/linux.git davinci-current/davinci/for-current
Already up to date.
Merging drivers-memory-fixes/fixes (9852d85ec9d4 Linux 6.12-rc1)
$ git merge -m Merge branch 'fixes' of https://git.kernel.org/pub/scm/linux/kernel/git/krzk/linux-mem-ctrl.git drivers-memory-fixes/fixes
Already up to date.
Merging sophgo-fixes/fixes (8400291e289e Linux 6.11-rc1)
$ git merge -m Merge branch 'fixes' of https://github.com/sophgo/linux.git sophgo-fixes/fixes
Already up to date.
Merging m68k-current/for-linus (b90fae5df917 m68k: defconfig: Update defconfigs for v6.11-rc1)
$ git merge -m Merge branch 'for-linus' of git://git.kernel.org/pub/scm/linux/kernel/git/geert/linux-m68k.git m68k-current/for-linus
Already up to date.
Merging powerpc-fixes/fixes (4b058c9f281f powerpc/vdso: allow r30 in vDSO code generation of getrandom)
$ git merge -m Merge branch 'fixes' of git://git.kernel.org/pub/scm/linux/kernel/git/powerpc/linux.git powerpc-fixes/fixes
Merge made by the 'ort' strategy.
 arch/powerpc/kernel/vdso/Makefile | 2 +-
 1 file changed, 1 insertion(+), 1 deletion(-)
Merging s390-fixes/fixes (98f7e32f20d2 Linux 6.11)
$ git merge -m Merge branch 'fixes' of git://git.kernel.org/pub/scm/linux/kernel/git/s390/linux.git s390-fixes/fixes
Already up to date.
Merging net/main (d505d3593b52 net: wwan: qcom_bam_dmux: Fix missing pm_runtime_disable())
$ git merge -m Merge branch 'main' of git://git.kernel.org/pub/scm/linux/kernel/git/netdev/net.git net/main
Merge made by the 'ort' strategy.
 drivers/net/ethernet/microchip/sparx5/sparx5_packet.c |  6 +++++-
 drivers/net/wwan/qcom_bam_dmux.c                      | 11 ++++++++---
 2 files changed, 13 insertions(+), 4 deletions(-)
Merging bpf/master (99a648c951ba selftests/bpf: Verify that sync_linked_regs preserves subreg_def)
$ git merge -m Merge branch 'master' of git://git.kernel.org/pub/scm/linux/kernel/git/bpf/bpf.git bpf/master
Merge made by the 'ort' strategy.
 kernel/bpf/ringbuf.c                               | 12 ++--
 kernel/bpf/verifier.c                              |  5 ++
 .../selftests/bpf/progs/verifier_scalar_ids.c      | 67 ++++++++++++++++++++++
 3 files changed, 78 insertions(+), 6 deletions(-)
Merging ipsec/master (645546a05b03 xfrm: policy: remove last remnants of pernet inexact list)
$ git merge -m Merge branch 'master' of git://git.kernel.org/pub/scm/linux/kernel/git/klassert/ipsec.git ipsec/master
Merge made by the 'ort' strategy.
 include/net/netns/xfrm.h |  1 -
 include/net/xfrm.h       | 28 +++++++++++++------------
 net/ipv4/xfrm4_policy.c  | 38 ++++++++++++++++------------------
 net/ipv6/xfrm6_policy.c  | 31 ++++++++++++++--------------
 net/xfrm/xfrm_device.c   | 11 +++++++---
 net/xfrm/xfrm_policy.c   | 53 ++++++++++++++++++++++++++++++++++--------------
 6 files changed, 94 insertions(+), 68 deletions(-)
Merging netfilter/main (10dbd23633f0 selftests: netfilter: Add missing return value)
$ git merge -m Merge branch 'main' of git://git.kernel.org/pub/scm/linux/kernel/git/netfilter/nf.git netfilter/main
Merge made by the 'ort' strategy.
 include/uapi/linux/netfilter/nf_tables.h           |  2 +-
 net/ipv4/netfilter/nf_dup_ipv4.c                   |  7 ++-
 net/ipv6/netfilter/nf_dup_ipv6.c                   |  7 ++-
 .../selftests/net/netfilter/conntrack_dump_flush.c |  1 +
 tools/testing/selftests/net/netfilter/nft_audit.sh | 57 +++++++++++-----------
 5 files changed, 41 insertions(+), 33 deletions(-)
Merging ipvs/main (10dbd23633f0 selftests: netfilter: Add missing return value)
$ git merge -m Merge branch 'main' of git://git.kernel.org/pub/scm/linux/kernel/git/horms/ipvs.git ipvs/main
Already up to date.
Merging wireless/for-next (d4cdc46ca16a wifi: iwlegacy: Fix "field-spanning write" warning in il_enqueue_hcmd())
$ git merge -m Merge branch 'for-next' of git://git.kernel.org/pub/scm/linux/kernel/git/wireless/wireless.git wireless/for-next
Merge made by the 'ort' strategy.
 drivers/net/wireless/intel/iwlegacy/common.c | 13 ++++++++++++-
 drivers/net/wireless/intel/iwlegacy/common.h | 12 ++++++++++++
 drivers/net/wireless/mediatek/mt76/mcu.c     |  7 +++++--
 drivers/net/wireless/realtek/rtw89/coex.c    |  2 ++
 4 files changed, 31 insertions(+), 3 deletions(-)
Merging ath/for-current (2f833e8948d6 Revert "wifi: ath11k: support hibernation")
$ git merge -m Merge branch 'for-current' of git://git.kernel.org/pub/scm/linux/kernel/git/ath/ath.git ath/for-current
Already up to date.
Merging wpan/master (09573b1cc76e net: ieee802154: mcr20a: Use IRQF_NO_AUTOEN flag in request_irq())
$ git merge -m Merge branch 'master' of git://git.kernel.org/pub/scm/linux/kernel/git/wpan/wpan.git wpan/master
Merge made by the 'ort' strategy.
 drivers/net/ieee802154/Kconfig  | 1 +
 drivers/net/ieee802154/mcr20a.c | 5 +----
 net/mac802154/scan.c            | 4 +++-
 3 files changed, 5 insertions(+), 5 deletions(-)
Merging rdma-fixes/for-rc (8400291e289e Linux 6.11-rc1)
$ git merge -m Merge branch 'for-rc' of git://git.kernel.org/pub/scm/linux/kernel/git/rdma/rdma.git rdma-fixes/for-rc
Already up to date.
Merging sound-current/for-linus (368e4663c557 ALSA: mixer_oss: Remove some incorrect kfree_const() usages)
$ git merge -m Merge branch 'for-linus' of git://git.kernel.org/pub/scm/linux/kernel/git/tiwai/sound.git sound-current/for-linus
Auto-merging sound/core/oss/mixer_oss.c
Auto-merging sound/core/pcm_native.c
Merge made by the 'ort' strategy.
 sound/aoa/codecs/onyx.c               | 2 +-
 sound/aoa/codecs/tas.c                | 2 +-
 sound/core/compress_offload.c         | 2 +-
 sound/core/oss/mixer_oss.c            | 4 ++--
 sound/core/oss/rate.c                 | 2 +-
 sound/core/pcm_native.c               | 2 +-
 sound/core/sound.c                    | 2 +-
 sound/pci/hda/cs35l41_hda_i2c.c       | 2 +-
 sound/pci/hda/patch_realtek.c         | 3 +++
 sound/pci/hda/tas2781_hda_i2c.c       | 2 +-
 sound/usb/quirks.c                    | 2 ++
 tools/testing/selftests/alsa/Makefile | 4 ++++
 12 files changed, 19 insertions(+), 10 deletions(-)
Merging sound-asoc-fixes/for-linus (a36614bf88cd ASoC: dt-bindings: renesas,rsnd: correct reg-names for R-Car Gen1)
$ git merge -m Merge branch 'for-linus' of git://git.kernel.org/pub/scm/linux/kernel/git/broonie/sound.git sound-asoc-fixes/for-linus
Merge made by the 'ort' strategy.
 Documentation/devicetree/bindings/sound/renesas,rsnd.yaml | 2 +-
 sound/soc/amd/acp/acp-sdw-sof-mach.c                      | 5 -----
 sound/soc/amd/yc/acp6x-mach.c                             | 7 +++++++
 sound/soc/atmel/mchp-pdmc.c                               | 3 +++
 sound/soc/codecs/cs35l45-tables.c                         | 2 +-
 sound/soc/codecs/cs35l45.h                                | 2 +-
 sound/soc/codecs/lpass-rx-macro.c                         | 2 +-
 sound/soc/soc-topology.c                                  | 4 ++--
 8 files changed, 16 insertions(+), 11 deletions(-)
Merging regmap-fixes/for-linus (e2fb1465f182 Merge remote-tracking branch 'regmap/for-6.11' into regmap-linus)
$ git merge -m Merge branch 'for-linus' of git://git.kernel.org/pub/scm/linux/kernel/git/broonie/regmap.git regmap-fixes/for-linus
Merge made by the 'ort' strategy.
Merging regulator-fixes/for-linus (fdeb154f578e Merge remote-tracking branch 'regulator/for-6.11' into regulator-linus)
$ git merge -m Merge branch 'for-linus' of git://git.kernel.org/pub/scm/linux/kernel/git/broonie/regulator.git regulator-fixes/for-linus
Merge made by the 'ort' strategy.
Merging spi-fixes/for-linus (9852d85ec9d4 Linux 6.12-rc1)
$ git merge -m Merge branch 'for-linus' of git://git.kernel.org/pub/scm/linux/kernel/git/broonie/spi.git spi-fixes/for-linus
Already up to date.
Merging pci-current/for-linus (9852d85ec9d4 Linux 6.12-rc1)
$ git merge -m Merge branch 'for-linus' of git://git.kernel.org/pub/scm/linux/kernel/git/pci/pci.git pci-current/for-linus
Already up to date.
Merging driver-core.current/driver-core-linus (ad46e8f95e93 Merge tag 'pm-6.12-rc1-2' of git://git.kernel.org/pub/scm/linux/kernel/git/rafael/linux-pm)
$ git merge -m Merge branch 'driver-core-linus' of git://git.kernel.org/pub/scm/linux/kernel/git/gregkh/driver-core.git driver-core.current/driver-core-linus
Already up to date.
Merging tty.current/tty-linus (9852d85ec9d4 Linux 6.12-rc1)
$ git merge -m Merge branch 'tty-linus' of git://git.kernel.org/pub/scm/linux/kernel/git/gregkh/tty.git tty.current/tty-linus
Already up to date.
Merging usb.current/usb-linus (9852d85ec9d4 Linux 6.12-rc1)
$ git merge -m Merge branch 'usb-linus' of git://git.kernel.org/pub/scm/linux/kernel/git/gregkh/usb.git usb.current/usb-linus
Already up to date.
Merging usb-serial-fixes/usb-linus (7d47d22444bb USB: serial: pl2303: add device id for Macrosilicon MS3020)
$ git merge -m Merge branch 'usb-linus' of git://git.kernel.org/pub/scm/linux/kernel/git/johan/usb-serial.git usb-serial-fixes/usb-linus
Already up to date.
Merging phy/fixes (9852d85ec9d4 Linux 6.12-rc1)
$ git merge -m Merge branch 'fixes' of git://git.kernel.org/pub/scm/linux/kernel/git/phy/linux-phy.git phy/fixes
Already up to date.
Merging staging.current/staging-linus (075dbe9f6e3c Merge tag 'soc-ep93xx-dt-6.12' of git://git.kernel.org/pub/scm/linux/kernel/git/soc/soc)
$ git merge -m Merge branch 'staging-linus' of git://git.kernel.org/pub/scm/linux/kernel/git/gregkh/staging.git staging.current/staging-linus
Already up to date.
Merging iio-fixes/fixes-togreg (d6bf6983b394 iio: pressure: sdp500: Add missing select CRC8)
$ git merge -m Merge branch 'fixes-togreg' of git://git.kernel.org/pub/scm/linux/kernel/git/jic23/iio.git iio-fixes/fixes-togreg
Merge made by the 'ort' strategy.
 .../devicetree/bindings/iio/dac/adi,ad5686.yaml    | 53 +++++++---------------
 .../devicetree/bindings/iio/dac/adi,ad5696.yaml    |  3 +-
 drivers/iio/accel/bma400_core.c                    |  3 +-
 drivers/iio/imu/bmi323/bmi323_core.c               | 23 +++++-----
 drivers/iio/light/opt3001.c                        |  4 ++
 drivers/iio/light/veml6030.c                       |  5 +-
 drivers/iio/pressure/Kconfig                       |  1 +
 7 files changed, 39 insertions(+), 53 deletions(-)
Merging counter-current/counter-current (9852d85ec9d4 Linux 6.12-rc1)
$ git merge -m Merge branch 'counter-current' of git://git.kernel.org/pub/scm/linux/kernel/git/wbg/counter.git counter-current/counter-current
Already up to date.
Merging char-misc.current/char-misc-linus (ad46e8f95e93 Merge tag 'pm-6.12-rc1-2' of git://git.kernel.org/pub/scm/linux/kernel/git/rafael/linux-pm)
$ git merge -m Merge branch 'char-misc-linus' of git://git.kernel.org/pub/scm/linux/kernel/git/gregkh/char-misc.git char-misc.current/char-misc-linus
Already up to date.
Merging soundwire-fixes/fixes (9852d85ec9d4 Linux 6.12-rc1)
$ git merge -m Merge branch 'fixes' of git://git.kernel.org/pub/scm/linux/kernel/git/vkoul/soundwire.git soundwire-fixes/fixes
Already up to date.
Merging thunderbolt-fixes/fixes (9852d85ec9d4 Linux 6.12-rc1)
$ git merge -m Merge branch 'fixes' of git://git.kernel.org/pub/scm/linux/kernel/git/westeri/thunderbolt.git thunderbolt-fixes/fixes
Already up to date.
Merging input-current/for-linus (358800b70250 ARM: spitz: fix compile error when matrix keypad driver is enabled)
$ git merge -m Merge branch 'for-linus' of git://git.kernel.org/pub/scm/linux/kernel/git/dtor/input.git input-current/for-linus
Already up to date.
Merging crypto-current/master (44ac4625ea00 crypto: powerpc/p10-aes-gcm - Disable CRYPTO_AES_GCM_P10)
$ git merge -m Merge branch 'master' of git://git.kernel.org/pub/scm/linux/kernel/git/herbert/crypto-2.6.git crypto-current/master
Already up to date.
Merging vfio-fixes/for-linus (5a88a3f67e37 vfio/pci: Init the count variable in collecting hot-reset devices)
$ git merge -m Merge branch 'for-linus' of git://github.com/awilliam/linux-vfio.git vfio-fixes/for-linus
Already up to date.
Merging kselftest-fixes/fixes (45a8897db67d selftests: exec: update gitignore for load_address)
$ git merge -m Merge branch 'fixes' of git://git.kernel.org/pub/scm/linux/kernel/git/shuah/linux-kselftest.git kselftest-fixes/fixes
Merge made by the 'ort' strategy.
 .../testing/selftests/clone3/clone3_cap_checkpoint_restore.c |  2 --
 tools/testing/selftests/core/.gitignore                      |  1 +
 tools/testing/selftests/exec/.gitignore                      |  3 ++-
 tools/testing/selftests/rtc/rtctest.c                        | 11 ++++++++++-
 tools/testing/selftests/timers/posix_timers.c                | 12 ++++++++----
 5 files changed, 21 insertions(+), 8 deletions(-)
Merging dmaengine-fixes/fixes (9852d85ec9d4 Linux 6.12-rc1)
$ git merge -m Merge branch 'fixes' of git://git.kernel.org/pub/scm/linux/kernel/git/vkoul/dmaengine.git dmaengine-fixes/fixes
Already up to date.
Merging backlight-fixes/for-backlight-fixes (1613e604df0c Linux 6.10-rc1)
$ git merge -m Merge branch 'for-backlight-fixes' of git://git.kernel.org/pub/scm/linux/kernel/git/lee/backlight.git backlight-fixes/for-backlight-fixes
Already up to date.
Merging mtd-fixes/mtd/fixes (bd92c1e07beb mtd: hyperbus: rpc-if: Add missing MODULE_DEVICE_TABLE)
$ git merge -m Merge branch 'mtd/fixes' of git://git.kernel.org/pub/scm/linux/kernel/git/mtd/linux.git mtd-fixes/mtd/fixes
Merge made by the 'ort' strategy.
 drivers/mtd/hyperbus/rpc-if.c | 7 +++++++
 1 file changed, 7 insertions(+)
Merging mfd-fixes/for-mfd-fixes (68f860426d50 mfd: axp20x: AXP717: Fix missing IRQ status registers range)
$ git merge -m Merge branch 'for-mfd-fixes' of git://git.kernel.org/pub/scm/linux/kernel/git/lee/mfd.git mfd-fixes/for-mfd-fixes
Already up to date.
Merging v4l-dvb-fixes/fixes (63de936b513f media: atomisp: Fix streaming no longer working on BYT / ISP2400 devices)
$ git merge -m Merge branch 'fixes' of git://git.linuxtv.org/media v4l-dvb-fixes/fixes
Already up to date.
Merging reset-fixes/reset/fixes (2cf596636607 reset: starfive: jh71x0: Fix accessing the empty member on JH7110 SoC)
$ git merge -m Merge branch 'reset/fixes' of https://git.pengutronix.de/git/pza/linux reset-fixes/reset/fixes
Merge made by the 'ort' strategy.
 drivers/reset/reset-npcm.c                     | 4 ++--
 drivers/reset/starfive/reset-starfive-jh71x0.c | 3 +++
 2 files changed, 5 insertions(+), 2 deletions(-)
Merging mips-fixes/mips-fixes (9852d85ec9d4 Linux 6.12-rc1)
$ git merge -m Merge branch 'mips-fixes' of git://git.kernel.org/pub/scm/linux/kernel/git/mips/linux.git mips-fixes/mips-fixes
Already up to date.
Merging at91-fixes/at91-fixes (e9408fa234fb MAINTAINERS: Update DTS path for ARM/Microchip (AT91) SoC)
$ git merge -m Merge branch 'at91-fixes' of git://git.kernel.org/pub/scm/linux/kernel/git/at91/linux.git at91-fixes/at91-fixes
Already up to date.
Merging omap-fixes/fixes (5062d9c0cbbc ARM: dts: omap3-n900: correct the accelerometer orientation)
$ git merge -m Merge branch 'fixes' of git://git.kernel.org/pub/scm/linux/kernel/git/khilman/linux-omap.git omap-fixes/fixes
Already up to date.
Merging kvm-fixes/master (59cbd4eea48f KVM: Remove HIGH_RES_TIMERS dependency)
$ git merge -m Merge branch 'master' of git://git.kernel.org/pub/scm/virt/kvm/kvm.git kvm-fixes/master
Already up to date.
Merging kvms390-fixes/master (cff59d8631e1 s390/uv: Panic for set and remove shared access UVC errors)
$ git merge -m Merge branch 'master' of git://git.kernel.org/pub/scm/linux/kernel/git/kvms390/linux.git kvms390-fixes/master
Already up to date.
Merging hwmon-fixes/hwmon (f5002abdef34 hwmon: (adt7475) Fix memory leak in adt7475_fan_pwm_config())
$ git merge -m Merge branch 'hwmon' of git://git.kernel.org/pub/scm/linux/kernel/git/groeck/linux-staging.git hwmon-fixes/hwmon
Merge made by the 'ort' strategy.
 drivers/hwmon/adt7475.c             | 3 +--
 drivers/hwmon/intel-m10-bmc-hwmon.c | 2 +-
 2 files changed, 2 insertions(+), 3 deletions(-)
Merging nvdimm-fixes/libnvdimm-fixes (d5240fa65db0 nvdimm/pmem: Set dax flag for all 'PFN_MAP' cases)
$ git merge -m Merge branch 'libnvdimm-fixes' of git://git.kernel.org/pub/scm/linux/kernel/git/nvdimm/nvdimm.git nvdimm-fixes/libnvdimm-fixes
Already up to date.
Merging cxl-fixes/fixes (98f7e32f20d2 Linux 6.11)
$ git merge -m Merge branch 'fixes' of git://git.kernel.org/pub/scm/linux/kernel/git/cxl/cxl.git cxl-fixes/fixes
Already up to date.
Merging dma-mapping-fixes/for-linus (75961ffb5cb3 swiotlb: initialise restricted pool list_head when SWIOTLB_DYNAMIC=y)
$ git merge -m Merge branch 'for-linus' of git://git.infradead.org/users/hch/dma-mapping.git dma-mapping-fixes/for-linus
Already up to date.
Merging drivers-x86-fixes/fixes (d6de45e3c6f3 platform/x86: asus-wmi: Disable OOBE experience on Zenbook S 16)
$ git merge -m Merge branch 'fixes' of git://git.kernel.org/pub/scm/linux/kernel/git/pdx86/platform-drivers-x86.git drivers-x86-fixes/fixes
Already up to date.
Merging samsung-krzk-fixes/fixes (a03c246d4ec8 clk: samsung: Fix out-of-bound access of of_match_node())
$ git merge -m Merge branch 'fixes' of git://git.kernel.org/pub/scm/linux/kernel/git/krzk/linux.git samsung-krzk-fixes/fixes
Merge made by the 'ort' strategy.
 drivers/clk/samsung/clk-exynosautov920.c | 1 +
 1 file changed, 1 insertion(+)
Merging pinctrl-samsung-fixes/fixes (9852d85ec9d4 Linux 6.12-rc1)
$ git merge -m Merge branch 'fixes' of git://git.kernel.org/pub/scm/linux/kernel/git/pinctrl/samsung.git pinctrl-samsung-fixes/fixes
Already up to date.
Merging devicetree-fixes/dt/linus (b739dffa5d57 of/irq: Prevent device address out-of-bounds read in interrupt map walk)
$ git merge -m Merge branch 'dt/linus' of git://git.kernel.org/pub/scm/linux/kernel/git/robh/linux.git devicetree-fixes/dt/linus
Already up to date.
Merging dt-krzk-fixes/fixes (9852d85ec9d4 Linux 6.12-rc1)
$ git merge -m Merge branch 'fixes' of git://git.kernel.org/pub/scm/linux/kernel/git/krzk/linux-dt.git dt-krzk-fixes/fixes
Already up to date.
Merging scsi-fixes/fixes (0f9592ae26ff scsi: ufs: ufs-mediatek: Add UFSHCD_QUIRK_BROKEN_LSDBS_CAP)
$ git merge -m Merge branch 'fixes' of git://git.kernel.org/pub/scm/linux/kernel/git/mkp/scsi.git scsi-fixes/fixes
Already up to date.
Merging drm-fixes/drm-fixes (9852d85ec9d4 Linux 6.12-rc1)
$ git merge -m Merge branch 'drm-fixes' of https://gitlab.freedesktop.org/drm/kernel.git drm-fixes/drm-fixes
Already up to date.
Merging drm-intel-fixes/for-linux-next-fixes (9852d85ec9d4 Linux 6.12-rc1)
$ git merge -m Merge branch 'for-linux-next-fixes' of https://gitlab.freedesktop.org/drm/i915/kernel drm-intel-fixes/for-linux-next-fixes
Already up to date.
Merging mmc-fixes/fixes (aea62c744a9a mmc: cqhci: Fix checking of CQHCI_HALT state)
$ git merge -m Merge branch 'fixes' of git://git.kernel.org/pub/scm/linux/kernel/git/ulfh/mmc.git mmc-fixes/fixes
Already up to date.
Merging rtc-fixes/rtc-fixes (8400291e289e Linux 6.11-rc1)
$ git merge -m Merge branch 'rtc-fixes' of git://git.kernel.org/pub/scm/linux/kernel/git/abelloni/linux.git rtc-fixes/rtc-fixes
Already up to date.
Merging gnss-fixes/gnss-linus (8400291e289e Linux 6.11-rc1)
$ git merge -m Merge branch 'gnss-linus' of git://git.kernel.org/pub/scm/linux/kernel/git/johan/gnss.git gnss-fixes/gnss-linus
Already up to date.
Merging hyperv-fixes/hyperv-fixes (895384881ec9 hv: vmbus: Constify struct kobj_type and struct attribute_group)
$ git merge -m Merge branch 'hyperv-fixes' of git://git.kernel.org/pub/scm/linux/kernel/git/hyperv/linux.git hyperv-fixes/hyperv-fixes
Already up to date.
Merging risc-v-fixes/fixes (7c1e5b9690b0 riscv: Disable preemption while handling PR_RISCV_CTX_SW_FENCEI_OFF)
$ git merge -m Merge branch 'fixes' of git://git.kernel.org/pub/scm/linux/kernel/git/riscv/linux.git risc-v-fixes/fixes
Already up to date.
Merging riscv-dt-fixes/riscv-dt-fixes (7d9d88890f04 MAINTAINERS: invert Misc RISC-V SoC Support's pattern)
$ git merge -m Merge branch 'riscv-dt-fixes' of git://git.kernel.org/pub/scm/linux/kernel/git/conor/linux.git riscv-dt-fixes/riscv-dt-fixes
Auto-merging MAINTAINERS
Auto-merging arch/riscv/boot/dts/starfive/jh7110-common.dtsi
Merge made by the 'ort' strategy.
 MAINTAINERS                                     | 10 ++++------
 arch/riscv/boot/dts/starfive/jh7110-common.dtsi |  6 ------
 2 files changed, 4 insertions(+), 12 deletions(-)
Merging riscv-soc-fixes/riscv-soc-fixes (61f2e8a3a941 riscv: dts: starfive: jh7110-common: Fix lower rate of CPUfreq by setting PLL0 rate to 1.5GHz)
$ git merge -m Merge branch 'riscv-soc-fixes' of git://git.kernel.org/pub/scm/linux/kernel/git/conor/linux.git riscv-soc-fixes/riscv-soc-fixes
Already up to date.
Merging fpga-fixes/fixes (1613e604df0c Linux 6.10-rc1)
$ git merge -m Merge branch 'fixes' of git://git.kernel.org/pub/scm/linux/kernel/git/fpga/linux-fpga.git fpga-fixes/fixes
Already up to date.
Merging spdx/spdx-linus (47ac09b91bef Linux 6.11-rc4)
$ git merge -m Merge branch 'spdx-linus' of git://git.kernel.org/pub/scm/linux/kernel/git/gregkh/spdx.git spdx/spdx-linus
Already up to date.
Merging gpio-brgl-fixes/gpio/for-current (3360d41f4ac4 gpio: davinci: fix lazy disable)
$ git merge -m Merge branch 'gpio/for-current' of git://git.kernel.org/pub/scm/linux/kernel/git/brgl/linux.git gpio-brgl-fixes/gpio/for-current
Merge made by the 'ort' strategy.
 drivers/gpio/gpio-davinci.c | 8 ++++----
 1 file changed, 4 insertions(+), 4 deletions(-)
Merging gpio-intel-fixes/fixes (9852d85ec9d4 Linux 6.12-rc1)
$ git merge -m Merge branch 'fixes' of git://git.kernel.org/pub/scm/linux/kernel/git/andy/linux-gpio-intel.git gpio-intel-fixes/fixes
Already up to date.
Merging pinctrl-intel-fixes/fixes (9852d85ec9d4 Linux 6.12-rc1)
$ git merge -m Merge branch 'fixes' of git://git.kernel.org/pub/scm/linux/kernel/git/pinctrl/intel.git pinctrl-intel-fixes/fixes
Already up to date.
Merging auxdisplay-fixes/fixes (9852d85ec9d4 Linux 6.12-rc1)
$ git merge -m Merge branch 'fixes' of git://git.kernel.org/pub/scm/linux/kernel/git/andy/linux-auxdisplay.git auxdisplay-fixes/fixes
Already up to date.
Merging kunit-fixes/kunit-fixes (9852d85ec9d4 Linux 6.12-rc1)
$ git merge -m Merge branch 'kunit-fixes' of git://git.kernel.org/pub/scm/linux/kernel/git/shuah/linux-kselftest.git kunit-fixes/kunit-fixes
Already up to date.
Merging memblock-fixes/fixes (8043832e2a12 memblock: use numa_valid_node() helper to check for invalid node ID)
$ git merge -m Merge branch 'fixes' of git://git.kernel.org/pub/scm/linux/kernel/git/rppt/memblock.git memblock-fixes/fixes
Already up to date.
Merging renesas-fixes/fixes (8c987693dc2d ARM: dts: renesas: rcar-gen2: Add missing #interrupt-cells to DA9063 nodes)
$ git merge -m Merge branch 'fixes' of git://git.kernel.org/pub/scm/linux/kernel/git/geert/renesas-devel.git renesas-fixes/fixes
Already up to date.
Merging perf-current/perf-tools (de5cb0dcb74c Merge branch 'address-masking')
$ git merge -m Merge branch 'perf-tools' of git://git.kernel.org/pub/scm/linux/kernel/git/perf/perf-tools perf-current/perf-tools
Already up to date.
Merging efi-fixes/urgent (ae835a96d72c x86/efistub: Revert to heap allocated boot_params for PE entrypoint)
$ git merge -m Merge branch 'urgent' of git://git.kernel.org/pub/scm/linux/kernel/git/efi/efi.git efi-fixes/urgent
Already up to date.
Merging zstd-fixes/zstd-linus (77618db34645 zstd: Fix array-index-out-of-bounds UBSAN warning)
$ git merge -m Merge branch 'zstd-linus' of https://github.com/terrelln/linux.git zstd-fixes/zstd-linus
Already up to date.
Merging battery-fixes/fixes (7c626ce4bae1 Linux 6.11-rc3)
$ git merge -m Merge branch 'fixes' of git://git.kernel.org/pub/scm/linux/kernel/git/sre/linux-power-supply.git battery-fixes/fixes
Already up to date.
Merging iommufd-fixes/for-rc (cf1e515c9a40 iommufd/selftest: Make dirty_ops static)
$ git merge -m Merge branch 'for-rc' of git://git.kernel.org/pub/scm/linux/kernel/git/jgg/iommufd.git iommufd-fixes/for-rc
Already up to date.
Merging rust-fixes/rust-fixes (4c66f8307ac0 cfi: encode cfi normalized integers + kasan/gcov bug in Kconfig)
$ git merge -m Merge branch 'rust-fixes' of https://github.com/Rust-for-Linux/linux.git rust-fixes/rust-fixes
Auto-merging init/Kconfig
Merge made by the 'ort' strategy.
 arch/Kconfig                  | 18 +++++++++++++++++-
 init/Kconfig                  |  3 ++-
 rust/bindgen_parameters       |  5 +++++
 rust/helpers/mutex.c          |  6 ++++++
 rust/kernel/lib.rs            |  2 +-
 rust/kernel/sync/locked_by.rs | 18 ++++++++++++++----
 6 files changed, 45 insertions(+), 7 deletions(-)
Merging w1-fixes/fixes (9852d85ec9d4 Linux 6.12-rc1)
$ git merge -m Merge branch 'fixes' of git://git.kernel.org/pub/scm/linux/kernel/git/krzk/linux-w1.git w1-fixes/fixes
Already up to date.
Merging pmdomain-fixes/fixes (9ec87c5957ea OPP: Fix support for required OPPs for multiple PM domains)
$ git merge -m Merge branch 'fixes' of git://git.kernel.org/pub/scm/linux/kernel/git/ulfh/linux-pm.git pmdomain-fixes/fixes
Already up to date.
Merging i2c-host-fixes/i2c/i2c-host-fixes (0c8d604dea43 i2c: xiic: Fix pm_runtime_set_suspended() with runtime pm enabled)
$ git merge -m Merge branch 'i2c/i2c-host-fixes' of git://git.kernel.org/pub/scm/linux/kernel/git/andi.shyti/linux.git i2c-host-fixes/i2c/i2c-host-fixes
Already up to date.
Merging sparc-fixes/for-linus (6613476e225e Linux 6.8-rc1)
$ git merge -m Merge branch 'for-linus' of git://git.kernel.org/pub/scm/linux/kernel/git/alarsson/linux-sparc.git sparc-fixes/for-linus
Already up to date.
Merging clk-fixes/clk-fixes (a4d89b11aca3 clk: qcom: clk-alpha-pll: Simplify the zonda_pll_adjust_l_val())
$ git merge -m Merge branch 'clk-fixes' of git://git.kernel.org/pub/scm/linux/kernel/git/clk/linux.git clk-fixes/clk-fixes
Already up to date.
Merging pwrseq-fixes/pwrseq/for-current (9852d85ec9d4 Linux 6.12-rc1)
$ git merge -m Merge branch 'pwrseq/for-current' of git://git.kernel.org/pub/scm/linux/kernel/git/brgl/linux.git pwrseq-fixes/pwrseq/for-current
Already up to date.
Merging thead-dt-fixes/thead-dt-fixes (8400291e289e Linux 6.11-rc1)
$ git merge -m Merge branch 'thead-dt-fixes' of https://github.com/pdp7/linux.git thead-dt-fixes/thead-dt-fixes
Already up to date.
Merging drm-misc-fixes/for-linux-next-fixes (abf201f6ce14 drm/sched: revert "Always increment correct scheduler score")
$ git merge -m Merge branch 'for-linux-next-fixes' of https://gitlab.freedesktop.org/drm/misc/kernel.git drm-misc-fixes/for-linux-next-fixes
Auto-merging MAINTAINERS
Auto-merging drivers/gpu/drm/display/drm_dp_mst_topology.c
Auto-merging drivers/gpu/drm/panthor/panthor_sched.c
Auto-merging drivers/gpu/drm/scheduler/sched_main.c
Auto-merging include/drm/gpu_scheduler.h
Merge made by the 'ort' strategy.
 Documentation/gpu/drm-kms-helpers.rst           |  4 ++--
 MAINTAINERS                                     |  2 ++
 drivers/firmware/sysfb.c                        |  4 +++-
 drivers/gpu/drm/display/drm_dp_mst_topology.c   | 10 ++++++++--
 drivers/gpu/drm/display/drm_hdmi_state_helper.c |  4 +---
 drivers/gpu/drm/drm_atomic_uapi.c               |  2 +-
 drivers/gpu/drm/drm_debugfs.c                   |  4 +---
 drivers/gpu/drm/panthor/panthor_sched.c         | 16 ++++++++++++++--
 drivers/gpu/drm/scheduler/sched_entity.c        | 14 +++++++++++---
 drivers/gpu/drm/scheduler/sched_main.c          |  7 ++-----
 drivers/gpu/drm/vboxvideo/hgsmi_base.c          | 10 +++++++++-
 drivers/gpu/drm/vboxvideo/vboxvideo.h           |  4 +---
 include/drm/gpu_scheduler.h                     |  2 +-
 include/linux/hdmi.h                            |  9 +++++++++
 14 files changed, 65 insertions(+), 27 deletions(-)
Merging mm-stable/mm-stable (9852d85ec9d4 Linux 6.12-rc1)
$ git merge -m Merge branch 'mm-stable' of git://git.kernel.org/pub/scm/linux/kernel/git/akpm/mm mm-stable/mm-stable
Already up to date.
Merging mm-nonmm-stable/mm-nonmm-stable (9852d85ec9d4 Linux 6.12-rc1)
$ git merge -m Merge branch 'mm-nonmm-stable' of git://git.kernel.org/pub/scm/linux/kernel/git/akpm/mm mm-nonmm-stable/mm-nonmm-stable
Already up to date.
Merging mm/mm-everything (ca0000653cab foo)
  4a01c512208d ("device-dax: correct pgoff align in dax_set_mapping()")
  69ff559c6da2 ("selftests/mm: fix incorrect buffer->mirror size in hmm2 double_map test")
  88ddf641ced2 ("mseal: update mseal.rst")
  8a09bd14c0de ("Revert "mm: introduce PF_MEMALLOC_NORECLAIM, PF_MEMALLOC_NOWARN"")
  8f237aa30997 ("bcachefs-do-not-use-pf_memalloc_noreclaim-fix")
  a3814c95320d ("kthread: Unpark only parked kthread")
  a4cdb1a19d52 ("bcachefs: do not use PF_MEMALLOC_NORECLAIM")
  d8e2dd43582b ("mm: avoid unconditional one-tick sleep when swapcache_prepare fails")
$ git merge -m Merge branch 'mm-everything' of git://git.kernel.org/pub/scm/linux/kernel/git/akpm/mm mm/mm-everything
Auto-merging fs/inode.c
Auto-merging fs/nfsd/filecache.c
Auto-merging kernel/events/uprobes.c
Auto-merging kernel/fork.c
Auto-merging mm/memory.c
Merge made by the 'ort' strategy.
 .mailmap                                           |   1 +
 Documentation/admin-guide/blockdev/zram.rst        |   2 +
 Documentation/admin-guide/cgroup-v2.rst            |   8 +
 Documentation/mm/split_page_table_lock.rst         |   6 +-
 arch/arm/mm/fault-armv.c                           |  53 ++-
 arch/powerpc/mm/pgtable.c                          |   2 +-
 arch/s390/include/asm/io.h                         |   2 +
 drivers/android/binder_alloc.c                     |   8 +-
 drivers/android/binder_alloc.h                     |   2 +-
 drivers/block/zram/zram_drv.c                      | 370 +++++++++++++++-----
 drivers/block/zram/zram_drv.h                      |   3 +-
 fs/dcache.c                                        |   4 +-
 fs/gfs2/quota.c                                    |   2 +-
 fs/inode.c                                         |   5 +-
 fs/nfs/nfs42xattr.c                                |   4 +-
 fs/nfsd/filecache.c                                |   5 +-
 fs/ocfs2/alloc.c                                   |   2 +-
 fs/ocfs2/quota.h                                   |   1 -
 fs/proc/base.c                                     |  26 +-
 fs/proc/kcore.c                                    |  36 +-
 fs/xfs/xfs_buf.c                                   |   2 -
 fs/xfs/xfs_qm.c                                    |   6 +-
 include/linux/huge_mm.h                            |   1 -
 include/linux/kasan.h                              |  12 +-
 include/linux/khugepaged.h                         |   2 -
 include/linux/ksm.h                                |   1 -
 include/linux/list_lru.h                           |  26 +-
 include/linux/mempolicy.h                          |   2 +-
 include/linux/mm.h                                 |   7 +-
 include/linux/mm_inline.h                          |  10 +
 include/linux/mm_types.h                           |  84 +++++
 include/linux/oom.h                                |   1 -
 include/linux/sched/coredump.h                     |  82 -----
 include/linux/shmem_fs.h                           |   6 +
 ipc/msg.c                                          |   2 +-
 kernel/crash_core.c                                |   6 +-
 kernel/events/uprobes.c                            |   1 -
 kernel/fork.c                                      |   6 +-
 kernel/resource.c                                  |  38 +-
 kernel/resource_kunit.c                            |  18 +-
 kernel/watchdog.c                                  |   3 +-
 lib/Kconfig.debug                                  |  11 +
 lib/devres.c                                       |   6 +-
 lib/maple_tree.c                                   |  11 +-
 lib/math/Makefile                                  |   3 +-
 lib/math/tests/Makefile                            |   1 +
 lib/math/tests/int_log_kunit.c                     |  75 ++++
 mm/cma.c                                           |   3 +-
 mm/damon/tests/vaddr-kunit.h                       |   2 +-
 mm/filemap.c                                       |   4 +-
 mm/huge_memory.c                                   |   3 +-
 mm/hugetlb_cgroup.c                                |  19 +
 mm/kasan/kasan_test_c.c                            |  31 ++
 mm/kasan/shadow.c                                  |  14 +-
 mm/khugepaged.c                                    |  31 +-
 mm/ksm.c                                           |   1 -
 mm/list_lru.c                                      | 384 ++++++++++-----------
 mm/maccess.c                                       |   6 +-
 mm/madvise.c                                       |  59 ++--
 mm/memcontrol.c                                    |  12 +-
 mm/memory-failure.c                                |   7 +
 mm/memory.c                                        |  26 +-
 mm/mempolicy.c                                     |   2 +-
 mm/migrate.c                                       |   1 +
 mm/mremap.c                                        |  11 +-
 mm/oom_kill.c                                      |   1 -
 mm/page_alloc.c                                    |  44 ++-
 mm/page_io.c                                       |   4 +
 mm/page_vma_mapped.c                               |  24 +-
 mm/percpu.c                                        |   2 +-
 mm/pgtable-generic.c                               |  41 ++-
 mm/process_vm_access.c                             |   4 +-
 mm/shmem.c                                         |  31 +-
 mm/truncate.c                                      | 103 +++---
 mm/userfaultfd.c                                   |  15 +-
 mm/vmalloc.c                                       |  34 +-
 mm/vmscan.c                                        |  12 +-
 mm/vmstat.c                                        |  12 +-
 mm/workingset.c                                    |  20 +-
 mm/zswap.c                                         |  12 +-
 scripts/spelling.txt                               |  31 ++
 tools/testing/selftests/damon/access_memory_even.c |   2 -
 tools/testing/selftests/mm/.gitignore              |   3 +
 .../selftests/mm/hugetlb_fault_after_madv.c        |  48 ++-
 84 files changed, 1340 insertions(+), 684 deletions(-)
 create mode 100644 lib/math/tests/int_log_kunit.c
Merging kbuild/for-next (684a64bf32b6 Merge tag 'nfs-for-6.12-1' of git://git.linux-nfs.org/projects/anna/linux-nfs)
$ git merge -m Merge branch 'for-next' of git://git.kernel.org/pub/scm/linux/kernel/git/masahiroy/linux-kbuild.git kbuild/for-next
Already up to date.
Merging clang-format/clang-format (c147f663b6a5 clang-format: Update with v6.11-rc1's `for_each` macro list)
$ git merge -m Merge branch 'clang-format' of https://github.com/ojeda/linux.git clang-format/clang-format
Already up to date.
Merging perf/perf-tools-next (b38c49d8296b perf/test: Speed up test case perf annotate basic tests)
$ git merge -m Merge branch 'perf-tools-next' of git://git.kernel.org/pub/scm/linux/kernel/git/perf/perf-tools-next.git perf/perf-tools-next
Merge made by the 'ort' strategy.
 tools/lib/perf/Documentation/Makefile              |   2 +-
 tools/perf/Documentation/perf-script-python.txt    |   2 +-
 tools/perf/arch/arm64/util/arm-spe.c               |   4 +-
 tools/perf/arch/x86/util/evlist.c                  |  74 +----
 tools/perf/arch/x86/util/evsel.c                   |  35 +-
 tools/perf/builtin-diff.c                          |   6 +-
 tools/perf/builtin-sched.c                         |  16 +-
 tools/perf/builtin-stat.c                          | 362 ++++++++++-----------
 .../arch/arm64/freescale/imx95/sys/metrics.json    |   8 +
 .../perf/scripts/python/Perf-Trace-Util/Context.c  |  11 +
 tools/perf/scripts/python/arm-cs-trace-disasm.py   | 127 ++++++--
 tools/perf/tests/parse-events.c                    |   2 +-
 tools/perf/tests/shell/annotate.sh                 |  10 +-
 tools/perf/tests/shell/stat.sh                     |  37 ++-
 tools/perf/tests/shell/stat_all_metricgroups.sh    |  36 +-
 tools/perf/tests/shell/stat_all_pmu.sh             |  52 ++-
 .../perf/tests/shell/test_arm_coresight_disasm.sh  |  65 ++++
 tools/perf/tests/shell/test_stat_intel_tpebs.sh    |  11 +-
 tools/perf/util/config.c                           |  22 ++
 tools/perf/util/config.h                           |   1 +
 tools/perf/util/cs-etm-decoder/cs-etm-decoder.c    |   7 +-
 tools/perf/util/cs-etm.c                           |  25 +-
 tools/perf/util/evlist.c                           |  65 ++--
 tools/perf/util/evlist.h                           |  13 +-
 tools/perf/util/evsel.c                            |  30 +-
 tools/perf/util/evsel.h                            |  22 +-
 tools/perf/util/mem-events.c                       |   8 +-
 tools/perf/util/metricgroup.c                      |   4 +-
 tools/perf/util/parse-events.c                     |  60 ++--
 tools/perf/util/parse-events.h                     |   8 +-
 tools/perf/util/parse-events.y                     |   2 +-
 tools/perf/util/pmu.c                              |   8 +-
 tools/perf/util/pmu.h                              |   3 +-
 tools/perf/util/stat-display.c                     | 109 +++++--
 tools/perf/util/stat-shadow.c                      |  14 +-
 tools/perf/util/stat.c                             |   2 +-
 tools/perf/util/symbol.c                           |   2 +-
 37 files changed, 756 insertions(+), 509 deletions(-)
 create mode 100755 tools/perf/tests/shell/test_arm_coresight_disasm.sh
Merging compiler-attributes/compiler-attributes (98f7e32f20d2 Linux 6.11)
$ git merge -m Merge branch 'compiler-attributes' of https://github.com/ojeda/linux.git compiler-attributes/compiler-attributes
Already up to date.
Merging dma-mapping/for-next (bfc4a245a794 dma-mapping: fix DMA API tracing for chained scatterlists)
$ git merge -m Merge branch 'for-next' of git://git.infradead.org/users/hch/dma-mapping.git dma-mapping/for-next
Already up to date.
Merging asm-generic/master (b82c1d235a30 syscalls: add back legacy __NR_nfsservctl macro)
$ git merge -m Merge branch 'master' of git://git.kernel.org/pub/scm/linux/kernel/git/arnd/asm-generic.git asm-generic/master
Already up to date.
Merging arc/for-next (0bb80ecc33a8 Linux 6.6-rc1)
$ git merge -m Merge branch 'for-next' of git://git.kernel.org/pub/scm/linux/kernel/git/vgupta/arc.git arc/for-next
Already up to date.
Merging arm/for-next (9016915e3c5f Merge branches 'amba', 'fixes' and 'misc' into for-next)
$ git merge -m Merge branch 'for-next' of git://git.kernel.org/pub/scm/linux/kernel/git/rmk/linux.git arm/for-next
Merge made by the 'ort' strategy.
Merging arm64/for-next/core (75078ba2b38a Merge branch 'for-next/timers' into for-next/core)
$ git merge -m Merge branch 'for-next/core' of git://git.kernel.org/pub/scm/linux/kernel/git/arm64/linux arm64/for-next/core
Already up to date.
Merging arm-perf/for-next/perf (7c626ce4bae1 Linux 6.11-rc3)
$ git merge -m Merge branch 'for-next/perf' of git://git.kernel.org/pub/scm/linux/kernel/git/will/linux.git arm-perf/for-next/perf
Already up to date.
Merging arm-soc/for-next (7c590fea8c11 soc: document merges)
$ git merge -m Merge branch 'for-next' of git://git.kernel.org/pub/scm/linux/kernel/git/soc/soc.git arm-soc/for-next
Merge made by the 'ort' strategy.
 arch/arm/arm-soc-for-next-contents.txt | 241 +++++++++++++++++++++++++++++++++
 1 file changed, 241 insertions(+)
 create mode 100644 arch/arm/arm-soc-for-next-contents.txt
Merging amlogic/for-next (c0f04972d35b Merge branch 'v6.13/arm-dt' into for-next)
$ git merge -m Merge branch 'for-next' of git://git.kernel.org/pub/scm/linux/kernel/git/amlogic/linux.git amlogic/for-next
Merge made by the 'ort' strategy.
 arch/arm/boot/dts/amlogic/Makefile                |   2 -
 arch/arm/boot/dts/amlogic/meson6-atv1200.dts      |  33 ----
 arch/arm/boot/dts/amlogic/meson6.dtsi             |  73 --------
 arch/arm/boot/dts/amlogic/meson8-minix-neo-x8.dts |   5 +-
 arch/arm/boot/dts/amlogic/meson8.dtsi             |   8 +-
 arch/arm/boot/dts/amlogic/meson8b-ec100.dts       |   8 +-
 arch/arm/boot/dts/amlogic/meson8b-mxq.dts         |   2 +-
 arch/arm/boot/dts/amlogic/meson8b-odroidc1.dts    |   4 +-
 arch/arm/boot/dts/amlogic/meson8b.dtsi            |   8 +-
 arch/arm/boot/dts/amlogic/meson8m2-mxiii-plus.dts |   2 +-
 arch/arm64/boot/dts/amlogic/meson-a1.dtsi         | 216 ++++++++++++++++++++++
 arch/arm64/boot/dts/amlogic/meson-g12-common.dtsi |   2 +-
 12 files changed, 238 insertions(+), 125 deletions(-)
 delete mode 100644 arch/arm/boot/dts/amlogic/meson6-atv1200.dts
 delete mode 100644 arch/arm/boot/dts/amlogic/meson6.dtsi
Merging asahi-soc/asahi-soc/for-next (ffc253263a13 Linux 6.6)
$ git merge -m Merge branch 'asahi-soc/for-next' of https://github.com/AsahiLinux/linux.git asahi-soc/asahi-soc/for-next
Already up to date.
Merging aspeed/for-next (b4c322c2783a ARM: dts: aspeed: catalina: Update io expander line names)
$ git merge -m Merge branch 'for-next' of git://git.kernel.org/pub/scm/linux/kernel/git/joel/bmc.git aspeed/for-next
Already up to date.
Merging at91/at91-next (ee735afc2dae Merge branch 'at91-soc' into at91-next)
$ git merge -m Merge branch 'at91-next' of git://git.kernel.org/pub/scm/linux/kernel/git/at91/linux.git at91/at91-next
Merge made by the 'ort' strategy.
 .../bindings/soc/microchip/atmel,at91rm9200-tcb.yaml | 20 +++++++++++++-------
 1 file changed, 13 insertions(+), 7 deletions(-)
Merging broadcom/next (dd6a4d9790d0 Merge branch 'soc/next' into next)
$ git merge -m Merge branch 'next' of https://github.com/Broadcom/stblinux.git broadcom/next
Auto-merging arch/arm/configs/multi_v7_defconfig
Merge made by the 'ort' strategy.
 arch/arm/Kconfig.debug              | 12 +++++++++---
 arch/arm/configs/multi_v7_defconfig |  3 +++
 arch/arm/mach-bcm/Makefile          |  1 +
 arch/arm/mach-bcm/board_bcmbca.c    | 31 +++++++++++++++++++++++++++++++
 4 files changed, 44 insertions(+), 3 deletions(-)
 create mode 100644 arch/arm/mach-bcm/board_bcmbca.c
Merging davinci/davinci/for-next (9852d85ec9d4 Linux 6.12-rc1)
$ git merge -m Merge branch 'davinci/for-next' of git://git.kernel.org/pub/scm/linux/kernel/git/brgl/linux.git davinci/davinci/for-next
Already up to date.
Merging drivers-memory/for-next (89e6684538f5 dt-bindings: memory-controllers: fsl,ifc: split child node differences)
$ git merge -m Merge branch 'for-next' of https://git.kernel.org/pub/scm/linux/kernel/git/krzk/linux-mem-ctrl.git drivers-memory/for-next
Merge made by the 'ort' strategy.
 .../bindings/memory-controllers/fsl/fsl,ifc.yaml   | 32 ++++++++++++++++++----
 1 file changed, 27 insertions(+), 5 deletions(-)
Merging imx-mxs/for-next (79e1b8171ca4 Merge branch 'imx/defconfig' into for-next)
$ git merge -m Merge branch 'for-next' of git://git.kernel.org/pub/scm/linux/kernel/git/shawnguo/linux.git imx-mxs/for-next
Merge made by the 'ort' strategy.
Merging mediatek/for-next (4f4b3263feee Merge branch 'v6.11-next/soc' into for-next)
$ git merge -m Merge branch 'for-next' of git://git.kernel.org/pub/scm/linux/kernel/git/mediatek/linux.git mediatek/for-next
Merge made by the 'ort' strategy.
Merging mvebu/for-next (dea56c781ed3 ARM: dove: Drop a write-only variable)
$ git merge -m Merge branch 'for-next' of git://git.kernel.org/pub/scm/linux/kernel/git/gclement/mvebu.git mvebu/for-next
Already up to date.
Merging omap/for-next (ba1b153f6d27 Merge branch 'omap-for-v6.12/drivers' into tmp/omap-next-20240904.164705)
$ git merge -m Merge branch 'for-next' of git://git.kernel.org/pub/scm/linux/kernel/git/khilman/linux-omap.git omap/for-next
Merge made by the 'ort' strategy.
Merging qcom/for-next (2adcf3941db7 Merge branches 'arm32-for-6.12', 'arm64-defconfig-fixes-for-6.11', 'arm64-defconfig-for-6.12', 'arm64-fixes-for-6.11', 'arm64-for-6.12', 'clk-fixes-for-6.11', 'clk-for-6.12', 'drivers-fixes-for-6.11' and 'drivers-for-6.12' into for-next)
$ git merge -m Merge branch 'for-next' of git://git.kernel.org/pub/scm/linux/kernel/git/qcom/linux.git qcom/for-next
Merge made by the 'ort' strategy.
 arch/arm64/boot/dts/qcom/msm8939.dtsi | 2 +-
 1 file changed, 1 insertion(+), 1 deletion(-)
Merging renesas/next (9852d85ec9d4 Linux 6.12-rc1)
$ git merge -m Merge branch 'next' of git://git.kernel.org/pub/scm/linux/kernel/git/geert/renesas-devel.git renesas/next
Already up to date.
Merging reset/reset/next (5b93105afcdc reset: amlogic: add auxiliary reset driver support)
$ git merge -m Merge branch 'reset/next' of https://git.pengutronix.de/git/pza/linux reset/reset/next
Merge made by the 'ort' strategy.
 drivers/reset/Kconfig                              |  15 +-
 drivers/reset/Makefile                             |   3 +-
 drivers/reset/amlogic/Kconfig                      |  27 ++++
 drivers/reset/amlogic/Makefile                     |   4 +
 .../reset/{ => amlogic}/reset-meson-audio-arb.c    |   0
 drivers/reset/amlogic/reset-meson-aux.c            | 136 ++++++++++++++++++
 drivers/reset/amlogic/reset-meson-common.c         | 142 ++++++++++++++++++
 drivers/reset/amlogic/reset-meson.c                | 105 ++++++++++++++
 drivers/reset/amlogic/reset-meson.h                |  28 ++++
 drivers/reset/reset-meson.c                        | 159 ---------------------
 include/soc/amlogic/reset-meson-aux.h              |  23 +++
 11 files changed, 467 insertions(+), 175 deletions(-)
 create mode 100644 drivers/reset/amlogic/Kconfig
 create mode 100644 drivers/reset/amlogic/Makefile
 rename drivers/reset/{ => amlogic}/reset-meson-audio-arb.c (100%)
 create mode 100644 drivers/reset/amlogic/reset-meson-aux.c
 create mode 100644 drivers/reset/amlogic/reset-meson-common.c
 create mode 100644 drivers/reset/amlogic/reset-meson.c
 create mode 100644 drivers/reset/amlogic/reset-meson.h
 delete mode 100644 drivers/reset/reset-meson.c
 create mode 100644 include/soc/amlogic/reset-meson-aux.h
Merging rockchip/for-next (a54b791f412f Merge branch 'v6.13-armsoc/dts64' into for-next)
$ git merge -m Merge branch 'for-next' of git://git.kernel.org/pub/scm/linux/kernel/git/mmind/linux-rockchip.git rockchip/for-next
Merge made by the 'ort' strategy.
 .../devicetree/bindings/arm/rockchip.yaml          |   12 +
 arch/arm64/boot/dts/rockchip/Makefile              |    2 +
 arch/arm64/boot/dts/rockchip/px30-ringneck.dtsi    |   35 +-
 arch/arm64/boot/dts/rockchip/rk3399-eaidk-610.dts  |    2 +-
 arch/arm64/boot/dts/rockchip/rk3399-puma.dtsi      |   24 +-
 .../dts/rockchip/rk3399-sapphire-excavator.dts     |    2 +-
 arch/arm64/boot/dts/rockchip/rk3568-radxa-e25.dts  |    1 +
 .../arm64/boot/dts/rockchip/rk3588-armsom-lm7.dtsi |  455 ++++++++
 arch/arm64/boot/dts/rockchip/rk3588-armsom-w3.dts  |  408 +++++++
 .../boot/dts/rockchip/rk3588-base-pinctrl.dtsi     |  271 ++++-
 arch/arm64/boot/dts/rockchip/rk3588-base.dtsi      |   20 +-
 arch/arm64/boot/dts/rockchip/rk3588-jaguar.dts     |   25 +-
 .../boot/dts/rockchip/rk3588-orangepi-5-plus.dts   |   30 +
 arch/arm64/boot/dts/rockchip/rk3588-rock-5b.dts    |    4 +-
 arch/arm64/boot/dts/rockchip/rk3588-tiger.dtsi     |   23 +-
 .../arm64/boot/dts/rockchip/rk3588-turing-rk1.dtsi |   74 +-
 arch/arm64/boot/dts/rockchip/rk3588s-evb1-v10.dts  | 1170 ++++++++++++++++++++
 .../boot/dts/rockchip/rk3588s-khadas-edge2.dts     |   16 +
 arch/arm64/boot/dts/rockchip/rk3588s-rock-5a.dts   |    6 +-
 19 files changed, 2494 insertions(+), 86 deletions(-)
 create mode 100644 arch/arm64/boot/dts/rockchip/rk3588-armsom-lm7.dtsi
 create mode 100644 arch/arm64/boot/dts/rockchip/rk3588-armsom-w3.dts
 create mode 100644 arch/arm64/boot/dts/rockchip/rk3588s-evb1-v10.dts
Merging samsung-krzk/for-next (fc520ea5881b Merge branches 'next/clk' and 'next/soc' into for-next)
$ git merge -m Merge branch 'for-next' of git://git.kernel.org/pub/scm/linux/kernel/git/krzk/linux.git samsung-krzk/for-next
Merge made by the 'ort' strategy.
 drivers/clk/samsung/clk-exynos-audss.c   |  2 +-
 drivers/clk/samsung/clk-exynos3250.c     |  2 +-
 drivers/clk/samsung/clk-exynos4.c        |  2 +-
 drivers/clk/samsung/clk-exynos4412-isp.c |  2 +-
 drivers/clk/samsung/clk-exynos5250.c     |  2 +-
 drivers/clk/samsung/clk-exynos5260.c     |  4 ++--
 drivers/clk/samsung/clk-exynos5410.c     |  2 +-
 drivers/clk/samsung/clk-exynos5420.c     |  6 +++---
 drivers/clk/samsung/clk-exynos7.c        |  2 +-
 drivers/clk/samsung/clk-fsd.c            | 23 ++++++++++++++++-------
 drivers/clk/samsung/clk-s3c64xx.c        |  2 +-
 drivers/clk/samsung/clk-s5pv210-audss.c  |  2 +-
 drivers/clk/samsung/clk.c                |  2 +-
 include/dt-bindings/clock/fsd-clk.h      |  7 -------
 include/linux/platform_data/asoc-s3c.h   |  2 --
 include/linux/platform_data/hwmon-s3c.h  | 10 ----------
 16 files changed, 31 insertions(+), 41 deletions(-)
Merging scmi/for-linux-next (646a799a3f96 Merge branches 'for-next/ffa/fixes' and 'for-next/scmi/updates' of ssh://gitolite.kernel.org/pub/scm/linux/kernel/git/sudeep.holla/linux into for-linux-next)
$ git merge -m Merge branch 'for-linux-next' of git://git.kernel.org/pub/scm/linux/kernel/git/sudeep.holla/linux.git scmi/for-linux-next
Merge made by the 'ort' strategy.
 Documentation/devicetree/bindings/sram/sram.yaml |  6 ++
 drivers/firmware/arm_ffa/driver.c                | 11 +++-
 drivers/firmware/arm_scmi/common.h               | 32 ++++++++--
 drivers/firmware/arm_scmi/shmem.c                | 78 +++++++++++++++++++++---
 drivers/firmware/arm_scmi/transports/mailbox.c   | 13 ++--
 drivers/firmware/arm_scmi/transports/optee.c     | 11 +++-
 drivers/firmware/arm_scmi/transports/smc.c       | 11 +++-
 7 files changed, 138 insertions(+), 24 deletions(-)
Merging sophgo/for-next (4ea8511c034b riscv: dts: sophgo: cv1812h: add pinctrl support)
$ git merge -m Merge branch 'for-next' of https://github.com/sophgo/linux.git sophgo/for-next
Merge made by the 'ort' strategy.
 arch/riscv/boot/dts/sophgo/cv1800b-milkv-duo.dts | 49 ++++++++++++++++++++++++
 arch/riscv/boot/dts/sophgo/cv1800b.dtsi          | 10 +++++
 arch/riscv/boot/dts/sophgo/cv1812h.dtsi          | 10 +++++
 3 files changed, 69 insertions(+)
Merging stm32/stm32-next (b14c9f6bd0ba ARM: dts: stm32: Use SAI to generate bit and frame clock on STM32MP15xx DHCOM PDK2)
$ git merge -m Merge branch 'stm32-next' of git://git.kernel.org/pub/scm/linux/kernel/git/atorgue/stm32.git stm32/stm32-next
Merge made by the 'ort' strategy.
 arch/arm/boot/dts/st/stm32mp151.dtsi | 2 ++
 1 file changed, 2 insertions(+)
Merging sunxi/sunxi/for-next (9852d85ec9d4 Linux 6.12-rc1)
$ git merge -m Merge branch 'sunxi/for-next' of git://git.kernel.org/pub/scm/linux/kernel/git/sunxi/linux.git sunxi/sunxi/for-next
Already up to date.
Merging tee/next (cd88a296582c Merge branch 'optee_notif_wait_timeout_for_v6.11' into next)
$ git merge -m Merge branch 'next' of https://git.linaro.org/people/jens.wiklander/linux-tee.git tee/next
Merge made by the 'ort' strategy.
Merging tegra/for-next (6726d2c6a157 Merge branch for-6.12/arm64/defconfig into for-next)
$ git merge -m Merge branch 'for-next' of git://git.kernel.org/pub/scm/linux/kernel/git/tegra/linux.git tegra/for-next
Merge made by the 'ort' strategy.
Merging thead-dt/thead-dt-for-next (2d98fea7491a riscv: dts: thead: change TH1520 SPI node to use clock controller)
$ git merge -m Merge branch 'thead-dt-for-next' of https://github.com/pdp7/linux.git thead-dt/thead-dt-for-next
Already up to date.
Merging ti/ti-next (9852d85ec9d4 Linux 6.12-rc1)
$ git merge -m Merge branch 'ti-next' of git://git.kernel.org/pub/scm/linux/kernel/git/ti/linux.git ti/ti-next
Already up to date.
Merging xilinx/for-next (31dba0dd2fa7 Merge branch 'zynqmp/soc' into for-next)
$ git merge -m Merge branch 'for-next' of git://github.com/Xilinx/linux-xlnx.git xilinx/for-next
Merge made by the 'ort' strategy.
 arch/arm/mach-zynq/common.h             |   1 -
 drivers/firmware/xilinx/zynqmp-debug.c  | 162 +++++++++++++++++++++++++++++++-
 drivers/firmware/xilinx/zynqmp.c        |   4 +-
 drivers/soc/xilinx/xlnx_event_manager.c |   4 +-
 include/linux/firmware/xlnx-zynqmp.h    |  13 ++-
 5 files changed, 174 insertions(+), 10 deletions(-)
Merging clk/clk-next (f00b45db02ae clk: Switch back to struct platform_driver::remove())
$ git merge -m Merge branch 'clk-next' of git://git.kernel.org/pub/scm/linux/kernel/git/clk/linux.git clk/clk-next
Already up to date.
Merging clk-imx/for-next (32c055ef563c clk: imx6ul: fix clock parent for IMX6UL_CLK_ENETx_REF_SEL)
$ git merge -m Merge branch 'for-next' of git://git.kernel.org/pub/scm/linux/kernel/git/abelvesa/linux.git clk-imx/for-next
Already up to date.
Merging clk-renesas/renesas-clk (3aeccbe08171 clk: renesas: r9a09g057: Add clock and reset entries for GTM/RIIC/SDHI/WDT)
$ git merge -m Merge branch 'renesas-clk' of git://git.kernel.org/pub/scm/linux/kernel/git/geert/renesas-drivers.git clk-renesas/renesas-clk
Already up to date.
Merging csky/linux-next (2c40c1c6adab Merge tag 'usb-6.7-rc1' of git://git.kernel.org/pub/scm/linux/kernel/git/gregkh/usb)
$ git merge -m Merge branch 'linux-next' of git://github.com/c-sky/csky-linux.git csky/linux-next
Already up to date.
Merging loongarch/loongarch-next (f339bd3b51da Docs/LoongArch: Add advanced extended IRQ model description)
$ git merge -m Merge branch 'loongarch-next' of git://git.kernel.org/pub/scm/linux/kernel/git/chenhuacai/linux-loongson.git loongarch/loongarch-next
Already up to date.
Merging m68k/for-next (b90fae5df917 m68k: defconfig: Update defconfigs for v6.11-rc1)
$ git merge -m Merge branch 'for-next' of git://git.kernel.org/pub/scm/linux/kernel/git/geert/linux-m68k.git m68k/for-next
Already up to date.
Merging m68knommu/for-next (9852d85ec9d4 Linux 6.12-rc1)
$ git merge -m Merge branch 'for-next' of git://git.kernel.org/pub/scm/linux/kernel/git/gerg/m68knommu.git m68knommu/for-next
Already up to date.
Merging microblaze/next (d829e7ee6354 microblaze: Export xmb_manager functions)
$ git merge -m Merge branch 'next' of git://git.monstr.eu/linux-2.6-microblaze.git microblaze/next
Merge made by the 'ort' strategy.
 arch/microblaze/kernel/microblaze_ksyms.c | 10 ++++++++++
 1 file changed, 10 insertions(+)
Merging mips/mips-next (9852d85ec9d4 Linux 6.12-rc1)
$ git merge -m Merge branch 'mips-next' of git://git.kernel.org/pub/scm/linux/kernel/git/mips/linux.git mips/mips-next
Already up to date.
Merging openrisc/for-next (4dc70e1aadfa openrisc: Move FPU state out of pt_regs)
$ git merge -m Merge branch 'for-next' of git://github.com/openrisc/linux.git openrisc/for-next
Already up to date.
Merging parisc-hd/for-next (98f7e32f20d2 Linux 6.11)
$ git merge -m Merge branch 'for-next' of git://git.kernel.org/pub/scm/linux/kernel/git/deller/parisc-linux.git parisc-hd/for-next
Already up to date.
Merging powerpc/next (9852d85ec9d4 Linux 6.12-rc1)
$ git merge -m Merge branch 'next' of git://git.kernel.org/pub/scm/linux/kernel/git/powerpc/linux.git powerpc/next
Already up to date.
Merging risc-v/for-next (b3f835cd7339 crash: Fix riscv64 crash memory reserve dead loop)
$ git merge -m Merge branch 'for-next' of git://git.kernel.org/pub/scm/linux/kernel/git/riscv/linux.git risc-v/for-next
Already up to date.
Merging riscv-dt/riscv-dt-for-next (8400291e289e Linux 6.11-rc1)
$ git merge -m Merge branch 'riscv-dt-for-next' of git://git.kernel.org/pub/scm/linux/kernel/git/conor/linux.git riscv-dt/riscv-dt-for-next
Already up to date.
Merging riscv-soc/riscv-soc-for-next (8400291e289e Linux 6.11-rc1)
$ git merge -m Merge branch 'riscv-soc-for-next' of git://git.kernel.org/pub/scm/linux/kernel/git/conor/linux.git riscv-soc/riscv-soc-for-next
Already up to date.
Merging s390/for-next (2d8721364ce8 s390/vfio-ap: Driver feature advertisement)
$ git merge -m Merge branch 'for-next' of git://git.kernel.org/pub/scm/linux/kernel/git/s390/linux.git s390/for-next
Already up to date.
Merging sh/for-next (c3e878ca7b66 sh: intc: Replace simple_strtoul() with kstrtoul())
$ git merge -m Merge branch 'for-next' of git:git.kernel.org/pub/scm/linux/kernel/git/glaubitz/sh-linux.git sh/for-next
Already up to date.
Merging sparc/for-next (d21dffe51baa arch/sparc: remove unused varible paddrbase in function leon_swprobe())
$ git merge -m Merge branch 'for-next' of git://git.kernel.org/pub/scm/linux/kernel/git/alarsson/linux-sparc.git sparc/for-next
Already up to date.
Merging uml/next (381d2f95c8aa um: fix time-travel syscall scheduling hack)
$ git merge -m Merge branch 'next' of git://git.kernel.org/pub/scm/linux/kernel/git/uml/linux.git uml/next
Already up to date.
Merging xtensa/xtensa-for-next (b7cf2a1d9881 xtensa: remove redundant flush_dcache_page and ARCH_IMPLEMENTS_FLUSH_DCACHE_PAGE macros)
$ git merge -m Merge branch 'xtensa-for-next' of git://github.com/jcmvbkbc/linux-xtensa.git xtensa/xtensa-for-next
Already up to date.
Merging fs-next (4092cace9830 Merge branch 'vfs.all' of git://git.kernel.org/pub/scm/linux/kernel/git/vfs/vfs.git)
$ git merge -m Merge branch 'fs-next' of linux-next fs-next
Auto-merging MAINTAINERS
Auto-merging fs/bcachefs/fs.c
Auto-merging fs/dcache.c
Auto-merging fs/inode.c
Auto-merging include/linux/fs.h
Auto-merging include/linux/mm.h
Auto-merging mm/filemap.c
Auto-merging mm/memory.c
Auto-merging mm/shmem.c
Auto-merging rust/kernel/lib.rs
CONFLICT (content): Merge conflict in rust/kernel/lib.rs
Recorded preimage for 'rust/kernel/lib.rs'
Automatic merge failed; fix conflicts and then commit the result.
$ git commit --no-edit -v -a
Recorded resolution for 'rust/kernel/lib.rs'.
[master f5347317ae6f] Merge branch 'fs-next' of linux-next
$ git diff -M --stat --summary HEAD^..
 Documentation/admin-guide/sysctl/fs.rst            |  15 +
 Documentation/filesystems/bcachefs/CodingStyle.rst |   2 +-
 Documentation/filesystems/index.rst                |   1 +
 Documentation/filesystems/iomap/operations.rst     |   2 +-
 Documentation/filesystems/multigrain-ts.rst        | 121 ++++++
 Documentation/filesystems/nfs/exporting.rst        |   7 -
 MAINTAINERS                                        |   1 +
 fs/9p/fid.c                                        |   5 +-
 fs/9p/vfs_inode.c                                  |   1 +
 fs/adfs/super.c                                    | 182 ++++----
 fs/affs/super.c                                    | 370 ++++++++--------
 fs/attr.c                                          |  52 ++-
 fs/bcachefs/acl.c                                  |   5 +-
 fs/bcachefs/btree_cache.c                          |   3 +-
 fs/bcachefs/btree_iter.h                           |  48 ++-
 fs/bcachefs/btree_key_cache.c                      |  10 +-
 fs/bcachefs/ec.c                                   |  12 +-
 fs/bcachefs/fs-io-pagecache.c                      |   4 +
 fs/bcachefs/fs.c                                   |  10 +-
 fs/bcachefs/xattr.c                                |   2 +-
 fs/bcachefs/xattr.h                                |   2 +-
 fs/befs/linuxvfs.c                                 | 193 ++++-----
 fs/btrfs/dev-replace.c                             |   2 +
 fs/btrfs/file.c                                    |  25 +-
 fs/btrfs/fs.h                                      |   2 +
 fs/btrfs/ioctl.c                                   |   9 +
 fs/btrfs/super.c                                   |   3 +-
 fs/btrfs/volumes.c                                 |   8 +-
 fs/ceph/addr.c                                     |   2 +-
 fs/configfs/configfs_internal.h                    |   4 +-
 fs/configfs/dir.c                                  |  42 +-
 fs/configfs/inode.c                                |  24 --
 fs/dcache.c                                        |  12 +
 fs/eventpoll.c                                     |   6 +-
 fs/ext4/super.c                                    |   7 +-
 fs/file.c                                          |   7 +
 fs/fs_parser.c                                     |   1 +
 fs/fuse/Makefile                                   |   1 +
 fs/fuse/fuse_i.h                                   |  14 +-
 fs/fuse/inode.c                                    |  11 +-
 fs/fuse/ioctl.c                                    |   4 +-
 fs/fuse/sysctl.c                                   |  40 ++
 fs/gfs2/export.c                                   |   1 -
 fs/gfs2/file.c                                     |   2 +
 fs/gfs2/glock.c                                    |  20 +-
 fs/gfs2/glock.h                                    |   1 +
 fs/gfs2/glops.c                                    |   9 +-
 fs/gfs2/incore.h                                   |   2 +-
 fs/gfs2/inode.c                                    |   1 +
 fs/gfs2/rgrp.c                                     |   2 +-
 fs/gfs2/super.c                                    |   2 +-
 fs/hfs/super.c                                     | 335 +++++++--------
 fs/hfsplus/hfsplus_fs.h                            |   4 +-
 fs/hfsplus/options.c                               | 257 ++++--------
 fs/hfsplus/super.c                                 |  86 ++--
 fs/hpfs/super.c                                    | 408 +++++++++---------
 fs/hugetlbfs/inode.c                               |  17 +-
 fs/inode.c                                         | 261 ++++++++++--
 fs/iomap/buffered-io.c                             | 111 ++---
 fs/jfs/jfs_filsys.h                                |   1 +
 fs/jfs/super.c                                     | 465 +++++++++++----------
 fs/lockd/svclock.c                                 |   5 +-
 fs/namei.c                                         |   9 +
 fs/nfsd/nfs4acl.c                                  |   2 -
 fs/nfsd/nfs4callback.c                             |  14 +-
 fs/nfsd/nfs4state.c                                |  19 +-
 fs/notify/fanotify/fanotify.c                      |  32 +-
 fs/notify/fanotify/fanotify.h                      |  15 +
 fs/notify/fanotify/fanotify_user.c                 | 111 ++++-
 fs/notify/fsnotify.c                               |  39 +-
 fs/notify/inotify/inotify_user.c                   |   2 +-
 fs/notify/mark.c                                   |   8 +-
 fs/ntfs3/attrib.c                                  |  96 ++++-
 fs/ntfs3/file.c                                    | 196 ++++++---
 fs/ntfs3/frecord.c                                 |  93 ++++-
 fs/ntfs3/fslog.c                                   |  19 +-
 fs/ntfs3/inode.c                                   |  15 +-
 fs/ntfs3/lib/lzx_decompress.c                      |   3 +-
 fs/ntfs3/lznt.c                                    |   3 +
 fs/ntfs3/namei.c                                   |   4 +-
 fs/ntfs3/ntfs_fs.h                                 |   8 +-
 fs/ntfs3/record.c                                  |  26 +-
 fs/ntfs3/run.c                                     |   8 +-
 fs/ntfs3/super.c                                   |  57 ++-
 fs/ntfs3/xattr.c                                   |   2 +-
 fs/ocfs2/export.c                                  |   1 -
 fs/ocfs2/file.c                                    |   2 +
 fs/posix_acl.c                                     |  13 +-
 fs/read_write.c                                    |   5 +-
 fs/remap_range.c                                   |   7 +-
 fs/smb/client/cifs_unicode.c                       |  17 +-
 fs/smb/client/cifsfs.c                             |   4 +-
 fs/smb/client/cifsglob.h                           |   1 +
 fs/smb/client/cifsproto.h                          |   1 +
 fs/smb/client/connect.c                            |   5 +-
 fs/smb/client/dfs.c                                |   3 +-
 fs/smb/client/fs_context.h                         |   2 +-
 fs/smb/client/inode.c                              |   9 +-
 fs/smb/client/namespace.c                          |   5 +-
 fs/smb/client/reparse.c                            | 273 +++++++++++-
 fs/smb/client/reparse.h                            |   4 +-
 fs/smb/client/smb1ops.c                            |   3 +-
 fs/smb/client/smb2file.c                           |  21 +-
 fs/smb/client/smb2inode.c                          |  33 +-
 fs/smb/client/smb2pdu.c                            |   4 +-
 fs/smb/client/smb2proto.h                          |  10 +-
 fs/smb/common/smbfsctl.h                           |   7 +-
 fs/stat.c                                          |  42 +-
 fs/ubifs/super.c                                   | 463 +++++++++-----------
 fs/xfs/libxfs/xfs_trans_inode.c                    |   6 +-
 fs/xfs/xfs_aops.c                                  |   4 +-
 fs/xfs/xfs_bmap_util.c                             |  10 +-
 fs/xfs/xfs_bmap_util.h                             |   2 +-
 fs/xfs/xfs_file.c                                  | 150 ++++---
 fs/xfs/xfs_iomap.c                                 |  65 ++-
 fs/xfs/xfs_iops.c                                  |  10 +-
 fs/xfs/xfs_super.c                                 |   3 +-
 fs/zonefs/sysfs.c                                  |   1 +
 include/linux/eventpoll.h                          |   2 +-
 include/linux/exportfs.h                           |  13 -
 include/linux/fanotify.h                           |  20 +-
 include/linux/filelock.h                           |   5 +
 include/linux/fs.h                                 |  37 +-
 include/linux/fsnotify.h                           |  58 ++-
 include/linux/fsnotify_backend.h                   |  59 ++-
 include/linux/iomap.h                              |  20 +-
 include/linux/mm.h                                 |   1 +
 include/linux/posix_acl.h                          |   4 +-
 include/trace/events/hugetlbfs.h                   | 156 +++++++
 include/trace/events/timestamp.h                   | 124 ++++++
 include/uapi/linux/fanotify.h                      |  18 +
 mm/filemap.c                                       | 130 +++++-
 mm/memory.c                                        |  22 +
 mm/nommu.c                                         |   7 +
 mm/readahead.c                                     |  13 +
 mm/shmem.c                                         |   2 +-
 net/9p/client.c                                    |  10 +-
 net/sunrpc/xprtrdma/svc_rdma_recvfrom.c            |   8 +-
 rust/bindings/bindings_helper.h                    |   6 +
 rust/helpers/cred.c                                |  13 +
 rust/helpers/fs.c                                  |  12 +
 rust/helpers/helpers.c                             |   3 +
 rust/helpers/security.c                            |  20 +
 rust/helpers/task.c                                |  38 ++
 rust/kernel/cred.rs                                |  85 ++++
 rust/kernel/fs.rs                                  |   8 +
 rust/kernel/fs/file.rs                             | 461 ++++++++++++++++++++
 rust/kernel/lib.rs                                 |   3 +
 rust/kernel/security.rs                            |  74 ++++
 rust/kernel/sync.rs                                |   1 +
 rust/kernel/sync/lock.rs                           |  13 +-
 rust/kernel/sync/poll.rs                           | 121 ++++++
 rust/kernel/task.rs                                |  91 +++-
 rust/kernel/types.rs                               |  21 +
 security/selinux/hooks.c                           |   3 +-
 155 files changed, 4788 insertions(+), 2123 deletions(-)
 create mode 100644 Documentation/filesystems/multigrain-ts.rst
 create mode 100644 fs/fuse/sysctl.c
 create mode 100644 include/trace/events/hugetlbfs.h
 create mode 100644 include/trace/events/timestamp.h
 create mode 100644 rust/helpers/cred.c
 create mode 100644 rust/helpers/fs.c
 create mode 100644 rust/helpers/security.c
 create mode 100644 rust/kernel/cred.rs
 create mode 100644 rust/kernel/fs.rs
 create mode 100644 rust/kernel/fs/file.rs
 create mode 100644 rust/kernel/security.rs
 create mode 100644 rust/kernel/sync/poll.rs
$ git am -3 ../patches/0001-Reapply-mm-introduce-PF_MEMALLOC_NORECLAIM-PF_MEMALL.patch
Applying: Reapply "mm: introduce PF_MEMALLOC_NORECLAIM, PF_MEMALLOC_NOWARN"
$ git reset HEAD^
Unstaged changes after reset:
M	include/linux/sched.h
M	include/linux/sched/mm.h
$ git add -A .
$ git commit -v -a --amend
[master 1ed9d0c4df44] Merge branch 'fs-next' of linux-next
 Date: Tue Oct 1 10:27:10 2024 +1000
Merging printk/for-next (b794563ea12f Merge branch 'for-6.11-fixup' into for-next)
$ git merge -m Merge branch 'for-next' of git://git.kernel.org/pub/scm/linux/kernel/git/printk/linux.git printk/for-next
Merge made by the 'ort' strategy.
Merging pci/next (9852d85ec9d4 Linux 6.12-rc1)
$ git merge -m Merge branch 'next' of git://git.kernel.org/pub/scm/linux/kernel/git/pci/pci.git pci/next
Already up to date.
Merging pstore/for-next/pstore (1bf8012fc699 pstore: replace spinlock_t by raw_spinlock_t)
$ git merge -m Merge branch 'for-next/pstore' of git://git.kernel.org/pub/scm/linux/kernel/git/kees/linux.git pstore/for-next/pstore
Already up to date.
Merging hid/for-next (442be0efc821 Merge branch 'for-6.12/upstream-fixes' into for-next)
$ git merge -m Merge branch 'for-next' of git://git.kernel.org/pub/scm/linux/kernel/git/hid/hid.git hid/for-next
Merge made by the 'ort' strategy.
 drivers/hid/bpf/hid_bpf_struct_ops.c | 14 ++++++++++++++
 1 file changed, 14 insertions(+)
Merging i2c/i2c/for-next (9852d85ec9d4 Linux 6.12-rc1)
$ git merge -m Merge branch 'i2c/for-next' of git://git.kernel.org/pub/scm/linux/kernel/git/wsa/linux.git i2c/i2c/for-next
Already up to date.
Merging i2c-host/i2c/i2c-host (383d1324f9f0 i2c: designware: Fix spelling and other issues in the comments)
$ git merge -m Merge branch 'i2c/i2c-host' of git://git.kernel.org/pub/scm/linux/kernel/git/andi.shyti/linux.git i2c-host/i2c/i2c-host
Auto-merging MAINTAINERS
Auto-merging drivers/i2c/busses/Kconfig
Auto-merging drivers/i2c/busses/i2c-designware-common.c
Auto-merging drivers/i2c/busses/i2c-designware-core.h
Auto-merging drivers/i2c/busses/i2c-designware-master.c
Merge made by the 'ort' strategy.
 Documentation/i2c/busses/i2c-i801.rst       |   1 +
 MAINTAINERS                                 |   8 +-
 drivers/i2c/busses/Kconfig                  |  18 ++
 drivers/i2c/busses/Makefile                 |   1 +
 drivers/i2c/busses/i2c-amd-asf-plat.c       | 369 ++++++++++++++++++++++
 drivers/i2c/busses/i2c-cadence.c            | 459 +++++++++++++++++++---------
 drivers/i2c/busses/i2c-designware-amdpsp.c  |  10 +-
 drivers/i2c/busses/i2c-designware-common.c  |  66 ++--
 drivers/i2c/busses/i2c-designware-core.h    |  12 +-
 drivers/i2c/busses/i2c-designware-master.c  |  17 +-
 drivers/i2c/busses/i2c-designware-pcidrv.c  |  39 ++-
 drivers/i2c/busses/i2c-designware-platdrv.c |  52 ++--
 drivers/i2c/busses/i2c-designware-slave.c   |   6 +-
 drivers/i2c/busses/i2c-i801.c               |   6 +
 drivers/i2c/busses/i2c-isch.c               | 321 +++++++++----------
 drivers/i2c/busses/i2c-piix4.c              |  51 ++--
 drivers/i2c/busses/i2c-piix4.h              |  44 +++
 17 files changed, 1042 insertions(+), 438 deletions(-)
 create mode 100644 drivers/i2c/busses/i2c-amd-asf-plat.c
 create mode 100644 drivers/i2c/busses/i2c-piix4.h
Merging i3c/i3c/next (618507257797 i3c: master: svc: Fix use after free vulnerability in svc_i3c_master Driver Due to Race Condition)
$ git merge -m Merge branch 'i3c/next' of git://git.kernel.org/pub/scm/linux/kernel/git/i3c/linux.git i3c/i3c/next
Already up to date.
Merging dmi/dmi-for-next (4d1b28a8119c firmware: dmi: Add info message for number of populated and total memory slots)
$ git merge -m Merge branch 'dmi-for-next' of git://git.kernel.org/pub/scm/linux/kernel/git/jdelvare/staging.git dmi/dmi-for-next
Already up to date.
Merging hwmon-staging/hwmon-next (de61d0898fa1 hwmon: (amc6821) add support for tsd,mule)
$ git merge -m Merge branch 'hwmon-next' of git://git.kernel.org/pub/scm/linux/kernel/git/groeck/linux-staging.git hwmon-staging/hwmon-next
Merge made by the 'ort' strategy.
 .../devicetree/bindings/hwmon/ti,amc6821.yaml      | 86 ++++++++++++++++++++++
 .../devicetree/bindings/trivial-devices.yaml       |  2 -
 Documentation/hwmon/ina2xx.rst                     | 23 ++++--
 drivers/hwmon/Kconfig                              |  5 +-
 drivers/hwmon/amc6821.c                            | 14 +++-
 drivers/hwmon/ina2xx.c                             | 60 ++++++++++++---
 drivers/hwmon/pmbus/mp2891.c                       |  4 +-
 drivers/hwmon/pmbus/mp2993.c                       |  4 +-
 drivers/hwmon/pmbus/mp9941.c                       |  4 +-
 drivers/hwmon/pmbus/mpq8785.c                      |  2 +-
 drivers/hwmon/sg2042-mcu.c                         |  4 +-
 drivers/hwmon/spd5118.c                            |  2 +-
 12 files changed, 178 insertions(+), 32 deletions(-)
 create mode 100644 Documentation/devicetree/bindings/hwmon/ti,amc6821.yaml
Merging jc_docs/docs-next (052f172ef127 Merge branch 'docs-mw' into docs-next)
$ git merge -m Merge branch 'docs-next' of git://git.lwn.net/linux.git jc_docs/docs-next
Auto-merging .mailmap
Auto-merging Documentation/admin-guide/kernel-parameters.txt
Auto-merging MAINTAINERS
Auto-merging drivers/ufs/core/ufs-fault-injection.c
Auto-merging include/linux/fault-inject.h
Auto-merging lib/Kconfig.debug
Auto-merging tools/testing/fault-injection/failcmd.sh
Merge made by the 'ort' strategy.
 .mailmap                                                             | 1 +
 Documentation/admin-guide/kernel-parameters.txt                      | 2 +-
 Documentation/{ => dev-tools}/fault-injection/fault-injection.rst    | 0
 Documentation/{ => dev-tools}/fault-injection/index.rst              | 0
 .../{ => dev-tools}/fault-injection/notifier-error-inject.rst        | 0
 .../{ => dev-tools}/fault-injection/nvme-fault-injection.rst         | 0
 Documentation/{ => dev-tools}/fault-injection/provoke-crashes.rst    | 0
 Documentation/dev-tools/index.rst                                    | 1 +
 Documentation/index.rst                                              | 1 -
 Documentation/process/4.Coding.rst                                   | 2 +-
 Documentation/process/submit-checklist.rst                           | 2 +-
 Documentation/translations/it_IT/process/4.Coding.rst                | 2 +-
 Documentation/translations/it_IT/process/submit-checklist.rst        | 2 +-
 Documentation/translations/ja_JP/SubmitChecklist                     | 2 +-
 Documentation/translations/sp_SP/process/submit-checklist.rst        | 2 +-
 Documentation/translations/zh_CN/index.rst                           | 2 +-
 Documentation/translations/zh_CN/process/4.Coding.rst                | 2 +-
 Documentation/translations/zh_CN/process/submit-checklist.rst        | 2 +-
 Documentation/translations/zh_TW/index.rst                           | 2 +-
 Documentation/translations/zh_TW/process/4.Coding.rst                | 2 +-
 Documentation/translations/zh_TW/process/submit-checklist.rst        | 2 +-
 MAINTAINERS                                                          | 4 ++--
 drivers/block/null_blk/main.c                                        | 2 +-
 drivers/misc/lkdtm/core.c                                            | 2 +-
 drivers/ufs/core/ufs-fault-injection.c                               | 2 +-
 include/asm-generic/error-injection.h                                | 5 +++--
 include/linux/fault-inject.h                                         | 2 +-
 lib/Kconfig.debug                                                    | 4 ++--
 tools/testing/fault-injection/failcmd.sh                             | 2 +-
 29 files changed, 27 insertions(+), 25 deletions(-)
 rename Documentation/{ => dev-tools}/fault-injection/fault-injection.rst (100%)
 rename Documentation/{ => dev-tools}/fault-injection/index.rst (100%)
 rename Documentation/{ => dev-tools}/fault-injection/notifier-error-inject.rst (100%)
 rename Documentation/{ => dev-tools}/fault-injection/nvme-fault-injection.rst (100%)
 rename Documentation/{ => dev-tools}/fault-injection/provoke-crashes.rst (100%)
Merging v4l-dvb/master (3f52e32445a1 media: MAINTAINERS: Add "qcom," substring for Qualcomm Camera Subsystem)
$ git merge -m Merge branch 'master' of git://linuxtv.org/media_tree.git v4l-dvb/master
Already up to date.
Merging v4l-dvb-next/master (b36c41c51e9d media: atomisp: set lock before calling vb2_queue_init())
$ git merge -m Merge branch 'master' of git://linuxtv.org/mchehab/media-next.git v4l-dvb-next/master
Already up to date.
Merging pm/linux-next (9852d85ec9d4 Linux 6.12-rc1)
$ git merge -m Merge branch 'linux-next' of git://git.kernel.org/pub/scm/linux/kernel/git/rafael/linux-pm.git pm/linux-next
Already up to date.
Merging cpufreq-arm/cpufreq/arm/linux-next (6b612d1bac67 cpufreq: ti-cpufreq: Use socinfo to get revision in AM62 family)
$ git merge -m Merge branch 'cpufreq/arm/linux-next' of git://git.kernel.org/pub/scm/linux/kernel/git/vireshk/pm.git cpufreq-arm/cpufreq/arm/linux-next
Already up to date.
Merging cpupower/cpupower (08a26a15a4cd pm: cpupower: gitignore: Add compile_commands.json)
$ git merge -m Merge branch 'cpupower' of git://git.kernel.org/pub/scm/linux/kernel/git/shuah/linux.git cpupower/cpupower
Merge made by the 'ort' strategy.
 tools/power/cpupower/.gitignore         |  3 +++
 tools/power/cpupower/Makefile           | 12 +++++------
 tools/power/cpupower/bench/parse.c      |  5 +++--
 tools/power/cpupower/man/cpupower-set.1 | 38 +++++++++++++++++++++++++++++++--
 4 files changed, 48 insertions(+), 10 deletions(-)
Merging devfreq/devfreq-next (d47552124bb0 PM / devfreq: imx-bus: Use of_property_present())
$ git merge -m Merge branch 'devfreq-next' of git://git.kernel.org/pub/scm/linux/kernel/git/chanwoo/linux.git devfreq/devfreq-next
Already up to date.
Merging pmdomain/next (c6ccb691d484 pmdomain: core: Reduce debug summary table width)
$ git merge -m Merge branch 'next' of git://git.kernel.org/pub/scm/linux/kernel/git/ulfh/linux-pm.git pmdomain/next
Already up to date.
Merging opp/opp/linux-next (a84372012e93 dt-bindings: opp: operating-points-v2-ti-cpu: Update maintainers)
$ git merge -m Merge branch 'opp/linux-next' of git://git.kernel.org/pub/scm/linux/kernel/git/vireshk/pm.git opp/opp/linux-next
Already up to date.
Merging thermal/thermal/linux-next (7d8abc5f3b5c thermal/drivers/imx_sc_thermal: Use dev_err_probe)
$ git merge -m Merge branch 'thermal/linux-next' of git://git.kernel.org/pub/scm/linux/kernel/git/thermal/linux.git thermal/thermal/linux-next
Already up to date.
Merging rdma/for-next (709209419233 RDMA/bnxt_re: Remove the unused variable en_dev)
$ git merge -m Merge branch 'for-next' of git://git.kernel.org/pub/scm/linux/kernel/git/rdma/rdma.git rdma/for-next
Already up to date.
Merging net-next/main (c824deb1a897 cxgb4: clip_tbl: Fix spelling mistake "wont" -> "won't")
$ git merge -m Merge branch 'main' of git://git.kernel.org/pub/scm/linux/kernel/git/netdev/net-next.git net-next/main
Merge made by the 'ort' strategy.
 drivers/net/ethernet/chelsio/cxgb4/clip_tbl.c | 4 ++--
 1 file changed, 2 insertions(+), 2 deletions(-)
Merging bpf-next/for-next (db5ca265e333 libbpf: Change log level of BTF loading error message)
$ git merge -m Merge branch 'for-next' of git://git.kernel.org/pub/scm/linux/kernel/git/bpf/bpf-next.git bpf-next/for-next
Merge made by the 'ort' strategy.
 kernel/bpf/btf.c                                   | 18 ++++++++--------
 tools/lib/bpf/libbpf.c                             |  9 ++++----
 tools/testing/selftests/bpf/Makefile               | 10 ++++-----
 .../selftests/bpf/prog_tests/uprobe_multi_test.c   | 25 +++++++++++-----------
 tools/testing/selftests/bpf/test_progs.c           |  1 +
 5 files changed, 32 insertions(+), 31 deletions(-)
Merging ipsec-next/master (e62d39332d4b xfrm: policy: Restore dir assignments in xfrm_hash_rebuild())
$ git merge -m Merge branch 'master' of git://git.kernel.org/pub/scm/linux/kernel/git/klassert/ipsec-next.git ipsec-next/master
Already up to date.
Merging mlx5-next/mlx5-next (c772a2c69018 net/mlx5: Add IFC related stuff for data direct)
$ git merge -m Merge branch 'mlx5-next' of git://git.kernel.org/pub/scm/linux/kernel/git/mellanox/linux.git mlx5-next/mlx5-next
Already up to date.
Merging netfilter-next/main (9410645520e9 Merge tag 'net-next-6.12' of git://git.kernel.org/pub/scm/linux/kernel/git/netdev/net-next)
$ git merge -m Merge branch 'main' of git://git.kernel.org/pub/scm/linux/kernel/git/netfilter/nf-next.git netfilter-next/main
Already up to date.
Merging ipvs-next/main (9410645520e9 Merge tag 'net-next-6.12' of git://git.kernel.org/pub/scm/linux/kernel/git/netdev/net-next)
$ git merge -m Merge branch 'main' of git://git.kernel.org/pub/scm/linux/kernel/git/horms/ipvs-next.git ipvs-next/main
Already up to date.
Merging bluetooth/master (cc34f7a69916 Bluetooth: btnxpuart: Rename IW615 to IW610)
$ git merge -m Merge branch 'master' of git://git.kernel.org/pub/scm/linux/kernel/git/bluetooth/bluetooth-next.git bluetooth/master
Merge made by the 'ort' strategy.
 drivers/bluetooth/btmrvl_sdio.c |  3 +--
 drivers/bluetooth/btnxpuart.c   | 24 ++++++++++++---------
 drivers/bluetooth/btusb.c       | 47 ++++++++++++++++++++++++++++++-----------
 net/bluetooth/hci_core.c        |  2 ++
 net/bluetooth/hci_event.c       | 15 ++++++-------
 net/bluetooth/l2cap_core.c      |  8 -------
 net/bluetooth/mgmt.c            | 23 ++++++++++++--------
 7 files changed, 72 insertions(+), 50 deletions(-)
Merging wireless-next/for-next (5a4d42c1688c wifi: wl1251: Use IRQF_NO_AUTOEN flag in request_irq())
$ git merge -m Merge branch 'for-next' of git://git.kernel.org/pub/scm/linux/kernel/git/wireless/wireless-next.git wireless-next/for-next
Merge made by the 'ort' strategy.
 .../bindings/net/wireless/brcm,bcm4329-fmac.yaml   |  9 ++++
 .../wireless/broadcom/brcm80211/brcmfmac/bcmsdh.c  |  4 +-
 .../wireless/broadcom/brcm80211/brcmfmac/common.c  |  3 +-
 .../net/wireless/broadcom/brcm80211/brcmfmac/of.c  | 27 +++++++----
 .../net/wireless/broadcom/brcm80211/brcmfmac/of.h  |  9 ++--
 .../wireless/broadcom/brcm80211/brcmfmac/pcie.c    | 55 ++++++++++++++++++----
 .../wireless/broadcom/brcm80211/brcmfmac/sdio.c    | 22 +++++----
 .../net/wireless/broadcom/brcm80211/brcmfmac/usb.c |  3 ++
 .../broadcom/brcm80211/include/brcm_hw_ids.h       |  2 +
 drivers/net/wireless/intersil/p54/p54spi.c         |  4 +-
 drivers/net/wireless/marvell/mwifiex/main.c        |  4 +-
 drivers/net/wireless/ti/wl1251/sdio.c              |  4 +-
 drivers/net/wireless/ti/wlcore/sdio.c              | 13 ++---
 13 files changed, 112 insertions(+), 47 deletions(-)
Merging ath-next/for-next (1a0c640ce1cd wifi: ath12k: Skip Rx TID cleanup for self peer)
$ git merge -m Merge branch 'for-next' of git://git.kernel.org/pub/scm/linux/kernel/git/ath/ath.git ath-next/for-next
Merge made by the 'ort' strategy.
 .../bindings/net/wireless/qcom,ath11k-pci.yaml     | 29 +++++++
 drivers/net/wireless/ath/ath10k/mac.c              | 98 ++++++++++++----------
 drivers/net/wireless/ath/ath11k/ahb.c              | 12 +--
 drivers/net/wireless/ath/ath11k/core.c             |  2 +-
 drivers/net/wireless/ath/ath11k/hal.c              |  1 +
 drivers/net/wireless/ath/ath11k/wow.c              | 39 +++++----
 drivers/net/wireless/ath/ath12k/dp.c               | 18 ++--
 drivers/net/wireless/ath/ath12k/dp.h               |  4 +-
 drivers/net/wireless/ath/ath12k/mac.c              |  5 +-
 drivers/net/wireless/ath/ath12k/wmi.c              |  8 +-
 drivers/net/wireless/ath/ath6kl/wmi.h              |  8 +-
 drivers/net/wireless/ath/ath9k/ar9003_aic.c        | 10 +--
 .../net/wireless/ath/ath9k/ath9k_pci_owl_loader.c  |  1 -
 drivers/net/wireless/ath/ath9k/btcoex.c            | 16 +---
 drivers/net/wireless/ath/ath9k/eeprom.c            | 12 ---
 drivers/net/wireless/ath/ath9k/htc_hst.c           |  3 +
 drivers/net/wireless/ath/ath9k/hw.c                |  2 +-
 drivers/net/wireless/ath/ath9k/init.c              | 52 +-----------
 drivers/net/wireless/ath/wcn36xx/wcn36xx.h         |  2 +-
 include/linux/ath9k_platform.h                     | 51 -----------
 20 files changed, 152 insertions(+), 221 deletions(-)
 delete mode 100644 include/linux/ath9k_platform.h
Merging wpan-next/master (ac49b950bea9 dt-bindings: net: add Microchip's LAN865X 10BASE-T1S MACPHY)
$ git merge -m Merge branch 'master' of git://git.kernel.org/pub/scm/linux/kernel/git/wpan/wpan-next.git wpan-next/master
Already up to date.
Merging wpan-staging/staging (ac49b950bea9 dt-bindings: net: add Microchip's LAN865X 10BASE-T1S MACPHY)
$ git merge -m Merge branch 'staging' of git://git.kernel.org/pub/scm/linux/kernel/git/wpan/wpan-next.git wpan-staging/staging
Already up to date.
Merging mtd/mtd/next (869acb874f2b Merge tag 'nand/for-6.12' into mtd/next)
$ git merge -m Merge branch 'mtd/next' of git://git.kernel.org/pub/scm/linux/kernel/git/mtd/linux.git mtd/mtd/next
Already up to date.
Merging nand/nand/next (475aadeba5df mtd: spinand: macronix: Flag parts needing explicit plane select)
$ git merge -m Merge branch 'nand/next' of git://git.kernel.org/pub/scm/linux/kernel/git/mtd/linux.git nand/nand/next
Already up to date.
Merging spi-nor/spi-nor/next (ac5bfa968b60 mtd: spi-nor: fix flash probing)
$ git merge -m Merge branch 'spi-nor/next' of git://git.kernel.org/pub/scm/linux/kernel/git/mtd/linux.git spi-nor/spi-nor/next
Already up to date.
Merging crypto/master (ce212d2afca4 crypto: n2 - Set err to EINVAL if snprintf fails for hmac)
$ git merge -m Merge branch 'master' of git://git.kernel.org/pub/scm/linux/kernel/git/herbert/cryptodev-2.6.git crypto/master
Already up to date.
Merging drm/drm-next (9852d85ec9d4 Linux 6.12-rc1)
$ git merge -m Merge branch 'drm-next' of https://gitlab.freedesktop.org/drm/kernel.git drm/drm-next
Already up to date.
Merging drm-exynos/for-linux-next (94ebc3d3235c drivers:drm:exynos_drm_gsc:Fix wrong assignment in gsc_bind())
$ git merge -m Merge branch 'for-linux-next' of git://git.kernel.org/pub/scm/linux/kernel/git/daeinki/drm-exynos.git drm-exynos/for-linux-next
Already up to date.
Merging drm-misc/for-linux-next (ba2b9de0c1ac drm/tegra: fix potential uninitialized variable use)
$ git merge -m Merge branch 'for-linux-next' of https://gitlab.freedesktop.org/drm/misc/kernel.git drm-misc/for-linux-next
Already up to date.
Merging amdgpu/drm-next (d7d2688bf4ea drm/amd/pm: update workload mask after the setting)
$ git merge -m Merge branch 'drm-next' of https://gitlab.freedesktop.org/agd5f/linux amdgpu/drm-next
Already up to date.
Merging drm-intel/for-linux-next (680d12cdb7e6 Revert "drm/i915/psr: Implement WA to help reach PC10")
$ git merge -m Merge branch 'for-linux-next' of https://gitlab.freedesktop.org/drm/i915/kernel drm-intel/for-linux-next
Merge made by the 'ort' strategy.
 .../ABI/testing/sysfs-driver-intel-i915-hwmon      |    8 +
 drivers/gpu/drm/i915/Makefile                      |    3 +
 drivers/gpu/drm/i915/display/g4x_dp.c              |   39 +-
 drivers/gpu/drm/i915/display/g4x_dp.h              |    5 -
 drivers/gpu/drm/i915/display/hsw_ips.c             |    2 +
 drivers/gpu/drm/i915/display/i9xx_wm.c             |  202 +++-
 drivers/gpu/drm/i915/display/i9xx_wm.h             |    4 +-
 drivers/gpu/drm/i915/display/icl_dsi.c             |    1 +
 drivers/gpu/drm/i915/display/intel_alpm.c          |    2 +
 drivers/gpu/drm/i915/display/intel_atomic.c        |    1 -
 drivers/gpu/drm/i915/display/intel_atomic_plane.c  |  148 ++-
 drivers/gpu/drm/i915/display/intel_audio.c         |    9 +-
 drivers/gpu/drm/i915/display/intel_bios.c          |    1 +
 drivers/gpu/drm/i915/display/intel_bo.c            |   59 +
 drivers/gpu/drm/i915/display/intel_bo.h            |   27 +
 drivers/gpu/drm/i915/display/intel_cdclk.c         | 1179 ++++++++++----------
 drivers/gpu/drm/i915/display/intel_cdclk.h         |   28 +-
 drivers/gpu/drm/i915/display/intel_color.c         |   17 +
 drivers/gpu/drm/i915/display/intel_color.h         |    1 +
 drivers/gpu/drm/i915/display/intel_crt.c           |    3 +-
 drivers/gpu/drm/i915/display/intel_crtc.c          |   32 +-
 drivers/gpu/drm/i915/display/intel_crtc.h          |    7 +-
 drivers/gpu/drm/i915/display/intel_cursor.c        |    3 +-
 drivers/gpu/drm/i915/display/intel_ddi.c           |   21 +-
 drivers/gpu/drm/i915/display/intel_display.c       |  322 +++---
 drivers/gpu/drm/i915/display/intel_display.h       |   53 +-
 drivers/gpu/drm/i915/display/intel_display_core.h  |    8 +-
 .../gpu/drm/i915/display/intel_display_debugfs.c   |  312 ++----
 .../gpu/drm/i915/display/intel_display_device.c    |    4 +-
 .../gpu/drm/i915/display/intel_display_device.h    |    2 +
 .../gpu/drm/i915/display/intel_display_driver.c    |   37 +-
 drivers/gpu/drm/i915/display/intel_display_irq.c   |   69 +-
 drivers/gpu/drm/i915/display/intel_display_irq.h   |    2 +-
 .../gpu/drm/i915/display/intel_display_limits.h    |   10 +
 .../gpu/drm/i915/display/intel_display_params.c    |    8 +-
 .../gpu/drm/i915/display/intel_display_params.h    |    5 +-
 drivers/gpu/drm/i915/display/intel_display_power.c |   97 +-
 drivers/gpu/drm/i915/display/intel_display_power.h |    4 +-
 .../drm/i915/display/intel_display_power_well.c    |  249 +++--
 .../drm/i915/display/intel_display_power_well.h    |   15 +-
 .../gpu/drm/i915/display/intel_display_snapshot.c  |   72 ++
 .../gpu/drm/i915/display/intel_display_snapshot.h  |   16 +
 drivers/gpu/drm/i915/display/intel_display_trace.h |   55 +-
 drivers/gpu/drm/i915/display/intel_display_types.h |  161 +--
 drivers/gpu/drm/i915/display/intel_dmc.c           |  427 +++----
 drivers/gpu/drm/i915/display/intel_dmc.h           |   30 +-
 drivers/gpu/drm/i915/display/intel_dmc_wl.c        |    4 +-
 drivers/gpu/drm/i915/display/intel_dp.c            |  629 ++---------
 drivers/gpu/drm/i915/display/intel_dp.h            |   22 +-
 drivers/gpu/drm/i915/display/intel_dp_hdcp.c       |    1 +
 .../gpu/drm/i915/display/intel_dp_link_training.c  |   36 +-
 drivers/gpu/drm/i915/display/intel_dp_mst.c        |   56 +-
 drivers/gpu/drm/i915/display/intel_dp_test.c       |  765 +++++++++++++
 drivers/gpu/drm/i915/display/intel_dp_test.h       |   23 +
 drivers/gpu/drm/i915/display/intel_dp_tunnel.h     |    2 +-
 drivers/gpu/drm/i915/display/intel_dpll.c          |    5 +-
 drivers/gpu/drm/i915/display/intel_dpt.c           |    2 +-
 drivers/gpu/drm/i915/display/intel_drrs.c          |    2 +
 drivers/gpu/drm/i915/display/intel_dsb.c           |    2 +-
 drivers/gpu/drm/i915/display/intel_dsi.c           |    2 +-
 drivers/gpu/drm/i915/display/intel_dvo.c           |    1 +
 drivers/gpu/drm/i915/display/intel_fb.c            |   72 +-
 drivers/gpu/drm/i915/display/intel_fb.h            |    8 +-
 drivers/gpu/drm/i915/display/intel_fb_bo.c         |    9 +-
 drivers/gpu/drm/i915/display/intel_fb_bo.h         |   10 +-
 drivers/gpu/drm/i915/display/intel_fb_pin.c        |   14 +-
 drivers/gpu/drm/i915/display/intel_fbc.c           |    4 +-
 drivers/gpu/drm/i915/display/intel_fbdev.c         |   27 +-
 drivers/gpu/drm/i915/display/intel_fbdev_fb.c      |    6 +-
 drivers/gpu/drm/i915/display/intel_fbdev_fb.h      |    4 +-
 drivers/gpu/drm/i915/display/intel_fdi.c           |   10 +-
 drivers/gpu/drm/i915/display/intel_fifo_underrun.c |   30 +-
 drivers/gpu/drm/i915/display/intel_frontbuffer.c   |   66 +-
 drivers/gpu/drm/i915/display/intel_frontbuffer.h   |    5 +-
 drivers/gpu/drm/i915/display/intel_hdcp.c          |  727 ++++++------
 drivers/gpu/drm/i915/display/intel_hdcp_gsc.c      |   40 +-
 drivers/gpu/drm/i915/display/intel_hdcp_gsc.h      |    9 +-
 .../gpu/drm/i915/display/intel_hdcp_gsc_message.c  |   44 +-
 .../gpu/drm/i915/display/intel_hdcp_gsc_message.h  |    3 +-
 drivers/gpu/drm/i915/display/intel_hdcp_shim.h     |  137 +++
 drivers/gpu/drm/i915/display/intel_hdmi.c          |   10 +-
 drivers/gpu/drm/i915/display/intel_hotplug.c       |    3 +
 drivers/gpu/drm/i915/display/intel_hotplug_irq.c   |   13 +-
 drivers/gpu/drm/i915/display/intel_link_bw.c       |    3 +-
 drivers/gpu/drm/i915/display/intel_lvds.c          |    3 +-
 drivers/gpu/drm/i915/display/intel_modeset_setup.c |   16 +-
 drivers/gpu/drm/i915/display/intel_opregion.c      |    1 +
 drivers/gpu/drm/i915/display/intel_overlay.c       |   18 +-
 drivers/gpu/drm/i915/display/intel_overlay.h       |   25 +-
 drivers/gpu/drm/i915/display/intel_plane_initial.c |    2 +-
 drivers/gpu/drm/i915/display/intel_pps.c           |  186 ++-
 drivers/gpu/drm/i915/display/intel_pps.h           |   12 +-
 drivers/gpu/drm/i915/display/intel_psr.c           |   47 +-
 drivers/gpu/drm/i915/display/intel_psr.h           |    1 +
 drivers/gpu/drm/i915/display/intel_psr_regs.h      |    1 +
 drivers/gpu/drm/i915/display/intel_quirks.c        |    4 +-
 drivers/gpu/drm/i915/display/intel_sdvo.c          |    1 +
 drivers/gpu/drm/i915/display/intel_sprite.h        |    5 -
 drivers/gpu/drm/i915/display/intel_sprite_uapi.c   |    3 +-
 drivers/gpu/drm/i915/display/intel_tv.c            |    1 +
 drivers/gpu/drm/i915/display/intel_vblank.c        |    2 +
 drivers/gpu/drm/i915/display/intel_vdsc.c          |   10 +-
 drivers/gpu/drm/i915/display/intel_vga.c           |   45 +-
 drivers/gpu/drm/i915/display/intel_vga.h           |   14 +-
 drivers/gpu/drm/i915/display/intel_wm.c            |   26 +-
 drivers/gpu/drm/i915/display/intel_wm.h            |    6 +-
 drivers/gpu/drm/i915/display/skl_universal_plane.c |    5 +-
 drivers/gpu/drm/i915/display/skl_watermark.c       |   12 +-
 drivers/gpu/drm/i915/display/skl_watermark.h       |    4 +-
 drivers/gpu/drm/i915/display/vlv_dsi.c             |    3 +-
 drivers/gpu/drm/i915/gem/i915_gem_execbuffer.c     |    2 +-
 drivers/gpu/drm/i915/gem/i915_gem_pm.c             |    2 +-
 drivers/gpu/drm/i915/gem/i915_gem_ttm.c            |    2 +-
 drivers/gpu/drm/i915/gt/intel_gt_pm.h              |    6 +-
 drivers/gpu/drm/i915/gt/intel_reset.c              |    4 +-
 drivers/gpu/drm/i915/gt/intel_tlb.c                |    2 +-
 drivers/gpu/drm/i915/gt/uc/intel_guc_fw.c          |    2 +-
 drivers/gpu/drm/i915/gt/uc/intel_guc_log.c         |    2 +-
 drivers/gpu/drm/i915/gt/uc/intel_huc.c             |    2 +-
 drivers/gpu/drm/i915/gvt/cmd_parser.c              |    1 -
 drivers/gpu/drm/i915/gvt/gtt.c                     |    2 +-
 drivers/gpu/drm/i915/gvt/opregion.c                |    2 +-
 drivers/gpu/drm/i915/gvt/page_track.c              |    2 +-
 drivers/gpu/drm/i915/gvt/scheduler.c               |    2 +-
 drivers/gpu/drm/i915/i915_debugfs.c                |    6 -
 drivers/gpu/drm/i915/i915_driver.c                 |   24 +-
 drivers/gpu/drm/i915/i915_drv.h                    |    3 +-
 drivers/gpu/drm/i915/i915_gpu_error.c              |   25 +-
 drivers/gpu/drm/i915/i915_gpu_error.h              |   11 +-
 drivers/gpu/drm/i915/i915_hwmon.c                  |   40 +
 drivers/gpu/drm/i915/i915_irq.c                    |   65 +-
 drivers/gpu/drm/i915/i915_irq.h                    |    4 +-
 drivers/gpu/drm/i915/i915_pci.c                    |    1 +
 drivers/gpu/drm/i915/i915_reg.h                    |  403 ++++---
 drivers/gpu/drm/i915/i915_suspend.c                |    3 +-
 drivers/gpu/drm/i915/i915_trace.h                  |    2 +-
 drivers/gpu/drm/i915/i915_utils.h                  |    2 +-
 drivers/gpu/drm/i915/intel_mchbar_regs.h           |    4 +
 drivers/gpu/drm/i915/intel_runtime_pm.c            |    6 +-
 drivers/gpu/drm/i915/intel_runtime_pm.h            |    1 -
 drivers/gpu/drm/i915/intel_wakeref.h               |   18 +-
 drivers/gpu/drm/i915/pxp/intel_pxp.c               |    4 +-
 drivers/gpu/drm/i915/pxp/intel_pxp.h               |    4 +-
 drivers/gpu/drm/i915/selftests/mock_gem_device.c   |    6 +-
 drivers/gpu/drm/xe/Makefile                        |    3 +-
 .../drm/xe/compat-i915-headers/gem/i915_gem_lmem.h |    1 -
 .../drm/xe/compat-i915-headers/gem/i915_gem_mman.h |   17 -
 .../xe/compat-i915-headers/gem/i915_gem_object.h   |   64 --
 .../gem/i915_gem_object_frontbuffer.h              |   12 -
 .../gem/i915_gem_object_types.h                    |   11 -
 .../gpu/drm/xe/compat-i915-headers/i915_debugfs.h  |   14 -
 drivers/gpu/drm/xe/compat-i915-headers/i915_drv.h  |    1 +
 .../drm/xe/compat-i915-headers/intel_runtime_pm.h  |    7 +-
 .../gpu/drm/xe/compat-i915-headers/intel_uncore.h  |   24 -
 .../gpu/drm/xe/compat-i915-headers/intel_wakeref.h |    4 +-
 .../gpu/drm/xe/compat-i915-headers/pxp/intel_pxp.h |   10 +-
 drivers/gpu/drm/xe/display/intel_bo.c              |   84 ++
 drivers/gpu/drm/xe/display/intel_fb_bo.c           |   19 +-
 drivers/gpu/drm/xe/display/intel_fb_bo.h           |   24 -
 drivers/gpu/drm/xe/display/intel_fbdev_fb.c        |   12 +-
 drivers/gpu/drm/xe/display/xe_display.c            |   19 +-
 drivers/gpu/drm/xe/display/xe_fb_pin.c             |   12 +-
 drivers/gpu/drm/xe/display/xe_hdcp_gsc.c           |   44 +-
 drivers/gpu/drm/xe/display/xe_plane_initial.c      |    2 +-
 drivers/gpu/drm/xe/xe_bo.h                         |    2 -
 drivers/gpu/drm/xe/xe_bo_types.h                   |    3 -
 include/drm/intel/i915_pciids.h                    |   40 +-
 167 files changed, 4488 insertions(+), 3625 deletions(-)
 create mode 100644 drivers/gpu/drm/i915/display/intel_bo.c
 create mode 100644 drivers/gpu/drm/i915/display/intel_bo.h
 create mode 100644 drivers/gpu/drm/i915/display/intel_display_snapshot.c
 create mode 100644 drivers/gpu/drm/i915/display/intel_display_snapshot.h
 create mode 100644 drivers/gpu/drm/i915/display/intel_dp_test.c
 create mode 100644 drivers/gpu/drm/i915/display/intel_dp_test.h
 create mode 100644 drivers/gpu/drm/i915/display/intel_hdcp_shim.h
 delete mode 100644 drivers/gpu/drm/xe/compat-i915-headers/gem/i915_gem_lmem.h
 delete mode 100644 drivers/gpu/drm/xe/compat-i915-headers/gem/i915_gem_mman.h
 delete mode 100644 drivers/gpu/drm/xe/compat-i915-headers/gem/i915_gem_object.h
 delete mode 100644 drivers/gpu/drm/xe/compat-i915-headers/gem/i915_gem_object_frontbuffer.h
 delete mode 100644 drivers/gpu/drm/xe/compat-i915-headers/gem/i915_gem_object_types.h
 delete mode 100644 drivers/gpu/drm/xe/compat-i915-headers/i915_debugfs.h
 create mode 100644 drivers/gpu/drm/xe/display/intel_bo.c
 delete mode 100644 drivers/gpu/drm/xe/display/intel_fb_bo.h
Merging drm-msm/msm-next (15302579373e drm/msm/dpu: enable writeback on SM6350)
$ git merge -m Merge branch 'msm-next' of https://gitlab.freedesktop.org/drm/msm.git drm-msm/msm-next
Already up to date.
Merging drm-msm-lumag/msm-next-lumag (15302579373e drm/msm/dpu: enable writeback on SM6350)
$ git merge -m Merge branch 'msm-next-lumag' of https://gitlab.freedesktop.org/lumag/msm.git drm-msm-lumag/msm-next-lumag
Already up to date.
Merging drm-xe/drm-xe-next (0c8650b09a36 drm/xe/oa: Don't reset OAC_CONTEXT_ENABLE on OA stream close)
$ git merge -m Merge branch 'drm-xe-next' of https://gitlab.freedesktop.org/drm/xe/kernel drm-xe/drm-xe-next
Auto-merging drivers/gpu/drm/i915/display/intel_dsb.c
Auto-merging drivers/gpu/drm/xe/Makefile
Auto-merging drivers/gpu/drm/xe/compat-i915-headers/intel_uncore.h
Auto-merging drivers/gpu/drm/xe/display/xe_display.c
Auto-merging drivers/gpu/drm/xe/regs/xe_gt_regs.h
Auto-merging drivers/gpu/drm/xe/xe_bo.c
Auto-merging drivers/gpu/drm/xe/xe_bo.h
Auto-merging drivers/gpu/drm/xe/xe_device.c
Auto-merging drivers/gpu/drm/xe/xe_drm_client.c
Auto-merging drivers/gpu/drm/xe/xe_exec_queue.c
Auto-merging drivers/gpu/drm/xe/xe_ggtt.c
Auto-merging drivers/gpu/drm/xe/xe_gt.c
Auto-merging drivers/gpu/drm/xe/xe_gt.h
Auto-merging drivers/gpu/drm/xe/xe_gt_pagefault.c
Auto-merging drivers/gpu/drm/xe/xe_oa.c
CONFLICT (content): Merge conflict in drivers/gpu/drm/xe/xe_oa.c
Auto-merging drivers/gpu/drm/xe/xe_pm.c
Auto-merging drivers/gpu/drm/xe/xe_vram.c
Auto-merging drivers/gpu/drm/xe/xe_wa.c
Resolved 'drivers/gpu/drm/xe/xe_oa.c' using previous resolution.
Automatic merge failed; fix conflicts and then commit the result.
$ git commit --no-edit -v -a
[master 4d4fb55dcd5b] Merge branch 'drm-xe-next' of https://gitlab.freedesktop.org/drm/xe/kernel
$ git diff -M --stat --summary HEAD^..
 drivers/gpu/drm/i915/display/intel_dsb.c           |   4 -
 drivers/gpu/drm/xe/Kconfig.debug                   |  12 +
 drivers/gpu/drm/xe/Makefile                        |   1 +
 drivers/gpu/drm/xe/abi/guc_actions_sriov_abi.h     |  61 +++
 .../gpu/drm/xe/compat-i915-headers/intel_uncore.h  |  36 +-
 drivers/gpu/drm/xe/display/xe_display.c            |  95 +++--
 drivers/gpu/drm/xe/display/xe_display.h            |  12 +-
 drivers/gpu/drm/xe/display/xe_dsb_buffer.c         |   9 +-
 drivers/gpu/drm/xe/regs/xe_gt_regs.h               |  77 +---
 drivers/gpu/drm/xe/regs/xe_irq_regs.h              |  82 ++++
 drivers/gpu/drm/xe/regs/xe_reg_defs.h              |   2 +-
 drivers/gpu/drm/xe/regs/xe_regs.h                  |  14 -
 drivers/gpu/drm/xe/tests/xe_bo.c                   | 239 ++++++++++++
 drivers/gpu/drm/xe/tests/xe_mocs.c                 |   4 +-
 drivers/gpu/drm/xe/xe_assert.h                     |   2 +-
 drivers/gpu/drm/xe/xe_bo.c                         |  34 +-
 drivers/gpu/drm/xe/xe_device.c                     | 110 ++++--
 drivers/gpu/drm/xe/xe_device.h                     |  15 +-
 drivers/gpu/drm/xe/xe_device_types.h               |  81 ++--
 drivers/gpu/drm/xe/xe_drm_client.c                 |   9 +-
 drivers/gpu/drm/xe/xe_exec_queue.c                 |   6 +-
 drivers/gpu/drm/xe/xe_execlist.c                   |  19 +-
 drivers/gpu/drm/xe/xe_force_wake.c                 |   4 +-
 drivers/gpu/drm/xe/xe_ggtt.c                       |   8 +-
 drivers/gpu/drm/xe/xe_gpu_scheduler.c              |   5 +
 drivers/gpu/drm/xe/xe_gpu_scheduler.h              |   2 +
 drivers/gpu/drm/xe/xe_gsc.c                        |  24 +-
 drivers/gpu/drm/xe/xe_gsc_proxy.c                  |   4 +-
 drivers/gpu/drm/xe/xe_gt.c                         |  41 +-
 drivers/gpu/drm/xe/xe_gt.h                         |   2 +
 drivers/gpu/drm/xe/xe_gt_ccs_mode.c                |   2 +-
 drivers/gpu/drm/xe/xe_gt_clock.c                   |   6 +-
 drivers/gpu/drm/xe/xe_gt_debugfs.c                 |  13 +
 drivers/gpu/drm/xe/xe_gt_freq.c                    |   6 +-
 drivers/gpu/drm/xe/xe_gt_idle.c                    | 130 ++++++-
 drivers/gpu/drm/xe/xe_gt_idle.h                    |   2 +
 drivers/gpu/drm/xe/xe_gt_idle_types.h              |   2 +
 drivers/gpu/drm/xe/xe_gt_mcr.c                     |  41 +-
 drivers/gpu/drm/xe/xe_gt_pagefault.c               |  39 +-
 drivers/gpu/drm/xe/xe_gt_printk.h                  |   2 +-
 drivers/gpu/drm/xe/xe_gt_sriov_pf.c                |  56 ++-
 drivers/gpu/drm/xe/xe_gt_sriov_pf.h                |   1 +
 drivers/gpu/drm/xe/xe_gt_sriov_pf_control.c        |  44 ++-
 drivers/gpu/drm/xe/xe_gt_sriov_pf_control_types.h  |   2 +
 drivers/gpu/drm/xe/xe_gt_sriov_pf_debugfs.c        |  49 +++
 drivers/gpu/drm/xe/xe_gt_sriov_pf_migration.c      | 419 +++++++++++++++++++++
 drivers/gpu/drm/xe/xe_gt_sriov_pf_migration.h      |  24 ++
 .../gpu/drm/xe/xe_gt_sriov_pf_migration_types.h    |  40 ++
 drivers/gpu/drm/xe/xe_gt_sriov_pf_service.c        |   6 +-
 drivers/gpu/drm/xe/xe_gt_sriov_pf_types.h          |   6 +
 drivers/gpu/drm/xe/xe_gt_sriov_vf.c                |   4 +-
 drivers/gpu/drm/xe/xe_gt_sriov_vf_debugfs.c        |   2 +-
 drivers/gpu/drm/xe/xe_gt_sysfs.c                   |   2 +-
 drivers/gpu/drm/xe/xe_gt_throttle.c                |   4 +-
 drivers/gpu/drm/xe/xe_gt_tlb_invalidation.c        |   8 +-
 drivers/gpu/drm/xe/xe_gt_topology.c                |   8 +-
 drivers/gpu/drm/xe/xe_gt_types.h                   |  22 +-
 drivers/gpu/drm/xe/xe_guc.c                        |  65 ++--
 drivers/gpu/drm/xe/xe_guc_ads.c                    |   2 +-
 drivers/gpu/drm/xe/xe_guc_ct.c                     |   4 +-
 drivers/gpu/drm/xe/xe_guc_pc.c                     |  34 +-
 drivers/gpu/drm/xe/xe_guc_submit.c                 |  37 +-
 drivers/gpu/drm/xe/xe_guc_types.h                  |   2 +
 drivers/gpu/drm/xe/xe_huc.c                        |   6 +-
 drivers/gpu/drm/xe/xe_hw_engine.c                  |  61 ++-
 drivers/gpu/drm/xe/xe_hw_engine_types.h            |   2 +
 drivers/gpu/drm/xe/xe_hwmon.c                      |  16 +-
 drivers/gpu/drm/xe/xe_irq.c                        |  78 ++--
 drivers/gpu/drm/xe/xe_lmtt.c                       |   2 +-
 drivers/gpu/drm/xe/xe_lrc.c                        |   8 +-
 drivers/gpu/drm/xe/xe_memirq.c                     | 192 +++++++---
 drivers/gpu/drm/xe/xe_memirq.h                     |   6 +-
 drivers/gpu/drm/xe/xe_memirq_types.h               |   4 +-
 drivers/gpu/drm/xe/xe_mmio.c                       | 139 +++----
 drivers/gpu/drm/xe/xe_mmio.h                       |  35 +-
 drivers/gpu/drm/xe/xe_mocs.c                       |  16 +-
 drivers/gpu/drm/xe/xe_oa.c                         |  57 +--
 drivers/gpu/drm/xe/xe_pat.c                        |  21 +-
 drivers/gpu/drm/xe/xe_pci.c                        |  30 +-
 drivers/gpu/drm/xe/xe_pcode.c                      |   4 +-
 drivers/gpu/drm/xe/xe_pm.c                         |   6 +-
 drivers/gpu/drm/xe/xe_query.c                      |   7 +-
 drivers/gpu/drm/xe/xe_reg_sr.c                     |  17 +-
 drivers/gpu/drm/xe/xe_rtp.c                        |   2 +-
 drivers/gpu/drm/xe/xe_sa.c                         |   2 +-
 drivers/gpu/drm/xe/xe_sriov.c                      |   2 +-
 drivers/gpu/drm/xe/xe_trace.h                      |   7 +-
 drivers/gpu/drm/xe/xe_trace_bo.h                   |   2 +-
 drivers/gpu/drm/xe/xe_ttm_stolen_mgr.c             |   8 +-
 drivers/gpu/drm/xe/xe_tuning.c                     |  30 +-
 drivers/gpu/drm/xe/xe_uc_fw.c                      |  17 +-
 drivers/gpu/drm/xe/xe_vm.c                         |  28 +-
 drivers/gpu/drm/xe/xe_vram.c                       |   7 +-
 drivers/gpu/drm/xe/xe_wa.c                         |   4 +-
 drivers/gpu/drm/xe/xe_wopcm.c                      |  12 +-
 include/drm/intel/xe_pciids.h                      |  35 +-
 96 files changed, 2257 insertions(+), 704 deletions(-)
 create mode 100644 drivers/gpu/drm/xe/regs/xe_irq_regs.h
 create mode 100644 drivers/gpu/drm/xe/xe_gt_sriov_pf_migration.c
 create mode 100644 drivers/gpu/drm/xe/xe_gt_sriov_pf_migration.h
 create mode 100644 drivers/gpu/drm/xe/xe_gt_sriov_pf_migration_types.h
$ git am -3 ../patches/0001-fix-up-for-lib-string_choices-Add-str_up_down-helper.patch
Applying: fix up for "lib/string_choices: Add str_up_down() helper"
$ git reset HEAD^
Unstaged changes after reset:
M	drivers/gpu/drm/xe/xe_gt_idle.c
$ git add -A .
$ git commit -v -a --amend
[master c0558b198d44] Merge branch 'drm-xe-next' of https://gitlab.freedesktop.org/drm/xe/kernel
 Date: Tue Oct 1 11:15:34 2024 +1000
$ git am -3 ../patches/0001-fix-up-for-drm-xe-Wire-up-device-shutdown-handler.patch
Applying: fix up for "drm/xe: Wire up device shutdown handler"
$ git reset HEAD^
Unstaged changes after reset:
M	drivers/gpu/drm/xe/display/xe_display.c
$ git add -A .
$ git commit -v -a --amend
[master fc935e12a849] Merge branch 'drm-xe-next' of https://gitlab.freedesktop.org/drm/xe/kernel
 Date: Tue Oct 1 11:15:34 2024 +1000
Merging etnaviv/etnaviv/next (704d3d60fec4 drm/etnaviv: don't block scheduler when GPU is still active)
$ git merge -m Merge branch 'etnaviv/next' of https://git.pengutronix.de/git/lst/linux etnaviv/etnaviv/next
Already up to date.
Merging fbdev/for-next (98f7e32f20d2 Linux 6.11)
$ git merge -m Merge branch 'for-next' of git://git.kernel.org/pub/scm/linux/kernel/git/deller/linux-fbdev.git fbdev/for-next
Already up to date.
Merging regmap/for-next (14cb88ad5b3e Merge branch 'regmap-linus' into regmap-next)
$ git merge -m Merge branch 'for-next' of git://git.kernel.org/pub/scm/linux/kernel/git/broonie/regmap.git regmap/for-next
Merge made by the 'ort' strategy.
Merging sound/for-next (368e4663c557 ALSA: mixer_oss: Remove some incorrect kfree_const() usages)
$ git merge -m Merge branch 'for-next' of git://git.kernel.org/pub/scm/linux/kernel/git/tiwai/sound.git sound/for-next
Already up to date.
Merging ieee1394/for-next (f1cba5212e25 firewire: core: rename cause flag of tracepoints event)
$ git merge -m Merge branch 'for-next' of https://git.kernel.org/pub/scm/linux/kernel/git/ieee1394/linux1394.git ieee1394/for-next
Already up to date.
Merging sound-asoc/for-next (9938216c99e2 Merge remote-tracking branch 'asoc/for-6.13' into asoc-next)
$ git merge -m Merge branch 'for-next' of git://git.kernel.org/pub/scm/linux/kernel/git/broonie/sound.git sound-asoc/for-next
Merge made by the 'ort' strategy.
 .../devicetree/bindings/sound/fsl,esai.yaml        |   14 +
 .../devicetree/bindings/sound/realtek,rt5640.yaml  |  146 +
 Documentation/devicetree/bindings/sound/rt5640.txt |   97 -
 sound/soc/bcm/bcm2835-i2s.c                        |    2 +-
 sound/soc/codecs/aw88395/aw88395_device.c          |    2 +-
 sound/soc/codecs/aw88395/aw88395_lib.c             |    2 +-
 sound/soc/codecs/aw88399.c                         |    2 +-
 sound/soc/codecs/rt1320-sdw.c                      | 3347 +-------------------
 sound/soc/codecs/rt1320-sdw.h                      |    2 +
 sound/soc/codecs/tas2781-i2c.c                     |   35 +-
 sound/soc/codecs/tas5805m.c                        |    2 +-
 sound/soc/fsl/fsl_aud2htx.c                        |    2 +-
 sound/soc/fsl/fsl_easrc.c                          |    2 +-
 sound/soc/fsl/fsl_micfil.c                         |    2 +-
 sound/soc/meson/axg-tdm-interface.c                |   12 +-
 sound/soc/meson/axg-tdm.h                          |    2 -
 sound/soc/sof/ipc3.c                               |    2 +-
 17 files changed, 293 insertions(+), 3380 deletions(-)
 create mode 100644 Documentation/devicetree/bindings/sound/realtek,rt5640.yaml
 delete mode 100644 Documentation/devicetree/bindings/sound/rt5640.txt
Merging modules/modules-next (b319cea80539 module: Refine kmemleak scanned areas)
$ git merge -m Merge branch 'modules-next' of git://git.kernel.org/pub/scm/linux/kernel/git/mcgrof/linux.git modules/modules-next
Already up to date.
Merging input/next (c7bf046925dc Input: novatek-nvt-ts - add support for NT36672A touchscreen)
$ git merge -m Merge branch 'next' of git://git.kernel.org/pub/scm/linux/kernel/git/dtor/input.git input/next
Auto-merging MAINTAINERS
Auto-merging drivers/platform/x86/x86-android-tablets/other.c
Merge made by the 'ort' strategy.
 .../bindings/input/touchscreen/novatek,nvt-ts.yaml | 62 ++++++++++++++++++++
 MAINTAINERS                                        |  1 +
 drivers/input/touchscreen/novatek-nvt-ts.c         | 67 ++++++++++++++++++++--
 drivers/platform/x86/x86-android-tablets/other.c   |  2 +-
 4 files changed, 125 insertions(+), 7 deletions(-)
 create mode 100644 Documentation/devicetree/bindings/input/touchscreen/novatek,nvt-ts.yaml
Merging block/for-next (52d980df51c6 Merge branch 'for-6.13/io_uring' into for-next)
$ git merge -m Merge branch 'for-next' of git://git.kernel.dk/linux-block.git block/for-next
Merge made by the 'ort' strategy.
 block/blk-integrity.c         |   3 +-
 include/uapi/linux/io_uring.h |   3 +
 io_uring/eventfd.c            | 133 ++++++++++++++++++++++++++++--------------
 io_uring/io_uring.c           |   7 ++-
 io_uring/msg_ring.c           |  60 +++++++++++++++----
 io_uring/msg_ring.h           |   1 +
 io_uring/net.c                |   4 +-
 io_uring/register.c           |  30 ++++++++++
 8 files changed, 182 insertions(+), 59 deletions(-)
Merging device-mapper/for-next (579b2ba40ece dm verity: fallback to platform keyring also if key in trusted keyring is rejected)
$ git merge -m Merge branch 'for-next' of git://git.kernel.org/pub/scm/linux/kernel/git/device-mapper/linux-dm.git device-mapper/for-next
Already up to date.
Merging libata/for-next (0e9a2990a93f ata: libata-scsi: Fix ata_msense_control() CDL page reporting)
$ git merge -m Merge branch 'for-next' of git://git.kernel.org/pub/scm/linux/kernel/git/libata/linux libata/for-next
Already up to date.
Merging pcmcia/pcmcia-next (0630e3bc0e91 pcmcia: add missing MODULE_DESCRIPTION() macros)
$ git merge -m Merge branch 'pcmcia-next' of git://git.kernel.org/pub/scm/linux/kernel/git/brodo/linux.git pcmcia/pcmcia-next
Already up to date.
Merging mmc/next (cd3689b6772f mmc: core: Use dev_err_probe for deferred regulators)
$ git merge -m Merge branch 'next' of git://git.kernel.org/pub/scm/linux/kernel/git/ulfh/mmc.git mmc/next
Already up to date.
Merging mfd/for-mfd-next (91dba615c343 mfd: atc260x: Convert a bunch of commas to semicolons)
$ git merge -m Merge branch 'for-mfd-next' of git://git.kernel.org/pub/scm/linux/kernel/git/lee/mfd.git mfd/for-mfd-next
Already up to date.
Merging backlight/for-backlight-next (fea88a13a5d1 backlight: l4f00242t03: Add check for spi_setup)
$ git merge -m Merge branch 'for-backlight-next' of git://git.kernel.org/pub/scm/linux/kernel/git/lee/backlight.git backlight/for-backlight-next
Already up to date.
Merging battery/for-next (e50a57d16f89 power: supply: hwmon: Fix missing temp1_max_alarm attribute)
$ git merge -m Merge branch 'for-next' of git://git.kernel.org/pub/scm/linux/kernel/git/sre/linux-power-supply.git battery/for-next
Already up to date.
Merging regulator/for-next (c74e58fd25e1 Merge remote-tracking branch 'regulator/for-6.13' into regulator-next)
$ git merge -m Merge branch 'for-next' of git://git.kernel.org/pub/scm/linux/kernel/git/broonie/regulator.git regulator/for-next
Merge made by the 'ort' strategy.
 drivers/regulator/core.c                       |  4 +-
 drivers/regulator/devres.c                     | 39 ++++++++++++++++++++
 drivers/regulator/internal.h                   | 18 ++++++---
 drivers/regulator/isl6271a-regulator.c         |  4 +-
 drivers/regulator/of_regulator.c               | 51 +++++++++++++++++++++++---
 drivers/regulator/qcom_smd-regulator.c         |  2 +-
 drivers/regulator/renesas-usb-vbus-regulator.c |  7 +---
 include/linux/regulator/consumer.h             | 37 +++++++++++++++++++
 8 files changed, 140 insertions(+), 22 deletions(-)
Merging security/next (f89722faa314 ipe: Add missing terminator to list of unit tests)
$ git merge -m Merge branch 'next' of git://git.kernel.org/pub/scm/linux/kernel/git/pcmoore/lsm.git security/next
Already up to date.
Merging apparmor/apparmor-next (8400291e289e Linux 6.11-rc1)
$ git merge -m Merge branch 'apparmor-next' of git://git.kernel.org/pub/scm/linux/kernel/git/jj/linux-apparmor apparmor/apparmor-next
Already up to date.
Merging integrity/next-integrity (fa8a4ce432e8 ima: fix buffer overrun in ima_eventdigest_init_common)
$ git merge -m Merge branch 'next-integrity' of git://git.kernel.org/pub/scm/linux/kernel/git/zohar/linux-integrity integrity/next-integrity
Merge made by the 'ort' strategy.
 security/integrity/ima/ima_template_lib.c | 14 ++++++++++----
 1 file changed, 10 insertions(+), 4 deletions(-)
Merging selinux/next (83f8b733c9b7 Automated merge of 'dev' into 'next')
$ git merge -m Merge branch 'next' of git://git.kernel.org/pub/scm/linux/kernel/git/pcmoore/selinux.git selinux/next
Merge made by the 'ort' strategy.
Merging smack/next (2749749afa07 smackfs: Use rcu_assign_pointer() to ensure safe assignment in smk_set_cipso)
$ git merge -m Merge branch 'next' of git://github.com/cschaufler/smack-next smack/next
Already up to date.
Merging tomoyo/master (ada1986d0797 tomoyo: fallback to realpath if symlink's pathname does not exist)
$ git merge -m Merge branch 'master' of git://git.code.sf.net/p/tomoyo/tomoyo.git tomoyo/master
Already up to date.
Merging tpmdd/next (558bdc45dfb2 sign-file,extract-cert: use pkcs11 provider for OPENSSL MAJOR >= 3)
$ git merge -m Merge branch 'next' of git://git.kernel.org/pub/scm/linux/kernel/git/jarkko/linux-tpmdd.git tpmdd/next
Already up to date.
Merging watchdog/master (9852d85ec9d4 Linux 6.12-rc1)
$ git merge -m Merge branch 'master' of git://www.linux-watchdog.org/linux-watchdog-next.git watchdog/master
Already up to date.
Merging iommu/next (97162f6093d2 Merge branches 'fixes', 'arm/smmu', 'intel/vt-d', 'amd/amd-vi' and 'core' into next)
$ git merge -m Merge branch 'next' of git://git.kernel.org/pub/scm/linux/kernel/git/iommu/linux.git iommu/next
Already up to date.
Merging audit/next (8c1867a2f0fd audit: Make use of str_enabled_disabled() helper)
$ git merge -m Merge branch 'next' of git://git.kernel.org/pub/scm/linux/kernel/git/pcmoore/audit.git audit/next
Already up to date.
Merging devicetree/for-next (0c36680c0e2d dt-bindings: watchdog: Add rockchip,rk3576-wdt compatible)
$ git merge -m Merge branch 'for-next' of git://git.kernel.org/pub/scm/linux/kernel/git/robh/linux.git devicetree/for-next
Already up to date.
Merging dt-krzk/for-next (9852d85ec9d4 Linux 6.12-rc1)
$ git merge -m Merge branch 'for-next' of git://git.kernel.org/pub/scm/linux/kernel/git/krzk/linux-dt.git dt-krzk/for-next
Already up to date.
Merging mailbox/for-next (54595f2807d2 mailbox, remoteproc: omap2+: fix compile testing)
$ git merge -m Merge branch 'for-next' of git://git.kernel.org/pub/scm/linux/kernel/git/jassibrar/mailbox.git mailbox/for-next
Already up to date.
Merging spi/for-next (356749a2b22b Improve error handling in Rockchip SPI drivers)
$ git merge -m Merge branch 'for-next' of git://git.kernel.org/pub/scm/linux/kernel/git/broonie/spi.git spi/for-next
Merge made by the 'ort' strategy.
 .../devicetree/bindings/spi/spi-zynqmp-qspi.yaml   |  22 +-
 Documentation/driver-api/driver-model/devres.rst   |   4 +-
 drivers/media/pci/netup_unidvb/netup_unidvb_spi.c  |   6 +-
 drivers/media/usb/msi2500/msi2500.c                |   4 +-
 drivers/spi/atmel-quadspi.c                        |  38 ++-
 drivers/spi/spi-airoha-snfi.c                      | 154 +++++-----
 drivers/spi/spi-amd.c                              | 325 +++++++++++++++++++--
 drivers/spi/spi-ar934x.c                           |   2 +-
 drivers/spi/spi-aspeed-smc.c                       |   2 +-
 drivers/spi/spi-at91-usart.c                       |   2 +-
 drivers/spi/spi-ath79.c                            |   2 +-
 drivers/spi/spi-atmel.c                            |   2 +-
 drivers/spi/spi-au1550.c                           |   2 +-
 drivers/spi/spi-bcm2835.c                          |   2 +-
 drivers/spi/spi-bcm2835aux.c                       |   2 +-
 drivers/spi/spi-bcm63xx-hsspi.c                    |   2 +-
 drivers/spi/spi-bcm63xx.c                          |   2 +-
 drivers/spi/spi-bcmbca-hsspi.c                     |   2 +-
 drivers/spi/spi-brcmstb-qspi.c                     |   2 +-
 drivers/spi/spi-cadence-quadspi.c                  |   2 +-
 drivers/spi/spi-cadence.c                          |   2 +-
 drivers/spi/spi-cavium-octeon.c                    |   2 +-
 drivers/spi/spi-ch341.c                            |   2 +-
 drivers/spi/spi-coldfire-qspi.c                    |   2 +-
 drivers/spi/spi-davinci.c                          |   2 +-
 drivers/spi/spi-dln2.c                             |   2 +-
 drivers/spi/spi-dw-bt1.c                           |   2 +-
 drivers/spi/spi-dw-mmio.c                          |   2 +-
 drivers/spi/spi-ep93xx.c                           |   2 +-
 drivers/spi/spi-fsl-dspi.c                         |   2 +-
 drivers/spi/spi-fsl-espi.c                         |   2 +-
 drivers/spi/spi-fsl-lpspi.c                        |  14 +-
 drivers/spi/spi-fsl-qspi.c                         |   2 +-
 drivers/spi/spi-fsl-spi.c                          |   4 +-
 drivers/spi/spi-hisi-kunpeng.c                     |   2 +-
 drivers/spi/spi-hisi-sfc-v3xx.c                    |   2 +-
 drivers/spi/spi-img-spfi.c                         |   2 +-
 drivers/spi/spi-imx.c                              |   2 +-
 drivers/spi/spi-iproc-qspi.c                       |   2 +-
 drivers/spi/spi-lantiq-ssc.c                       |   4 +-
 drivers/spi/spi-meson-spicc.c                      |   2 +-
 drivers/spi/spi-meson-spifc.c                      |   2 +-
 drivers/spi/spi-microchip-core-qspi.c              |   2 +-
 drivers/spi/spi-microchip-core.c                   |   2 +-
 drivers/spi/spi-mpc52xx-psc.c                      |   4 +-
 drivers/spi/spi-mpc52xx.c                          |   2 +-
 drivers/spi/spi-mt65xx.c                           |   2 +-
 drivers/spi/spi-mtk-nor.c                          |   2 +-
 drivers/spi/spi-mtk-snfi.c                         |   2 +-
 drivers/spi/spi-mxic.c                             |   2 +-
 drivers/spi/spi-mxs.c                              |   2 +-
 drivers/spi/spi-npcm-fiu.c                         |   8 +-
 drivers/spi/spi-npcm-pspi.c                        |   2 +-
 drivers/spi/spi-nxp-fspi.c                         |   2 +-
 drivers/spi/spi-oc-tiny.c                          |   2 +-
 drivers/spi/spi-omap-uwire.c                       |   2 +-
 drivers/spi/spi-omap2-mcspi.c                      |   2 +-
 drivers/spi/spi-orion.c                            |   2 +-
 drivers/spi/spi-pic32-sqi.c                        |   4 +-
 drivers/spi/spi-pic32.c                            |   2 +-
 drivers/spi/spi-pl022.c                            |   2 +-
 drivers/spi/spi-ppc4xx.c                           |   2 +-
 drivers/spi/spi-pxa2xx-platform.c                  |   2 +-
 drivers/spi/spi-qcom-qspi.c                        |   2 +-
 drivers/spi/spi-qup.c                              |   2 +-
 drivers/spi/spi-rb4xx.c                            |   2 +-
 drivers/spi/spi-rockchip-sfc.c                     |  25 +-
 drivers/spi/spi-rockchip.c                         |  33 +--
 drivers/spi/spi-rpc-if.c                           |   2 +-
 drivers/spi/spi-rspi.c                             |   2 +-
 drivers/spi/spi-rzv2m-csi.c                        |   2 +-
 drivers/spi/spi-s3c64xx.c                          |   4 +-
 drivers/spi/spi-sh-hspi.c                          |   2 +-
 drivers/spi/spi-sh-msiof.c                         |   2 +-
 drivers/spi/spi-sh-sci.c                           |   2 +-
 drivers/spi/spi-sh.c                               |   2 +-
 drivers/spi/spi-sifive.c                           |   2 +-
 drivers/spi/spi-slave-mt27xx.c                     |  10 +-
 drivers/spi/spi-sn-f-ospi.c                        |   2 +-
 drivers/spi/spi-sprd.c                             |   4 +-
 drivers/spi/spi-st-ssc4.c                          |   2 +-
 drivers/spi/spi-stm32-qspi.c                       |   2 +-
 drivers/spi/spi-stm32.c                            |   2 +-
 drivers/spi/spi-sun4i.c                            |   2 +-
 drivers/spi/spi-sun6i.c                            |   2 +-
 drivers/spi/spi-sunplus-sp7021.c                   |   2 +-
 drivers/spi/spi-synquacer.c                        |   2 +-
 drivers/spi/spi-tegra114.c                         |   2 +-
 drivers/spi/spi-tegra20-sflash.c                   |   2 +-
 drivers/spi/spi-tegra20-slink.c                    |   4 +-
 drivers/spi/spi-tegra210-quad.c                    |   2 +-
 drivers/spi/spi-ti-qspi.c                          |   2 +-
 drivers/spi/spi-topcliff-pch.c                     |   2 +-
 drivers/spi/spi-uniphier.c                         |   2 +-
 drivers/spi/spi-xilinx.c                           |   2 +-
 drivers/spi/spi-xtensa-xtfpga.c                    |   2 +-
 drivers/spi/spi-zynq-qspi.c                        |   2 +-
 drivers/spi/spi-zynqmp-gqspi.c                     |   2 +-
 drivers/spi/spi.c                                  |  14 +-
 drivers/video/fbdev/mmp/hw/mmp_spi.c               |   6 +-
 include/linux/spi/spi.h                            |  30 --
 101 files changed, 566 insertions(+), 313 deletions(-)
Merging tip/master (5b0c5f05fb2f Merge branch into tip/master: 'x86/splitlock')
$ git merge -m Merge branch 'master' of git://git.kernel.org/pub/scm/linux/kernel/git/tip/tip.git tip/master
Auto-merging kernel/fork.c
Merge made by the 'ort' strategy.
 Documentation/arch/x86/buslock.rst |   3 +-
 arch/x86/Kconfig                   |   8 +
 arch/x86/include/asm/cpu.h         |  11 +-
 arch/x86/kernel/cpu/Makefile       |   2 +
 arch/x86/kernel/cpu/bus_lock.c     | 406 ++++++++++++++++++++++++++++++++++++
 arch/x86/kernel/cpu/common.c       |   2 +
 arch/x86/kernel/cpu/intel.c        | 407 -------------------------------------
 include/linux/sched.h              |   2 +-
 kernel/fork.c                      |   2 +-
 9 files changed, 431 insertions(+), 412 deletions(-)
 create mode 100644 arch/x86/kernel/cpu/bus_lock.c
Merging clockevents/timers/drivers/next (d7a87891e2f5 platform/x86:intel/pmc: fix build regression with pmtimer turned off)
$ git merge -m Merge branch 'timers/drivers/next' of https://git.linaro.org/people/daniel.lezcano/linux.git clockevents/timers/drivers/next
Auto-merging MAINTAINERS
Auto-merging drivers/platform/x86/intel/pmc/core.c
Auto-merging kernel/time/hrtimer.c
Auto-merging kernel/time/timer.c
Auto-merging mm/damon/core.c
Merge made by the 'ort' strategy.
 MAINTAINERS                           |   2 +
 drivers/platform/x86/intel/pmc/core.c |   6 +-
 include/linux/acpi_pmtmr.h            |  13 +-
 include/linux/delay.h                 |   2 +-
 kernel/time/Makefile                  |   2 +-
 kernel/time/hrtimer.c                 | 120 -------------
 kernel/time/sleep_timeout.c           | 320 ++++++++++++++++++++++++++++++++++
 kernel/time/timer.c                   | 192 --------------------
 mm/damon/core.c                       |   2 +-
 9 files changed, 330 insertions(+), 329 deletions(-)
 create mode 100644 kernel/time/sleep_timeout.c
Merging edac/edac-for-next (61124f42dcaa Merge ras/edac-drivers into for-next)
$ git merge -m Merge branch 'edac-for-next' of git://git.kernel.org/pub/scm/linux/kernel/git/ras/ras.git edac/edac-for-next
Merge made by the 'ort' strategy.
Merging ftrace/for-next (886f3732878d Merge ring-buffer/for-next)
$ git merge -m Merge branch 'for-next' of git://git.kernel.org/pub/scm/linux/kernel/git/trace/linux-trace.git ftrace/for-next
Merge made by the 'ort' strategy.
Merging rcu/next (355debb83bf7 Merge branches 'context_tracking.15.08.24a', 'csd.lock.15.08.24a', 'nocb.09.09.24a', 'rcutorture.14.08.24a', 'rcustall.09.09.24a', 'srcu.12.08.24a', 'rcu.tasks.14.08.24a', 'rcu_scaling_tests.15.08.24a', 'fixes.12.08.24a' and 'misc.11.08.24a' into next.09.09.24a)
$ git merge -m Merge branch 'next' of git://git.kernel.org/pub/scm/linux/kernel/git/rcu/linux.git rcu/next
Already up to date.
Merging paulmck/non-rcu/next (3b27dde7b75d Merge branches 'cmpxchg.2024.09.13a', 'lkmm.2024.09.14a', 'kcsan.2024.08.01a' and 'misc.2024.08.02a' into HEAD)
$ git merge -m Merge branch 'non-rcu/next' of git://git.kernel.org/pub/scm/linux/kernel/git/paulmck/linux-rcu.git paulmck/non-rcu/next
Merge made by the 'ort' strategy.
 tools/memory-model/linux-kernel.def | 27 +++++++++++++++++++++++++++
 1 file changed, 27 insertions(+)
Merging kvm/next (efbc6bd090f4 Documentation: KVM: fix warning in "make htmldocs")
$ git merge -m Merge branch 'next' of git://git.kernel.org/pub/scm/virt/kvm/kvm.git kvm/next
Already up to date.
Merging kvm-arm/next (17a000564499 Merge branch kvm-arm64/visibility-cleanups into kvmarm-master/next)
$ git merge -m Merge branch 'next' of git://git.kernel.org/pub/scm/linux/kernel/git/kvmarm/kvmarm.git kvm-arm/next
Already up to date.
Merging kvms390/next (f9b56b2c31e5 s390: Enable KVM_S390_UCONTROL config in debug_defconfig)
$ git merge -m Merge branch 'next' of git://git.kernel.org/pub/scm/linux/kernel/git/kvms390/linux.git kvms390/next
Already up to date.
Merging kvm-ppc/topic/ppc-kvm (9852d85ec9d4 Linux 6.12-rc1)
$ git merge -m Merge branch 'topic/ppc-kvm' of git://git.kernel.org/pub/scm/linux/kernel/git/powerpc/linux.git kvm-ppc/topic/ppc-kvm
Already up to date.
Merging kvm-riscv/riscv_kvm_next (5aa09297a3dc RISC-V: KVM: Fix to allow hpmcounter31 from the guest)
$ git merge -m Merge branch 'riscv_kvm_next' of https://github.com/kvm-riscv/linux.git kvm-riscv/riscv_kvm_next
Already up to date.
Merging kvm-x86/next (3cc25d5adcfd Merge branches 'fixes', 'generic', 'misc', 'mmu', 'pat_vmx_msrs', 'selftests', 'svm' and 'vmx')
$ git merge -m Merge branch 'next' of https://github.com/kvm-x86/linux.git kvm-x86/next
Merge made by the 'ort' strategy.
Merging xen-tip/linux-next (47ffe0578aee x86/pvh: Add 64bit relocation page tables)
$ git merge -m Merge branch 'linux-next' of git://git.kernel.org/pub/scm/linux/kernel/git/xen/tip.git xen-tip/linux-next
Already up to date.
Merging percpu/for-next (79125d57644c Merge branch 'for-6.12' into for-next)
$ git merge -m Merge branch 'for-next' of git://git.kernel.org/pub/scm/linux/kernel/git/dennis/percpu.git percpu/for-next
Auto-merging mm/percpu.c
Merge made by the 'ort' strategy.
 mm/percpu.c | 7 ++++---
 1 file changed, 4 insertions(+), 3 deletions(-)
Merging workqueues/for-next (90c6d73ac19d Merge branch 'for-6.11-fixes' into for-next)
$ git merge -m Merge branch 'for-next' of git://git.kernel.org/pub/scm/linux/kernel/git/tj/wq.git workqueues/for-next
Merge made by the 'ort' strategy.
Merging sched-ext/for-next (161853a78bb2 sched/ext: Use tg_cgroup() to elieminate duplicate code)
$ git merge -m Merge branch 'for-next' of git://git.kernel.org/pub/scm/linux/kernel/git/tj/sched_ext.git sched-ext/for-next
Merge made by the 'ort' strategy.
 kernel/sched/ext.c | 129 ++++++++++++++++++++++++++++++++---------------------
 1 file changed, 78 insertions(+), 51 deletions(-)
Merging drivers-x86/for-next (9852d85ec9d4 Linux 6.12-rc1)
$ git merge -m Merge branch 'for-next' of git://git.kernel.org/pub/scm/linux/kernel/git/pdx86/platform-drivers-x86.git drivers-x86/for-next
Already up to date.
Merging chrome-platform/for-next (7cbf28998d73 platform/chrome: Drop explicit initialization of struct i2c_device_id::driver_data to 0)
$ git merge -m Merge branch 'for-next' of git://git.kernel.org/pub/scm/linux/kernel/git/chrome-platform/linux.git chrome-platform/for-next
Merge made by the 'ort' strategy.
 drivers/platform/chrome/cros_ec_i2c.c  | 2 +-
 drivers/platform/chrome/cros_hps_i2c.c | 2 +-
 2 files changed, 2 insertions(+), 2 deletions(-)
Merging chrome-platform-firmware/for-firmware-next (67f488dff17e firmware: coreboot: Don't register a pdev if screen_info data is present)
$ git merge -m Merge branch 'for-firmware-next' of git://git.kernel.org/pub/scm/linux/kernel/git/chrome-platform/linux.git chrome-platform-firmware/for-firmware-next
Auto-merging drivers/firmware/sysfb.c
Merge made by the 'ort' strategy.
 drivers/firmware/google/framebuffer-coreboot.c | 14 ++++++++++++++
 drivers/firmware/sysfb.c                       | 19 +++++++++++++++++++
 include/linux/sysfb.h                          |  7 +++++++
 3 files changed, 40 insertions(+)
Merging hsi/for-next (c3eddf5e8c30 HSI: omap-ssi: Remove unnecessary debugfs_create_dir() error check)
$ git merge -m Merge branch 'for-next' of git://git.kernel.org/pub/scm/linux/kernel/git/sre/linux-hsi.git hsi/for-next
Already up to date.
Merging leds-lj/for-leds-next (64c38866500b leds: turris-omnia: Fix module autoloading with MODULE_DEVICE_TABLE())
$ git merge -m Merge branch 'for-leds-next' of git://git.kernel.org/pub/scm/linux/kernel/git/lee/leds.git leds-lj/for-leds-next
Already up to date.
Merging ipmi/for-next (11a299a7933e Merge tag 'for-6.12/block-20240925' of git://git.kernel.dk/linux)
$ git merge -m Merge branch 'for-next' of git://github.com/cminyard/linux-ipmi.git ipmi/for-next
Already up to date.
Merging driver-core/driver-core-next (ad46e8f95e93 Merge tag 'pm-6.12-rc1-2' of git://git.kernel.org/pub/scm/linux/kernel/git/rafael/linux-pm)
$ git merge -m Merge branch 'driver-core-next' of git://git.kernel.org/pub/scm/linux/kernel/git/gregkh/driver-core.git driver-core/driver-core-next
Already up to date.
Merging usb/usb-next (9852d85ec9d4 Linux 6.12-rc1)
$ git merge -m Merge branch 'usb-next' of git://git.kernel.org/pub/scm/linux/kernel/git/gregkh/usb.git usb/usb-next
Already up to date.
Merging thunderbolt/next (9852d85ec9d4 Linux 6.12-rc1)
$ git merge -m Merge branch 'next' of git://git.kernel.org/pub/scm/linux/kernel/git/westeri/thunderbolt.git thunderbolt/next
Already up to date.
Merging usb-serial/usb-next (4c0d9477ba69 USB: serial: kobil_sct: restore initial terminal settings)
$ git merge -m Merge branch 'usb-next' of git://git.kernel.org/pub/scm/linux/kernel/git/johan/usb-serial.git usb-serial/usb-next
Already up to date.
Merging tty/tty-next (9852d85ec9d4 Linux 6.12-rc1)
$ git merge -m Merge branch 'tty-next' of git://git.kernel.org/pub/scm/linux/kernel/git/gregkh/tty.git tty/tty-next
Already up to date.
Merging char-misc/char-misc-next (ad46e8f95e93 Merge tag 'pm-6.12-rc1-2' of git://git.kernel.org/pub/scm/linux/kernel/git/rafael/linux-pm)
$ git merge -m Merge branch 'char-misc-next' of git://git.kernel.org/pub/scm/linux/kernel/git/gregkh/char-misc.git char-misc/char-misc-next
Already up to date.
Merging accel/habanalabs-next (f03eee5fc922 Merge tag 'drm-xe-next-fixes-2024-05-02' of https://gitlab.freedesktop.org/drm/xe/kernel into drm-next)
$ git merge -m Merge branch 'habanalabs-next' of git://git.kernel.org/pub/scm/linux/kernel/git/ogabbay/linux.git accel/habanalabs-next
Already up to date.
Merging coresight/next (988d40a4d4e7 coresight: Make trace ID map spinlock local to the map)
$ git merge -m Merge branch 'next' of git://git.kernel.org/pub/scm/linux/kernel/git/coresight/linux.git coresight/next
Already up to date.
Merging fastrpc/for-next (8400291e289e Linux 6.11-rc1)
$ git merge -m Merge branch 'for-next' of git://git.kernel.org/pub/scm/linux/kernel/git/srini/fastrpc.git fastrpc/for-next
Already up to date.
Merging fpga/for-next (8de36789bd03 fpga: zynq-fpga: Rename 'timeout' variable as 'time_left')
$ git merge -m Merge branch 'for-next' of git://git.kernel.org/pub/scm/linux/kernel/git/fpga/linux-fpga.git fpga/for-next
Already up to date.
Merging icc/icc-next (a5733950fe35 Merge branch 'icc-sm8350' into icc-next)
$ git merge -m Merge branch 'icc-next' of git://git.kernel.org/pub/scm/linux/kernel/git/djakov/icc.git icc/icc-next
Already up to date.
Merging iio/togreg (fec496684388 iio: adc: ad7173: add support for ad4113)
$ git merge -m Merge branch 'togreg' of git://git.kernel.org/pub/scm/linux/kernel/git/jic23/iio.git iio/togreg
Auto-merging drivers/iio/imu/bmi323/bmi323_core.c
Merge made by the 'ort' strategy.
 .../devicetree/bindings/iio/adc/adi,ad7173.yaml    |   3 +
 drivers/iio/accel/adxl380.c                        |   7 +-
 drivers/iio/accel/fxls8962af-core.c                |   3 +-
 drivers/iio/accel/hid-sensor-accel-3d.c            |   7 +-
 drivers/iio/adc/ad7173.c                           |  38 +++++++-
 drivers/iio/adc/ad7266.c                           |   2 +-
 drivers/iio/adc/ad7791.c                           |   4 +-
 drivers/iio/adc/ad7793.c                           |   2 +-
 drivers/iio/adc/ad7887.c                           |   2 +-
 drivers/iio/adc/axp20x_adc.c                       |  60 +++---------
 drivers/iio/adc/axp288_adc.c                       |   2 +-
 drivers/iio/adc/da9150-gpadc.c                     |  26 +----
 drivers/iio/adc/intel_mrfld_adc.c                  |   2 +-
 drivers/iio/adc/lp8788_adc.c                       |  18 +---
 drivers/iio/adc/ltc2497-core.c                     |  15 +--
 drivers/iio/adc/mp2629_adc.c                       |   2 +-
 drivers/iio/adc/rn5t618-adc.c                      |   2 +-
 drivers/iio/adc/sun4i-gpadc-iio.c                  |   7 +-
 drivers/iio/adc/ti-ads1015.c                       |   3 +-
 drivers/iio/addac/ad74115.c                        |  18 ++--
 drivers/iio/addac/ad74413r.c                       |  21 ++--
 drivers/iio/common/st_sensors/st_sensors_trigger.c |   2 +-
 drivers/iio/dac/ad5504.c                           |   2 +-
 drivers/iio/dac/ad5791.c                           |   2 +-
 drivers/iio/dac/m62332.c                           |   2 +-
 drivers/iio/dac/max517.c                           |   2 +-
 drivers/iio/frequency/ad9523.c                     |   2 +-
 drivers/iio/frequency/adf4350.c                    |   2 +-
 drivers/iio/gyro/fxas21002c_core.c                 |   3 +-
 drivers/iio/gyro/hid-sensor-gyro-3d.c              |   6 +-
 drivers/iio/gyro/mpu3050-core.c                    |   2 +-
 drivers/iio/humidity/hid-sensor-humidity.c         |   2 +-
 drivers/iio/humidity/hts221_buffer.c               |   3 +-
 drivers/iio/imu/bmi160/bmi160_core.c               |  11 +--
 drivers/iio/imu/bmi323/bmi323_core.c               |   8 +-
 drivers/iio/imu/fxos8700_core.c                    |   1 -
 drivers/iio/imu/inv_icm42600/inv_icm42600_core.c   |  10 +-
 drivers/iio/imu/inv_icm42600/inv_icm42600_i2c.c    |  17 ++++
 drivers/iio/imu/inv_icm42600/inv_icm42600_spi.c    |  17 ++++
 drivers/iio/imu/inv_mpu6050/inv_mpu_acpi.c         |   6 +-
 drivers/iio/imu/inv_mpu6050/inv_mpu_core.c         |   9 +-
 drivers/iio/imu/st_lsm6dsx/st_lsm6dsx.h            |   2 +-
 drivers/iio/imu/st_lsm6dsx/st_lsm6dsx_core.c       |  18 ++--
 drivers/iio/inkern.c                               |   7 +-
 drivers/iio/light/cm32181.c                        |   3 +-
 drivers/iio/light/hid-sensor-als.c                 |   6 +-
 drivers/iio/light/hid-sensor-prox.c                |   4 +-
 drivers/iio/light/lm3533-als.c                     |   6 +-
 drivers/iio/light/st_uvis25_core.c                 |   3 +-
 drivers/iio/magnetometer/ak8974.c                  |   2 +-
 drivers/iio/magnetometer/hid-sensor-magn-3d.c      |   4 +-
 drivers/iio/orientation/hid-sensor-incl-3d.c       |   6 +-
 drivers/iio/orientation/hid-sensor-rotation.c      |   6 +-
 .../iio/position/hid-sensor-custom-intel-hinge.c   |   6 +-
 drivers/iio/pressure/bmp280-core.c                 | 108 +++++++++++----------
 drivers/iio/pressure/bmp280.h                      |   9 ++
 drivers/iio/pressure/hid-sensor-press.c            |   6 +-
 drivers/iio/proximity/sx9324.c                     |  20 ++++
 drivers/iio/proximity/sx9360.c                     |   1 -
 drivers/iio/proximity/sx_common.c                  |  21 ----
 drivers/iio/proximity/sx_common.h                  |   4 -
 drivers/iio/temperature/hid-sensor-temperature.c   |   2 +-
 include/linux/iio/driver.h                         |   5 +-
 include/linux/types.h                              |   3 +-
 include/uapi/linux/types.h                         |   1 +
 tools/iio/iio_event_monitor.c                      |   1 +
 66 files changed, 292 insertions(+), 315 deletions(-)
Merging phy-next/next (9852d85ec9d4 Linux 6.12-rc1)
$ git merge -m Merge branch 'next' of git://git.kernel.org/pub/scm/linux/kernel/git/phy/linux-phy.git phy-next/next
Already up to date.
Merging soundwire/next (9852d85ec9d4 Linux 6.12-rc1)
$ git merge -m Merge branch 'next' of git://git.kernel.org/pub/scm/linux/kernel/git/vkoul/soundwire.git soundwire/next
Already up to date.
Merging extcon/extcon-next (9852d85ec9d4 Linux 6.12-rc1)
$ git merge -m Merge branch 'extcon-next' of git://git.kernel.org/pub/scm/linux/kernel/git/chanwoo/extcon.git extcon/extcon-next
Already up to date.
Merging gnss/gnss-next (8400291e289e Linux 6.11-rc1)
$ git merge -m Merge branch 'gnss-next' of git://git.kernel.org/pub/scm/linux/kernel/git/johan/gnss.git gnss/gnss-next
Already up to date.
Merging vfio/next (aab439ffa1ca vfio/pci: clean up a type in vfio_pci_ioctl_pci_hot_reset_groups())
$ git merge -m Merge branch 'next' of git://github.com/awilliam/linux-vfio.git vfio/next
Already up to date.
Merging w1/for-next (9852d85ec9d4 Linux 6.12-rc1)
$ git merge -m Merge branch 'for-next' of git://git.kernel.org/pub/scm/linux/kernel/git/krzk/linux-w1.git w1/for-next
Already up to date.
Merging spmi/spmi-next (7c626ce4bae1 Linux 6.11-rc3)
$ git merge -m Merge branch 'spmi-next' of git://git.kernel.org/pub/scm/linux/kernel/git/sboyd/spmi.git spmi/spmi-next
Already up to date.
Merging staging/staging-next (075dbe9f6e3c Merge tag 'soc-ep93xx-dt-6.12' of git://git.kernel.org/pub/scm/linux/kernel/git/soc/soc)
$ git merge -m Merge branch 'staging-next' of git://git.kernel.org/pub/scm/linux/kernel/git/gregkh/staging.git staging/staging-next
Already up to date.
Merging counter-next/counter-next (a3911e087d62 counter: ftm-quaddec: Enable module autoloading)
$ git merge -m Merge branch 'counter-next' of git://git.kernel.org/pub/scm/linux/kernel/git/wbg/counter.git counter-next/counter-next
Merge made by the 'ort' strategy.
 drivers/counter/ftm-quaddec.c | 1 +
 1 file changed, 1 insertion(+)
Merging siox/siox/for-next (db418d5f1ca5 siox: bus-gpio: Simplify using devm_siox_* functions)
$ git merge -m Merge branch 'siox/for-next' of git://git.kernel.org/pub/scm/linux/kernel/git/ukleinek/linux.git siox/siox/for-next
Already up to date.
Merging mux/for-next (5be63fc19fca Linux 6.11-rc5)
$ git merge -m Merge branch 'for-next' of https://gitlab.com/peda-linux/mux.git mux/for-next
Already up to date.
Merging dmaengine/next (9852d85ec9d4 Linux 6.12-rc1)
$ git merge -m Merge branch 'next' of git://git.kernel.org/pub/scm/linux/kernel/git/vkoul/dmaengine.git dmaengine/next
Already up to date.
Merging cgroup/for-next (95a616d89ccd cgroup/cpuset: Fix spelling errors in file kernel/cgroup/cpuset.c)
$ git merge -m Merge branch 'for-next' of git://git.kernel.org/pub/scm/linux/kernel/git/tj/cgroup.git cgroup/for-next
Merge made by the 'ort' strategy.
 kernel/cgroup/cpuset.c | 16 ++++++++--------
 1 file changed, 8 insertions(+), 8 deletions(-)
Merging scsi/for-next (5fe9a493006d Merge branch 'misc' into for-next)
$ git merge -m Merge branch 'for-next' of git://git.kernel.org/pub/scm/linux/kernel/git/jejb/scsi.git scsi/for-next
Merge made by the 'ort' strategy.
Merging scsi-mkp/for-next (359aeb86480d Merge patch series "Update lpfc to revision 14.4.0.5")
$ git merge -m Merge branch 'for-next' of git://git.kernel.org/pub/scm/linux/kernel/git/mkp/scsi.git scsi-mkp/for-next
Already up to date.
Merging vhost/linux-next (b9efbe2b8f01 virtio_console: fix misc probe bugs)
$ git merge -m Merge branch 'linux-next' of git://git.kernel.org/pub/scm/linux/kernel/git/mst/vhost.git vhost/linux-next
Auto-merging drivers/char/virtio_console.c
Merge made by the 'ort' strategy.
 drivers/char/virtio_console.c          | 18 ++++++++++--------
 drivers/vdpa/octeon_ep/octep_vdpa_hw.c | 12 ++++++------
 drivers/virtio/virtio_ring.c           |  2 +-
 3 files changed, 17 insertions(+), 15 deletions(-)
Merging rpmsg/for-next (8a8622b7c206 remoteproc: Use iommu_paging_domain_alloc())
$ git merge -m Merge branch 'for-next' of git://git.kernel.org/pub/scm/linux/kernel/git/remoteproc/linux.git rpmsg/for-next
Merge made by the 'ort' strategy.
 drivers/remoteproc/remoteproc_core.c      | 6 +++---
 drivers/remoteproc/ti_k3_dsp_remoteproc.c | 6 ++----
 drivers/remoteproc/ti_k3_m4_remoteproc.c  | 6 ++----
 drivers/remoteproc/ti_k3_r5_remoteproc.c  | 3 +--
 4 files changed, 8 insertions(+), 13 deletions(-)
Merging gpio/for-next (0bb80ecc33a8 Linux 6.6-rc1)
$ git merge -m Merge branch 'for-next' of git://git.kernel.org/pub/scm/linux/kernel/git/linusw/linux-gpio.git gpio/for-next
Already up to date.
Merging gpio-brgl/gpio/for-next (f53ab43553ea Fix typos in GPIO TODO document)
$ git merge -m Merge branch 'gpio/for-next' of git://git.kernel.org/pub/scm/linux/kernel/git/brgl/linux.git gpio-brgl/gpio/for-next
Merge made by the 'ort' strategy.
 drivers/gpio/TODO           |  4 ++--
 drivers/gpio/gpiolib-cdev.c |  2 +-
 drivers/gpio/gpiolib.c      | 41 +++++++++++++++++++++++++++++++++++++++++
 3 files changed, 44 insertions(+), 3 deletions(-)
Merging gpio-intel/for-next (12b0e305f509 gpio: acpi: switch to device_for_each_child_node_scoped())
$ git merge -m Merge branch 'for-next' of git://git.kernel.org/pub/scm/linux/kernel/git/andy/linux-gpio-intel.git gpio-intel/for-next
Merge made by the 'ort' strategy.
 drivers/gpio/gpiolib-acpi.c | 4 +---
 1 file changed, 1 insertion(+), 3 deletions(-)
Merging pinctrl/for-next (b8b23101552d Merge branch 'devel' into for-next)
$ git merge -m Merge branch 'for-next' of git://git.kernel.org/pub/scm/linux/kernel/git/linusw/linux-pinctrl.git pinctrl/for-next
Merge made by the 'ort' strategy.
Merging pinctrl-intel/for-next (21dcd49fb4aa Merge patch series "pinctrl: intel: platform: fix error path in device_for_each_child_node()")
$ git merge -m Merge branch 'for-next' of git://git.kernel.org/pub/scm/linux/kernel/git/pinctrl/intel.git pinctrl-intel/for-next
Merge made by the 'ort' strategy.
 drivers/pinctrl/intel/pinctrl-intel-platform.c | 5 ++---
 1 file changed, 2 insertions(+), 3 deletions(-)
Merging pinctrl-renesas/renesas-pinctrl (1325820dd085 pinctrl: renesas: rzg2l: Move pinconf_to_config_argument() call outside of switch cases)
$ git merge -m Merge branch 'renesas-pinctrl' of git://git.kernel.org/pub/scm/linux/kernel/git/geert/renesas-drivers.git pinctrl-renesas/renesas-pinctrl
Already up to date.
Merging pinctrl-samsung/for-next (9852d85ec9d4 Linux 6.12-rc1)
$ git merge -m Merge branch 'for-next' of git://git.kernel.org/pub/scm/linux/kernel/git/pinctrl/samsung.git pinctrl-samsung/for-next
Already up to date.
Merging pwm/pwm/for-next (3d7d2d834cd3 Merge branch 'pwm/duty_offset')
$ git merge -m Merge branch 'pwm/for-next' of git://git.kernel.org/pub/scm/linux/kernel/git/ukleinek/linux.git pwm/pwm/for-next
Merge made by the 'ort' strategy.
 drivers/pwm/core.c           | 857 +++++++++++++++++++++++++++++++++++--------
 drivers/pwm/pwm-atmel-tcb.c  |   4 +-
 drivers/pwm/pwm-axi-pwmgen.c | 163 +++++---
 drivers/pwm/pwm-stm32.c      | 612 +++++++++++++++++++-----------
 include/linux/pwm.h          |  55 ++-
 include/trace/events/pwm.h   | 134 ++++++-
 6 files changed, 1393 insertions(+), 432 deletions(-)
Merging ktest/for-next (2351e8c65404 ktest.pl: Avoid false positives with grub2 skip regex)
$ git merge -m Merge branch 'for-next' of git://git.kernel.org/pub/scm/linux/kernel/git/rostedt/linux-ktest.git ktest/for-next
Already up to date.
Merging kselftest/next (010b07d11e25 selftests: timers: improve timer_create failure message)
$ git merge -m Merge branch 'next' of git://git.kernel.org/pub/scm/linux/kernel/git/shuah/linux-kselftest.git kselftest/next
Auto-merging tools/testing/selftests/timers/posix_timers.c
Merge made by the 'ort' strategy.
 tools/testing/selftests/timers/Makefile              |  2 +-
 tools/testing/selftests/timers/adjtick.c             |  4 +---
 tools/testing/selftests/timers/alarmtimer-suspend.c  |  7 ++++---
 tools/testing/selftests/timers/inconsistency-check.c |  2 +-
 tools/testing/selftests/timers/leap-a-day.c          |  2 +-
 tools/testing/selftests/timers/mqueue-lat.c          |  2 +-
 tools/testing/selftests/timers/nanosleep.c           |  3 +--
 tools/testing/selftests/timers/nsleep-lat.c          |  3 +--
 tools/testing/selftests/timers/posix_timers.c        | 15 +++++++--------
 tools/testing/selftests/timers/raw_skew.c            |  2 +-
 tools/testing/selftests/timers/set-2038.c            |  3 +--
 tools/testing/selftests/timers/set-timer-lat.c       |  3 +--
 tools/testing/selftests/timers/valid-adjtimex.c      |  4 +---
 13 files changed, 22 insertions(+), 30 deletions(-)
Merging kunit/test (9852d85ec9d4 Linux 6.12-rc1)
$ git merge -m Merge branch 'test' of git://git.kernel.org/pub/scm/linux/kernel/git/shuah/linux-kselftest.git kunit/test
Already up to date.
Merging kunit-next/kunit (9852d85ec9d4 Linux 6.12-rc1)
$ git merge -m Merge branch 'kunit' of git://git.kernel.org/pub/scm/linux/kernel/git/shuah/linux-kselftest.git kunit-next/kunit
Already up to date.
Merging livepatching/for-next (9fbf78b6d6ce Merge branch 'for-6.12/trivial' into for-next)
$ git merge -m Merge branch 'for-next' of git://git.kernel.org/pub/scm/linux/kernel/git/livepatching/livepatching livepatching/for-next
Merge made by the 'ort' strategy.
Merging rtc/rtc-next (690286214916 rtc: rc5t619: use proper module tables)
$ git merge -m Merge branch 'rtc-next' of git://git.kernel.org/pub/scm/linux/kernel/git/abelloni/linux.git rtc/rtc-next
Already up to date.
Merging nvdimm/libnvdimm-for-next (447b167bb60d nvdimm: Remove dead code for ENODEV checking in scan_labels())
$ git merge -m Merge branch 'libnvdimm-for-next' of git://git.kernel.org/pub/scm/linux/kernel/git/nvdimm/nvdimm.git nvdimm/libnvdimm-for-next
Already up to date.
Merging at24/at24/for-next (9852d85ec9d4 Linux 6.12-rc1)
$ git merge -m Merge branch 'at24/for-next' of git://git.kernel.org/pub/scm/linux/kernel/git/brgl/linux.git at24/at24/for-next
Already up to date.
Merging ntb/ntb-next (811ef807a6a0 ntb_hw_switchtec: Fix shift-out-of-bounds in switchtec_ntb_mw_set_trans)
$ git merge -m Merge branch 'ntb-next' of https://github.com/jonmason/ntb.git ntb/ntb-next
Merge made by the 'ort' strategy.
 drivers/ntb/hw/intel/ntb_hw_gen3.c     | 3 +++
 drivers/ntb/hw/mscc/ntb_hw_switchtec.c | 2 +-
 2 files changed, 4 insertions(+), 1 deletion(-)
Merging seccomp/for-next/seccomp (de9c2c66ad8e Linux 6.11-rc2)
$ git merge -m Merge branch 'for-next/seccomp' of git://git.kernel.org/pub/scm/linux/kernel/git/kees/linux.git seccomp/for-next/seccomp
Already up to date.
Merging fsi/next (c5eeb63edac9 fsi: Fix panic on scom file read)
$ git merge -m Merge branch 'next' of git://git.kernel.org/pub/scm/linux/kernel/git/joel/fsi.git fsi/next
Merge made by the 'ort' strategy.
 drivers/fsi/fsi-sbefifo.c |  9 ++++++++-
 drivers/fsi/i2cr-scom.c   | 11 ++++++++++-
 2 files changed, 18 insertions(+), 2 deletions(-)
Merging slimbus/for-next (8400291e289e Linux 6.11-rc1)
$ git merge -m Merge branch 'for-next' of git://git.kernel.org/pub/scm/linux/kernel/git/srini/slimbus.git slimbus/for-next
Already up to date.
Merging nvmem/for-next (8400291e289e Linux 6.11-rc1)
$ git merge -m Merge branch 'for-next' of git://git.kernel.org/pub/scm/linux/kernel/git/srini/nvmem.git nvmem/for-next
Already up to date.
Merging xarray/main (6684aba0780d XArray: Add extra debugging check to xas_lock and friends)
$ git merge -m Merge branch 'main' of git://git.infradead.org/users/willy/xarray.git xarray/main
Merge made by the 'ort' strategy.
 include/linux/xarray.h | 60 +++++++++++++++++++++++++++-----------------------
 lib/xarray.c           |  3 +--
 2 files changed, 34 insertions(+), 29 deletions(-)
Merging hyperv/hyperv-next (94e86b174d10 tools/hv: Add memory allocation check in hv_fcopy_start)
$ git merge -m Merge branch 'hyperv-next' of git://git.kernel.org/pub/scm/linux/kernel/git/hyperv/linux.git hyperv/hyperv-next
Already up to date.
Merging auxdisplay/for-next (e3a5eb4ad795 auxdisplay: Drop explicit initialization of struct i2c_device_id::driver_data to 0)
$ git merge -m Merge branch 'for-next' of git://git.kernel.org/pub/scm/linux/kernel/git/andy/linux-auxdisplay.git auxdisplay/for-next
Merge made by the 'ort' strategy.
 drivers/auxdisplay/ht16k33.c | 2 +-
 drivers/auxdisplay/lcd2s.c   | 2 +-
 2 files changed, 2 insertions(+), 2 deletions(-)
Merging kgdb/kgdb/for-next (9bccbe7b2087 kdb: Get rid of redundant kdb_curr_task())
$ git merge -m Merge branch 'kgdb/for-next' of git://git.kernel.org/pub/scm/linux/kernel/git/danielt/linux.git kgdb/kgdb/for-next
Already up to date.
Merging hmm/hmm (6613476e225e Linux 6.8-rc1)
$ git merge -m Merge branch 'hmm' of git://git.kernel.org/pub/scm/linux/kernel/git/rdma/rdma.git hmm/hmm
Already up to date.
Merging cfi/cfi/next (9852d85ec9d4 Linux 6.12-rc1)
$ git merge -m Merge branch 'cfi/next' of git://git.kernel.org/pub/scm/linux/kernel/git/mtd/linux.git cfi/cfi/next
Already up to date.
Merging mhi/mhi-next (84a5ae5b23ba bus: mhi: host: pci_generic: Enable EDL trigger for Foxconn modems)
$ git merge -m Merge branch 'mhi-next' of git://git.kernel.org/pub/scm/linux/kernel/git/mani/mhi.git mhi/mhi-next
Already up to date.
Merging memblock/for-next (cb088e38aab4 s390/mm: get estimated free pages by memblock api)
$ git merge -m Merge branch 'for-next' of git://git.kernel.org/pub/scm/linux/kernel/git/rppt/memblock.git memblock/for-next
Already up to date.
Merging cxl/next (2c70677dabb5 cxl: Add documentation to explain the shared link bandwidth calculation)
$ git merge -m Merge branch 'next' of git://git.kernel.org/pub/scm/linux/kernel/git/cxl/cxl.git cxl/next
Already up to date.
Merging zstd/zstd-next (3f832dfb8a8e zstd: fix g_debuglevel export warning)
$ git merge -m Merge branch 'zstd-next' of https://github.com/terrelln/linux.git zstd/zstd-next
Auto-merging include/linux/zstd.h
Auto-merging lib/zstd/compress/zstd_compress.c
Auto-merging lib/zstd/zstd_compress_module.c
Auto-merging lib/zstd/zstd_decompress_module.c
Merge made by the 'ort' strategy.
 include/linux/zstd.h                           |    2 +-
 include/linux/zstd_errors.h                    |   23 +-
 include/linux/zstd_lib.h                       |  697 ++++++++--
 lib/zstd/Makefile                              |    2 +-
 lib/zstd/common/allocations.h                  |   56 +
 lib/zstd/common/bits.h                         |  149 ++
 lib/zstd/common/bitstream.h                    |   53 +-
 lib/zstd/common/compiler.h                     |   14 +-
 lib/zstd/common/cpu.h                          |    3 +-
 lib/zstd/common/debug.c                        |    5 +-
 lib/zstd/common/debug.h                        |    3 +-
 lib/zstd/common/entropy_common.c               |   42 +-
 lib/zstd/common/error_private.c                |   12 +-
 lib/zstd/common/error_private.h                |    3 +-
 lib/zstd/common/fse.h                          |   89 +-
 lib/zstd/common/fse_decompress.c               |   94 +-
 lib/zstd/common/huf.h                          |  234 +---
 lib/zstd/common/mem.h                          |    2 +-
 lib/zstd/common/portability_macros.h           |   26 +-
 lib/zstd/common/zstd_common.c                  |   38 +-
 lib/zstd/common/zstd_deps.h                    |   16 +-
 lib/zstd/common/zstd_internal.h                |   99 +-
 lib/zstd/compress/clevels.h                    |    3 +-
 lib/zstd/compress/fse_compress.c               |   59 +-
 lib/zstd/compress/hist.c                       |    3 +-
 lib/zstd/compress/hist.h                       |    3 +-
 lib/zstd/compress/huf_compress.c               |  372 +++--
 lib/zstd/compress/zstd_compress.c              | 1758 +++++++++++++++++-------
 lib/zstd/compress/zstd_compress_internal.h     |  333 +++--
 lib/zstd/compress/zstd_compress_literals.c     |  155 ++-
 lib/zstd/compress/zstd_compress_literals.h     |   25 +-
 lib/zstd/compress/zstd_compress_sequences.c    |    7 +-
 lib/zstd/compress/zstd_compress_sequences.h    |    3 +-
 lib/zstd/compress/zstd_compress_superblock.c   |   47 +-
 lib/zstd/compress/zstd_compress_superblock.h   |    3 +-
 lib/zstd/compress/zstd_cwksp.h                 |  149 +-
 lib/zstd/compress/zstd_double_fast.c           |  129 +-
 lib/zstd/compress/zstd_double_fast.h           |    6 +-
 lib/zstd/compress/zstd_fast.c                  |  578 ++++++--
 lib/zstd/compress/zstd_fast.h                  |    6 +-
 lib/zstd/compress/zstd_lazy.c                  |  518 +++----
 lib/zstd/compress/zstd_lazy.h                  |    7 +-
 lib/zstd/compress/zstd_ldm.c                   |   11 +-
 lib/zstd/compress/zstd_ldm.h                   |    3 +-
 lib/zstd/compress/zstd_ldm_geartab.h           |    3 +-
 lib/zstd/compress/zstd_opt.c                   |  187 +--
 lib/zstd/compress/zstd_opt.h                   |    3 +-
 lib/zstd/decompress/huf_decompress.c           |  772 +++++++----
 lib/zstd/decompress/zstd_ddict.c               |    9 +-
 lib/zstd/decompress/zstd_ddict.h               |    3 +-
 lib/zstd/decompress/zstd_decompress.c          |  259 +++-
 lib/zstd/decompress/zstd_decompress_block.c    |  283 ++--
 lib/zstd/decompress/zstd_decompress_block.h    |    8 +-
 lib/zstd/decompress/zstd_decompress_internal.h |    7 +-
 lib/zstd/decompress_sources.h                  |    2 +-
 lib/zstd/zstd_common_module.c                  |    5 +-
 lib/zstd/zstd_compress_module.c                |    2 +-
 lib/zstd/zstd_decompress_module.c              |    4 +-
 58 files changed, 4791 insertions(+), 2596 deletions(-)
 create mode 100644 lib/zstd/common/allocations.h
 create mode 100644 lib/zstd/common/bits.h
Merging efi/next (04736f7d1945 efi: Remove redundant null pointer checks in efi_debugfs_init())
$ git merge -m Merge branch 'next' of git://git.kernel.org/pub/scm/linux/kernel/git/efi/efi.git efi/next
Already up to date.
Merging unicode/for-next (156bb2c569cd unicode: Fix utf8_load() error path)
$ git merge -m Merge branch 'for-next' of git://git.kernel.org/pub/scm/linux/kernel/git/krisman/unicode.git unicode/for-next
Merge made by the 'ort' strategy.
 fs/unicode/mkutf8data.c       | 2 +-
 fs/unicode/utf8-core.c        | 2 +-
 fs/unicode/utf8data.c_shipped | 2 +-
 fs/unicode/utf8n.h            | 2 +-
 4 files changed, 4 insertions(+), 4 deletions(-)
Merging slab/slab/for-next (ecc4d6af979b Merge branch 'slab/for-6.12/kmem_cache_args' into slab/for-next)
$ git merge -m Merge branch 'slab/for-next' of git://git.kernel.org/pub/scm/linux/kernel/git/vbabka/slab.git slab/slab/for-next
Already up to date.
Merging random/master (40b421fd7956 prandom: Include <linux/percpu.h> in <linux/prandom.h>)
$ git merge -m Merge branch 'master' of git://git.kernel.org/pub/scm/linux/kernel/git/crng/random.git random/master
Merge made by the 'ort' strategy.
 arch/x86/mm/kaslr.c                              | 2 +-
 crypto/testmgr.c                                 | 2 +-
 drivers/gpu/drm/i915/selftests/i915_gem.c        | 2 +-
 drivers/gpu/drm/i915/selftests/i915_random.h     | 2 +-
 drivers/gpu/drm/i915/selftests/scatterlist.c     | 2 +-
 drivers/gpu/drm/lib/drm_random.h                 | 2 +-
 drivers/media/test-drivers/vivid/vivid-vid-cap.c | 1 +
 drivers/mtd/tests/oobtest.c                      | 2 +-
 drivers/mtd/tests/pagetest.c                     | 2 +-
 drivers/mtd/tests/subpagetest.c                  | 2 +-
 fs/crypto/keyring.c                              | 1 +
 include/linux/prandom.h                          | 1 +
 include/linux/random.h                           | 7 -------
 include/scsi/libfcoe.h                           | 2 +-
 kernel/bpf/core.c                                | 2 +-
 lib/interval_tree_test.c                         | 2 +-
 lib/kunit/string-stream-test.c                   | 1 +
 lib/random32.c                                   | 2 +-
 lib/rbtree_test.c                                | 2 +-
 lib/test_bpf.c                                   | 2 +-
 lib/test_parman.c                                | 2 +-
 lib/test_scanf.c                                 | 2 +-
 net/sched/sch_netem.c                            | 1 +
 23 files changed, 22 insertions(+), 24 deletions(-)
$ git am -3 ../patches/0001-fix-up-for-random-Do-not-include-linux-prandom.h-in-.patch
Applying: fix up for "random: Do not include <linux/prandom.h> in <linux/random.h>"
$ git reset HEAD^
Unstaged changes after reset:
M	drivers/gpu/drm/xe/tests/xe_bo.c
$ git add -A .
$ git commit -v -a --amend
[master eb63b098071f] Merge branch 'master' of git://git.kernel.org/pub/scm/linux/kernel/git/crng/random.git
 Date: Tue Oct 1 13:09:46 2024 +1000
Merging landlock/next (e1b061b444fb Merge tag 'landlock-6.12-rc1' of git://git.kernel.org/pub/scm/linux/kernel/git/mic/linux)
$ git merge -m Merge branch 'next' of git://git.kernel.org/pub/scm/linux/kernel/git/mic/linux.git landlock/next
Already up to date.
Merging rust/rust-next (9852d85ec9d4 Linux 6.12-rc1)
$ git merge -m Merge branch 'rust-next' of https://github.com/Rust-for-Linux/linux.git rust/rust-next
Already up to date.
Merging sysctl/sysctl-next (732b47db1d6c MAINTAINERS: update email for Joel Granados)
$ git merge -m Merge branch 'sysctl-next' of git://git.kernel.org/pub/scm/linux/kernel/git/sysctl/sysctl.git sysctl/sysctl-next
Already up to date.
Merging execve/for-next/execve (44f65d900698 binfmt_elf: mseal address zero)
$ git merge -m Merge branch 'for-next/execve' of git://git.kernel.org/pub/scm/linux/kernel/git/kees/linux.git execve/for-next/execve
Already up to date.
Merging bitmap/bitmap-for-next (d7bcc37436c7 lib/test_bits.c: Add tests for GENMASK_U128())
$ git merge -m Merge branch 'bitmap-for-next' of https://github.com/norov/linux.git bitmap/bitmap-for-next
Already up to date.
Merging hte/for-next (9e4259716f60 hte: tegra-194: add missing MODULE_DESCRIPTION() macro)
$ git merge -m Merge branch 'for-next' of git://git.kernel.org/pub/scm/linux/kernel/git/pateldipen1984/linux.git hte/for-next
Already up to date.
Merging kspp/for-next/kspp (c00ac1f9fd7b Merge branches 'for-linus/hardening' and 'for-next/hardening' into for-next/kspp)
$ git merge -m Merge branch 'for-next/kspp' of git://git.kernel.org/pub/scm/linux/kernel/git/kees/linux.git kspp/for-next/kspp
Merge made by the 'ort' strategy.
Merging kspp-gustavo/for-next/kspp (6613476e225e Linux 6.8-rc1)
$ git merge -m Merge branch 'for-next/kspp' of git://git.kernel.org/pub/scm/linux/kernel/git/gustavoars/linux.git kspp-gustavo/for-next/kspp
Already up to date.
Merging nolibc/nolibc (9852d85ec9d4 Linux 6.12-rc1)
$ git merge -m Merge branch 'nolibc' of git://git.kernel.org/pub/scm/linux/kernel/git/shuah/linux-kselftest.git nolibc/nolibc
Already up to date.
Merging tsm/tsm-next (f4738f56d1dc virt: tdx-guest: Add Quote generation support using TSM_REPORTS)
$ git merge -m Merge branch 'tsm-next' of git://git.kernel.org/pub/scm/linux/kernel/git/djbw/linux tsm/tsm-next
Already up to date.
Merging iommufd/for-next (79805c1bbbf9 iommu: Set iommu_attach_handle->domain in core)
$ git merge -m Merge branch 'for-next' of git://git.kernel.org/pub/scm/linux/kernel/git/jgg/iommufd.git iommufd/for-next
Already up to date.
Merging turbostat/next (a119348cb685 tools/power turbostat: Honor --show CPU, even when even when num_cpus=1)
$ git merge -m Merge branch 'next' of git://git.kernel.org/pub/scm/linux/kernel/git/lenb/linux.git turbostat/next
Merge made by the 'ort' strategy.
 tools/power/x86/turbostat/turbostat.8 |  25 +++++++
 tools/power/x86/turbostat/turbostat.c | 133 ++++++++++++++++++++++++++++------
 2 files changed, 137 insertions(+), 21 deletions(-)
Merging pwrseq/pwrseq/for-next (9852d85ec9d4 Linux 6.12-rc1)
$ git merge -m Merge branch 'pwrseq/for-next' of git://git.kernel.org/pub/scm/linux/kernel/git/brgl/linux.git pwrseq/pwrseq/for-next
Already up to date.
Merging header_cleanup/header_cleanup (5f4c01f1e3c7 spinlock: Fix failing build for PREEMPT_RT)
$ git merge -m Merge branch 'header_cleanup' of git://evilpiepirate.org/bcachefs.git header_cleanup/header_cleanup
Already up to date.
$ git am -3 ../patches/0001-fix-up-for-NLM-NFSD-Fix-lock-notifications-for-async.patch
Applying: fix up for "NLM/NFSD: Fix lock notifications for async-capable filesystems'
